Archive member included because of file (symbol)

contiki-sky.a(serial-shell.o)
                              collect-view-shell.co (serial_shell_init)
contiki-sky.a(shell.o)        contiki-sky.a(serial-shell.o) (shell_input)
contiki-sky.a(shell-reboot.o)
                              collect-view-shell.co (shell_reboot_init)
contiki-sky.a(shell-blink.o)  collect-view-shell.co (shell_blink_init)
contiki-sky.a(shell-text.o)   collect-view-shell.co (shell_text_init)
contiki-sky.a(shell-time.o)   collect-view-shell.co (shell_time_init)
contiki-sky.a(shell-powertrac)
                              collect-view-shell.co (shell_powertrace_init)
contiki-sky.a(shell-rime.o)   collect-view-shell.co (shell_rime_init)
contiki-sky.a(shell-rime-netc)
                              collect-view-shell.co (shell_rime_netcmd_init)
contiki-sky.a(shell-collect-v)
                              collect-view-shell.co (shell_collect_view_init)
contiki-sky.a(shell-sky.o)    collect-view-shell.co (shell_sky_init)
contiki-sky.a(contiki-sky-pla)
                              obj_sky/contiki-sky-main.o (init_platform)
contiki-sky.a(sht11-sensor.o)
                              contiki-sky.a(shell-sky.o) (sht11_sensor)
contiki-sky.a(light-sensor.o)
                              contiki-sky.a(shell-sky.o) (light_sensor)
contiki-sky.a(battery-sensor.)
                              contiki-sky.a(shell-sky.o) (battery_sensor)
contiki-sky.a(button-sensor.o)
                              contiki-sky.a(contiki-sky-pla) (button_sensor)
contiki-sky.a(ds2411.o)       obj_sky/contiki-sky-main.o (ds2411_init)
contiki-sky.a(xmem.o)         obj_sky/contiki-sky-main.o (xmem_init)
contiki-sky.a(node-id.o)      obj_sky/contiki-sky-main.o (node_id_restore)
contiki-sky.a(sensors.o)      contiki-sky.a(button-sensor.o) (sensors_changed)
contiki-sky.a(cc2420.o)       contiki-sky.a(shell-sky.o) (cc2420_on)
contiki-sky.a(cc2420-arch.o)  contiki-sky.a(cc2420.o) (cc2420_arch_init)
contiki-sky.a(sky-sensors.o)  contiki-sky.a(light-sensor.o) (sky_sensors_status)
contiki-sky.a(uart1.o)        obj_sky/contiki-sky-main.o (uart1_active)
contiki-sky.a(uart1-putchar.o)
                              obj_sky/contiki-sky-main.o (putchar)
contiki-sky.a(crc16.o)        contiki-sky.a(shell-rime.o) (crc16_data)
contiki-sky.a(msp430.o)       contiki-sky.a(uart1.o) (msp430_add_lpm_req)
contiki-sky.a(clock.o)        contiki-sky.a(shell-time.o) (clock_time)
contiki-sky.a(leds.o)         obj_sky/contiki-sky-main.o (leds_init)
contiki-sky.a(leds-arch.o)    contiki-sky.a(leds.o) (leds_arch_init)
contiki-sky.a(watchdog.o)     obj_sky/contiki-sky-main.o (watchdog_start)
contiki-sky.a(rtimer-arch.o)  obj_sky/contiki-sky-main.o (rtimer_arch_now)
contiki-sky.a(autostart.o)    obj_sky/contiki-sky-main.o (autostart_start)
contiki-sky.a(ctimer.o)       obj_sky/contiki-sky-main.o (ctimer_init)
contiki-sky.a(energest.o)     obj_sky/contiki-sky-main.o (energest_init)
contiki-sky.a(etimer.o)       contiki-sky.a(clock.o) (etimer_request_poll)
contiki-sky.a(process.o)      contiki-sky.a(shell.o) (process_current)
contiki-sky.a(rtimer.o)       obj_sky/contiki-sky-main.o (rtimer_init)
contiki-sky.a(timer.o)        obj_sky/contiki-sky-main.o (timer_set)
contiki-sky.a(serial-line.o)  contiki-sky.a(serial-shell.o) (serial_line_event_message)
contiki-sky.a(list.o)         contiki-sky.a(shell.o) (list_init)
contiki-sky.a(random.o)       obj_sky/contiki-sky-main.o (random_init)
contiki-sky.a(ringbuf.o)      contiki-sky.a(serial-line.o) (ringbuf_init)
contiki-sky.a(broadcast-annou)
                              contiki-sky.a(shell-collect-v) (broadcast_announcement_beacon_interval)
contiki-sky.a(broadcast.o)    contiki-sky.a(broadcast-annou) (broadcast_open)
contiki-sky.a(channel.o)      contiki-sky.a(broadcast.o) (channel_set_attributes)
contiki-sky.a(collect.o)      contiki-sky.a(shell-rime.o) (collect_open)
contiki-sky.a(collect-link-es)
                              contiki-sky.a(collect.o) (collect_link_estimate_num_estimates)
contiki-sky.a(collect-neighbo)
                              contiki-sky.a(collect.o) (collect_neighbor_init)
contiki-sky.a(packetqueue.o)  contiki-sky.a(collect.o) (packetqueue_enqueue_packetbuf)
contiki-sky.a(rime.o)         obj_sky/contiki-sky-main.o (rime_driver)
contiki-sky.a(route.o)        contiki-sky.a(shell-rime.o) (route_num)
contiki-sky.a(trickle.o)      contiki-sky.a(shell-rime-netc) (trickle_open)
contiki-sky.a(unicast.o)      contiki-sky.a(collect.o) (unicast_open)
contiki-sky.a(csma.o)         obj_sky/contiki-sky-main.o (csma_driver)
contiki-sky.a(mac.o)          contiki-sky.a(csma.o) (mac_call_sent_callback)
contiki-sky.a(linkaddr.o)     obj_sky/contiki-sky-main.o (linkaddr_copy)
contiki-sky.a(packetbuf.o)    contiki-sky.a(collect.o) (packetbuf_hdrreduce)
contiki-sky.a(queuebuf.o)     contiki-sky.a(rime.o) (queuebuf_init)
contiki-sky.a(contikimac.o)   obj_sky/contiki-sky-main.o (contikimac_driver)
contiki-sky.a(contikimac-fram)
[...]
Memory Configuration

Name             Origin             Length             Attributes
sfr              0x00000000         0x00000010
peripheral_8bit  0x00000010         0x000000f0
peripheral_16bit 0x00000100         0x00000100
ram_mirror       0x00000200         0x00000800         xw
infomem          0x00001000         0x00000100
infob            0x00001000         0x00000080
infoa            0x00001080         0x00000080
ram              0x00001100         0x00002800         xw
rom              0x00004000         0x0000bfe0         xr
vectors          0x0000ffe0         0x00000020
bsl              0x00000000         0x00000000
infoc            0x00000000         0x00000000
infod            0x00000000         0x00000000
ram2             0x00000000         0x00000000         xw
usbram           0x00000000         0x00000000         xw
far_rom          0x00000000         0x00000000
*default*        0x00000000         0xffffffff

Linker script and memory map

LOAD /usr/lib/gcc/msp430/4.6.3/mmpy-16/crt0ivtbl16.o
LOAD collect-view-shell.co
LOAD obj_sky/contiki-sky-main.o
LOAD contiki-sky.a
LOAD /usr/lib/gcc/msp430/4.6.3/mmpy-16/libgcc.a
LOAD /usr/lib/gcc/msp430/4.6.3/../../../../msp430/lib/mmpy-16/libc.a
LOAD /usr/lib/gcc/msp430/4.6.3/mmpy-16/libgcc.a
LOAD /usr/lib/gcc/msp430/4.6.3/mmpy-16/libcrt0.a
                0x00000080                PROVIDE (__info_segment_size, 0x80)
                0x00001000                PROVIDE (__infob, 0x1000)
                0x00001080                PROVIDE (__infoa, 0x1080)
                0x00000000                __IE1 = 0x0
                0x00000002                __IFG1 = 0x2
                0x00000004                __ME1 = 0x4
                0x00000001                __IE2 = 0x1
                0x00000003                __IFG2 = 0x3
                0x00000005                __ME2 = 0x5
                0x00000120                __WDTCTL = 0x120
                0x00000130                __MPY = 0x130
                0x00000132                __MPYS = 0x132
                0x00000134                __MAC = 0x134
                0x00000136                __MACS = 0x136
                0x00000138                __OP2 = 0x138
                0x0000013a                __RESLO = 0x13a
                0x0000013c                __RESHI = 0x13c
                0x0000013e                __SUMEXT = 0x13e
                0x00000020                __P1IN = 0x20
                0x00000021                __P1OUT = 0x21
                0x00000022                __P1DIR = 0x22
                0x00000023                __P1IFG = 0x23
                0x00000024                __P1IES = 0x24
                0x00000025                __P1IE = 0x25
                0x00000026                __P1SEL = 0x26
                0x00000028                __P2IN = 0x28
                0x00000029                __P2OUT = 0x29
                0x0000002a                __P2DIR = 0x2a
                0x0000002b                __P2IFG = 0x2b
                0x0000002c                __P2IES = 0x2c
                0x0000002d                __P2IE = 0x2d
                0x0000002e                __P2SEL = 0x2e
                0x00000018                __P3IN = 0x18
                0x00000019                __P3OUT = 0x19
                0x0000001a                __P3DIR = 0x1a
                0x0000001b                __P3SEL = 0x1b
                0x0000001c                __P4IN = 0x1c
                0x0000001d                __P4OUT = 0x1d
                0x0000001e                __P4DIR = 0x1e
                0x0000001f                __P4SEL = 0x1f
                0x00000030                __P5IN = 0x30
                0x00000031                __P5OUT = 0x31
                0x00000032                __P5DIR = 0x32
                0x00000033                __P5SEL = 0x33
                0x00000034                __P6IN = 0x34
                0x00000035                __P6OUT = 0x35
                0x00000036                __P6DIR = 0x36
                0x00000037                __P6SEL = 0x37
                0x00000070                __U0CTL = 0x70
                0x00000071                __U0TCTL = 0x71
                0x00000072                __U0RCTL = 0x72
                0x00000073                __U0MCTL = 0x73
                0x00000074                __U0BR0 = 0x74
                0x00000075                __U0BR1 = 0x75
                0x00000076                __U0RXBUF = 0x76
                0x00000077                __U0TXBUF = 0x77
                0x00000078                __U1CTL = 0x78
                0x00000079                __U1TCTL = 0x79
                0x0000007a                __U1RCTL = 0x7a
                0x0000007b                __U1MCTL = 0x7b
                0x0000007c                __U1BR0 = 0x7c
                0x0000007d                __U1BR1 = 0x7d
                0x0000007e                __U1RXBUF = 0x7e
                0x0000007f                __U1TXBUF = 0x7f
                0x00000050                __I2CIE = 0x50
                0x00000051                __I2CIFG = 0x51
                0x00000052                __I2CNDAT = 0x52
                0x00000071                __I2CTCTL = 0x71
                0x00000072                __I2CDCTL = 0x72
                0x00000073                __I2CPSC = 0x73
                0x00000074                __I2CSCLH = 0x74
                0x00000075                __I2CSCLL = 0x75
                0x00000076                __I2CDRB = 0x76
                0x00000076                __I2CDRW = 0x76
                0x00000118                __I2COA = 0x118
                0x0000011a                __I2CSA = 0x11a
                0x0000011c                __I2CIV = 0x11c
                0x0000012e                __TAIV = 0x12e
                0x00000160                __TACTL = 0x160
                0x00000162                __TACCTL0 = 0x162
                0x00000164                __TACCTL1 = 0x164
                0x00000166                __TACCTL2 = 0x166
                0x00000170                __TAR = 0x170
                0x00000172                __TACCR0 = 0x172
                0x00000174                __TACCR1 = 0x174
                0x00000176                __TACCR2 = 0x176
                0x0000011e                __TBIV = 0x11e
                0x00000180                __TBCTL = 0x180
                0x00000182                __TBCCTL0 = 0x182
                0x00000184                __TBCCTL1 = 0x184
                0x00000186                __TBCCTL2 = 0x186
                0x00000188                __TBCCTL3 = 0x188
                0x0000018a                __TBCCTL4 = 0x18a
                0x0000018c                __TBCCTL5 = 0x18c
                0x0000018e                __TBCCTL6 = 0x18e
                0x00000190                __TBR = 0x190
                0x00000192                __TBCCR0 = 0x192
                0x00000194                __TBCCR1 = 0x194
                0x00000196                __TBCCR2 = 0x196
                0x00000198                __TBCCR3 = 0x198
                0x0000019a                __TBCCR4 = 0x19a
                0x0000019c                __TBCCR5 = 0x19c
                0x0000019e                __TBCCR6 = 0x19e
                0x00000056                __DCOCTL = 0x56
                0x00000057                __BCSCTL1 = 0x57
                0x00000058                __BCSCTL2 = 0x58
                0x00000055                __SVSCTL = 0x55
                0x00000128                __FCTL1 = 0x128
                0x0000012a                __FCTL2 = 0x12a
                0x0000012c                __FCTL3 = 0x12c
                0x00000059                __CACTL1 = 0x59
                0x0000005a                __CACTL2 = 0x5a
                0x0000005b                __CAPD = 0x5b
                0x000001a0                __ADC12CTL0 = 0x1a0
                0x000001a2                __ADC12CTL1 = 0x1a2
                0x000001a4                __ADC12IFG = 0x1a4
                0x000001a6                __ADC12IE = 0x1a6
                0x000001a8                __ADC12IV = 0x1a8
                0x00000140                __ADC12MEM0 = 0x140
                0x00000142                __ADC12MEM1 = 0x142
                0x00000144                __ADC12MEM2 = 0x144
                0x00000146                __ADC12MEM3 = 0x146
                0x00000148                __ADC12MEM4 = 0x148
                0x0000014a                __ADC12MEM5 = 0x14a
                0x0000014c                __ADC12MEM6 = 0x14c
                0x0000014e                __ADC12MEM7 = 0x14e
                0x00000150                __ADC12MEM8 = 0x150
                0x00000152                __ADC12MEM9 = 0x152
                0x00000154                __ADC12MEM10 = 0x154
                0x00000156                __ADC12MEM11 = 0x156
                0x00000158                __ADC12MEM12 = 0x158
                0x0000015a                __ADC12MEM13 = 0x15a
                0x0000015c                __ADC12MEM14 = 0x15c
                0x0000015e                __ADC12MEM15 = 0x15e
                0x00000080                __ADC12MCTL0 = 0x80
                0x00000081                __ADC12MCTL1 = 0x81
                0x00000082                __ADC12MCTL2 = 0x82
                0x00000083                __ADC12MCTL3 = 0x83
                0x00000084                __ADC12MCTL4 = 0x84
                0x00000085                __ADC12MCTL5 = 0x85
                0x00000086                __ADC12MCTL6 = 0x86
                0x00000087                __ADC12MCTL7 = 0x87
                0x00000088                __ADC12MCTL8 = 0x88
                0x00000089                __ADC12MCTL9 = 0x89
                0x0000008a                __ADC12MCTL10 = 0x8a
                0x0000008b                __ADC12MCTL11 = 0x8b
                0x0000008c                __ADC12MCTL12 = 0x8c
                0x0000008d                __ADC12MCTL13 = 0x8d
                0x0000008e                __ADC12MCTL14 = 0x8e
                0x0000008f                __ADC12MCTL15 = 0x8f
                0x000001c0                __DAC12_0CTL = 0x1c0
                0x000001c2                __DAC12_1CTL = 0x1c2
                0x000001c8                __DAC12_0DAT = 0x1c8
                0x000001ca                __DAC12_1DAT = 0x1ca
                0x00000122                __DMACTL0 = 0x122
                0x00000124                __DMACTL1 = 0x124
                0x000001e0                __DMA0CTL = 0x1e0
                0x000001e8                __DMA1CTL = 0x1e8
                0x000001f0                __DMA2CTL = 0x1f0
                0x000001e2                __DMA0SA = 0x1e2
                0x000001e4                __DMA0DA = 0x1e4
                0x000001e6                __DMA0SZ = 0x1e6
                0x000001ea                __DMA1SA = 0x1ea
                0x000001ec                __DMA1DA = 0x1ec
                0x000001ee                __DMA1SZ = 0x1ee
                0x000001f2                __DMA2SA = 0x1f2
                0x000001f4                __DMA2DA = 0x1f4
                0x000001f6                __DMA2SZ = 0x1f6

.hash
 *(.hash)

.dynsym
 *(.dynsym)

.dynstr
 *(.dynstr)

.gnu.version
 *(.gnu.version)

.gnu.version_d
 *(.gnu.version_d)

.gnu.version_r
 *(.gnu.version_r)

.rel.init
 *(.rel.init)

.rela.init
 *(.rela.init)

.rel.fini
 *(.rel.fini)

.rela.fini
 *(.rela.fini)

.rel.text
 *(.rel.text .rel.text.* .rel.gnu.linkonce.t.*)

.rela.text
 *(.rela.text .rela.text.* .rela.gnu.linkonce.t.*)

.rel.rodata
 *(.rel.rodata .rel.rodata.* .rel.gnu.linkonce.r.*)

.rela.rodata
 *(.rela.rodata .rela.rodata.* .rela.gnu.linkonce.r.*)

.rel.data
 *(.rel.data .rel.data.* .rel.gnu.linkonce.d.*)

.rela.data
 *(.rela.data .rela.data.* .rela.gnu.linkonce.d.*)

.rel.bss
 *(.rel.bss .rel.bss.* .rel.gnu.linkonce.b.*)

.rela.bss
 *(.rela.bss .rela.bss.* .rela.gnu.linkonce.b.*)

.rel.ctors
 *(.rel.ctors)

.rela.ctors
 *(.rela.ctors)

.rel.dtors
 *(.rel.dtors)

.rela.dtors
 *(.rela.dtors)

.rel.got
 *(.rel.got)

.rela.got
 *(.rela.got)

.rel.plt
 *(.rel.plt)

.rela.plt
 *(.rela.plt)

.text           0x00004000     0x9b2c
                0x00004000                . = ALIGN (0x2)
 *(.init .init.*)
 *(.init0)
 .init0         0x00004000        0x0 /usr/lib/gcc/msp430/4.6.3/mmpy-16/libcrt0.a(_reset_vector__.o)
                0x00004000                _reset_vector__
 *(.init1)
 .init1         0x00004000        0xc /usr/lib/gcc/msp430/4.6.3/mmpy-16/libcrt0.a(__watchdog_support.o)
                0x00004000                __watchdog_support
 *(.init2)
 .init2         0x0000400c        0x4 /usr/lib/gcc/msp430/4.6.3/mmpy-16/libcrt0.a(__init_stack.o)
                0x0000400c                __init_stack
 *(.init3)
 .init3         0x00004010        0x0 /usr/lib/gcc/msp430/4.6.3/mmpy-16/libcrt0.a(__low_level_init.o)
                0x00004010                __low_level_init
 *(.init4)
 .init4         0x00004010       0x18 /usr/lib/gcc/msp430/4.6.3/mmpy-16/libcrt0.a(_copy_data.o)
                0x00004010                __do_copy_data
 .init4         0x00004028       0x16 /usr/lib/gcc/msp430/4.6.3/mmpy-16/libcrt0.a(_clear_bss.o)
                0x00004028                __do_clear_bss
 *(.init5)
 *(.init6)
 *(.init7)
 *(.init8)
 *(.init9)
 .init9         0x0000403e      0x2da obj_sky/contiki-sky-main.o
                0x0000403e                main
 *(.fini9)
 .fini9         0x00004318        0x0 /usr/lib/gcc/msp430/4.6.3/mmpy-16/libcrt0.a(__stop_progExec__.o)
                0x00004318                __stop_progExec__
 *(.fini8)
 *(.fini7)
 *(.fini6)
 *(.fini5)
 *(.fini4)
 *(.fini3)
 *(.fini2)
 *(.fini1)
 *(.fini0)
 .fini0         0x00004318        0x6 /usr/lib/gcc/msp430/4.6.3/mmpy-16/libcrt0.a(_endless_loop__.o)
                0x00004318                _endless_loop__
 *(.fini .fini.*)
                0x0000431e                . = ALIGN (0x2)
                0x0000431e                __ctors_start = .
 *(.ctors)
                0x0000431e                __ctors_end = .
                0x0000431e                __dtors_start = .
 *(.dtors)
                0x0000431e                __dtors_end = .
                0x0000431e                . = ALIGN (0x2)
 *(.text .text.* .gnu.linkonce.t.*)
 .text          0x0000431e        0x4 /usr/lib/gcc/msp430/4.6.3/mmpy-16/crt0ivtbl16.o
                0x0000431e                __isr_14
                0x0000431e                __isr_11
                0x0000431e                __isr_2
                0x0000431e                __isr_7
                0x0000431e                __isr_0
                0x0000431e                __isr_8
                0x0000431e                __isr_3
                0x0000431e                __isr_12
                0x0000431e                __isr_13
                0x0000431e                __isr_9
 .text.process_thread_collect_view_shell_process
                0x00004322       0x3e collect-view-shell.co
 .text.process_thread_serial_shell_process
                0x00004360       0x4e contiki-sky.a(serial-shell.o)
 .text.shell_default_output
                0x000043ae       0x66 contiki-sky.a(serial-shell.o)
                0x000043ae                shell_default_output
 .text.shell_prompt
                0x00004414       0x1a contiki-sky.a(serial-shell.o)
                0x00004414                shell_prompt
 .text.shell_exit
                0x0000442e        0x2 contiki-sky.a(serial-shell.o)
                0x0000442e                shell_exit
 .text.serial_shell_init
                0x00004430        0xc contiki-sky.a(serial-shell.o)
                0x00004430                serial_shell_init
 .text.process_thread_shell_null_process
                0x0000443c       0x40 contiki-sky.a(shell.o)
 .text.process_thread_shell_exit_process
                0x0000447c       0x1a contiki-sky.a(shell.o)
 .text.shell_input
                0x00004496       0x5a contiki-sky.a(shell.o)
                0x00004496                shell_input
 .text.shell_output_str
                0x000044f0       0x9a contiki-sky.a(shell.o)
                0x000044f0                shell_output_str
 .text.command_kill
                0x0000458a       0x24 contiki-sky.a(shell.o)
 .text.killall  0x000045ae       0x30 contiki-sky.a(shell.o)
 .text.process_thread_shell_killall_process
                0x000045de       0x1a contiki-sky.a(shell.o)
 .text.process_thread_shell_kill_process
                0x000045f8       0x88 contiki-sky.a(shell.o)
 .text.process_thread_help_command_process
                0x00004680       0x4c contiki-sky.a(shell.o)
 .text.start_command
                0x000046cc      0x190 contiki-sky.a(shell.o)
 .text.shell_start_command
                0x0000485c       0x4c contiki-sky.a(shell.o)
                0x0000485c                shell_start_command
 .text.process_thread_shell_process
                0x000048a8       0xb4 contiki-sky.a(shell.o)
 .text.shell_output
                0x0000495c       0x68 contiki-sky.a(shell.o)
                0x0000495c                shell_output
 .text.shell_register_command
                0x000049c4       0x62 contiki-sky.a(shell.o)
                0x000049c4                shell_register_command
 .text.shell_init
                0x00004a26       0x68 contiki-sky.a(shell.o)
                0x00004a26                shell_init
 .text.shell_strtolong
                0x00004a8e       0x9c contiki-sky.a(shell.o)
                0x00004a8e                shell_strtolong
 .text.shell_time
                0x00004b2a        0xe contiki-sky.a(shell.o)
                0x00004b2a                shell_time
 .text.shell_set_time
                0x00004b38       0x22 contiki-sky.a(shell.o)
                0x00004b38                shell_set_time
 .text.process_thread_shell_server_process
                0x00004b5a       0xc0 contiki-sky.a(shell.o)
 .text.process_thread_shell_reboot_process
                0x00004c1a       0xde contiki-sky.a(shell-reboot.o)
 .text.shell_reboot_init
                0x00004cf8        0xa contiki-sky.a(shell-reboot.o)
                0x00004cf8                shell_reboot_init
 .text.process_thread_shell_blink_process
                0x00004d02      0x168 contiki-sky.a(shell-blink.o)
 .text.shell_blink_init
                0x00004e6a        0xa contiki-sky.a(shell-blink.o)
                0x00004e6a                shell_blink_init
 .text.process_thread_shell_hd_process
                0x00004e74      0x16e contiki-sky.a(shell-text.o)
 .text.process_thread_shell_binprint_process
                0x00004fe2      0x194 contiki-sky.a(shell-text.o)
 .text.process_thread_shell_echo_process
                0x00005176       0x3c contiki-sky.a(shell-text.o)
 .text.process_thread_shell_size_process
                0x000051b2       0xaa contiki-sky.a(shell-text.o)
 .text.shell_text_init
                0x0000525c       0x22 contiki-sky.a(shell-text.o)
                0x0000525c                shell_text_init
 .text.repeat_print_usage
                0x0000527e       0x12 contiki-sky.a(shell-time.o)
 .text.process_thread_shell_randwait_process
                0x00005290      0x122 contiki-sky.a(shell-time.o)
 .text.process_thread_shell_repeat_server_process
                0x000053b2       0x9c contiki-sky.a(shell-time.o)
 .text.process_thread_shell_repeat_process
                0x0000544e      0x142 contiki-sky.a(shell-time.o)
 .text.process_thread_shell_timestamp_process
                0x00005590       0xb4 contiki-sky.a(shell-time.o)
 .text.process_thread_shell_time_process
                0x00005644       0x7e contiki-sky.a(shell-time.o)
 .text.shell_time_init
                0x000056c2       0x22 contiki-sky.a(shell-time.o)
                0x000056c2                shell_time_init
 .text.process_thread_shell_powertrace_process
                0x000056e4       0x94 contiki-sky.a(shell-powertrac)
 .text.shell_powertrace_init
                0x00005778       0x10 contiki-sky.a(shell-powertrac)
                0x00005778                shell_powertrace_init
 .text.process_thread_shell_packetize_process
                0x00005788       0xe4 contiki-sky.a(shell-rime.o)
 .text.process_thread_shell_routes_process
                0x0000586c       0x90 contiki-sky.a(shell-rime.o)
 .text.process_thread_shell_collect_process
                0x000058fc       0x48 contiki-sky.a(shell-rime.o)
 .text.process_thread_shell_mac_process
                0x00005944       0x6e contiki-sky.a(shell-rime.o)
 .text.process_thread_shell_send_process
                0x000059b2       0xcc contiki-sky.a(shell-rime.o)
 .text.recv_collect
                0x00005a7e       0xb4 contiki-sky.a(shell-rime.o)
 .text.shell_rime_init
                0x00005b32       0x4a contiki-sky.a(shell-rime.o)
                0x00005b32                shell_rime_init
 .text.process_thread_shell_netcmd_server_process
                0x00005b7c       0x82 contiki-sky.a(shell-rime-netc)
 .text.process_thread_shell_netcmd_process
                0x00005bfe       0xc4 contiki-sky.a(shell-rime-netc)
 .text.recv_trickle
                0x00005cc2       0x4e contiki-sky.a(shell-rime-netc)
 .text.shell_rime_netcmd_init
                0x00005d10       0x22 contiki-sky.a(shell-rime-netc)
                0x00005d10                shell_rime_netcmd_init
 .text.process_thread_collect_view_data_process
                0x00005d32       0x8e contiki-sky.a(shell-collect-v)
 .text.shell_collect_view_init
                0x00005dc0        0xa contiki-sky.a(shell-collect-v)
                0x00005dc0                shell_collect_view_init
 .text.process_thread_shell_rfchannel_process
                0x00005dca       0x5e contiki-sky.a(shell-sky.o)
 .text.process_thread_shell_txpower_process
                0x00005e28       0x5e contiki-sky.a(shell-sky.o)
 .text.process_thread_shell_senseconv_process
                0x00005e86      0x21e contiki-sky.a(shell-sky.o)
 .text.do_rssi  0x000060a4       0xaa contiki-sky.a(shell-sky.o)
 .text.process_thread_shell_sense_process
                0x0000614e       0xd6 contiki-sky.a(shell-sky.o)
 .text.process_thread_shell_nodeid_process
                0x00006224       0x8a contiki-sky.a(shell-sky.o)
 .text.shell_sky_init
                0x000062ae       0x2a contiki-sky.a(shell-sky.o)
                0x000062ae                shell_sky_init
 .text.init_platform
                0x000062d8        0xc contiki-sky.a(contiki-sky-pla)
                0x000062d8                init_platform
 .text.status   0x000062e4       0x18 contiki-sky.a(sht11-sensor.o)
 .text.configure
                0x000062fc       0x40 contiki-sky.a(sht11-sensor.o)
 .text.value    0x0000633c       0x2e contiki-sky.a(sht11-sensor.o)
 .text.value    0x0000636a       0x1a contiki-sky.a(light-sensor.o)
 .text.status   0x00006384        0xc contiki-sky.a(light-sensor.o)
 .text.configure
                0x00006390       0x10 contiki-sky.a(light-sensor.o)
 .text.value    0x000063a0        0x6 contiki-sky.a(battery-sensor.)
 .text.status   0x000063a6        0xc contiki-sky.a(battery-sensor.)
 .text.configure
                0x000063b2       0x12 contiki-sky.a(battery-sensor.)
 .text.status   0x000063c4       0x16 contiki-sky.a(button-sensor.o)
 .text.configure
                0x000063da       0x52 contiki-sky.a(button-sensor.o)
 .text.value    0x0000642c       0x22 contiki-sky.a(button-sensor.o)
 .text.irq_p2   0x0000644e       0x8a contiki-sky.a(button-sensor.o)
                0x0000644e                irq_p2
                0x0000644e                __isr_1
 .text.owreadb  0x000064d8       0x52 contiki-sky.a(ds2411.o)
 .text.ds2411_init
                0x0000652a      0x122 contiki-sky.a(ds2411.o)
                0x0000652a                ds2411_init
 .text.write_enable
                0x0000664c       0x2a contiki-sky.a(xmem.o)
 .text.wait_ready
                0x00006676       0x50 contiki-sky.a(xmem.o)
 .text.xmem_init
                0x000066c6       0x3e contiki-sky.a(xmem.o)
                0x000066c6                xmem_init
 .text.xmem_pread
                0x00006704       0xea contiki-sky.a(xmem.o)
                0x00006704                xmem_pread
 .text.xmem_pwrite
                0x000067ee      0x150 contiki-sky.a(xmem.o)
                0x000067ee                xmem_pwrite
 .text.xmem_erase
                0x0000693e       0xae contiki-sky.a(xmem.o)
                0x0000693e                xmem_erase
 .text.node_id_restore
                0x000069ec       0x38 contiki-sky.a(node-id.o)
                0x000069ec                node_id_restore
 .text.node_id_burn
                0x00006a24       0x36 contiki-sky.a(node-id.o)
                0x00006a24                node_id_burn
 .text.process_thread_sensors_process
                0x00006a5a       0xbe contiki-sky.a(sensors.o)
 .text.sensors_changed
                0x00006b18       0x2a contiki-sky.a(sensors.o)
                0x00006b18                sensors_changed
 .text.get_object
                0x00006b42        0x4 contiki-sky.a(cc2420.o)
 .text.set_object
                0x00006b46        0x4 contiki-sky.a(cc2420.o)
 .text.strobe   0x00006b4a       0x20 contiki-sky.a(cc2420.o)
 .text.getreg   0x00006b6a       0x54 contiki-sky.a(cc2420.o)
 .text.setreg   0x00006bbe       0x52 contiki-sky.a(cc2420.o)
 .text.write_ram
                0x00006c10       0x80 contiki-sky.a(cc2420.o)
 .text.write_fifo_buf
                0x00006c90       0x40 contiki-sky.a(cc2420.o)
 .text.get_status
                0x00006cd0       0x24 contiki-sky.a(cc2420.o)
 .text.set_txpower
                0x00006cf4       0x26 contiki-sky.a(cc2420.o)
 .text.cc2420_receiving_packet
                0x00006d1a        0xe contiki-sky.a(cc2420.o)
 .text.pending_packet
                0x00006d28        0x8 contiki-sky.a(cc2420.o)
 .text.on       0x00006d30       0x26 contiki-sky.a(cc2420.o)
 .text.wait_for_transmission
                0x00006d56       0x22 contiki-sky.a(cc2420.o)
 .text.wait_for_status
                0x00006d78       0x2a contiki-sky.a(cc2420.o)
 .text.getrxdata
                0x00006da2       0x56 contiki-sky.a(cc2420.o)
 .text.flushrx  0x00006df8       0x1a contiki-sky.a(cc2420.o)
 .text.off      0x00006e12       0x62 contiki-sky.a(cc2420.o)
 .text.RELEASE_LOCK
                0x00006e74       0x28 contiki-sky.a(cc2420.o)
 .text.set_key  0x00006e9c       0x18 contiki-sky.a(cc2420.o)
 .text.set_frame_filtering
                0x00006eb4       0x30 contiki-sky.a(cc2420.o)
 .text.set_auto_ack
                0x00006ee4       0x30 contiki-sky.a(cc2420.o)
 .text.set_poll_mode
                0x00006f14       0x36 contiki-sky.a(cc2420.o)
 .text.cc2420_prepare
                0x00006f4a       0x3c contiki-sky.a(cc2420.o)
 .text.cc2420_on
                0x00006f86       0x22 contiki-sky.a(cc2420.o)
                0x00006f86                cc2420_on
 .text.cc2420_off
                0x00006fa8       0x30 contiki-sky.a(cc2420.o)
                0x00006fa8                cc2420_off
 .text.cc2420_cca
                0x00006fd8       0x5e contiki-sky.a(cc2420.o)
 .text.cc2420_read
                0x00007036       0xc0 contiki-sky.a(cc2420.o)
 .text.process_thread_cc2420_process
                0x000070f6       0x58 contiki-sky.a(cc2420.o)
 .text.encrypt  0x0000714e       0x8e contiki-sky.a(cc2420.o)
 .text.cc2420_get_channel
                0x000071dc        0x6 contiki-sky.a(cc2420.o)
                0x000071dc                cc2420_get_channel
 .text.cc2420_set_channel
                0x000071e2       0x3c contiki-sky.a(cc2420.o)
                0x000071e2                cc2420_set_channel
 .text.cc2420_set_pan_addr
                0x0000721e       0x4c contiki-sky.a(cc2420.o)
                0x0000721e                cc2420_set_pan_addr
 .text.cc2420_interrupt
                0x0000726a       0x18 contiki-sky.a(cc2420.o)
                0x0000726a                cc2420_interrupt
 .text.cc2420_set_txpower
                0x00007282        0xe contiki-sky.a(cc2420.o)
                0x00007282                cc2420_set_txpower
 .text.cc2420_get_txpower
                0x00007290       0x1e contiki-sky.a(cc2420.o)
                0x00007290                cc2420_get_txpower
 .text.cc2420_transmit
                0x000072ae      0x134 contiki-sky.a(cc2420.o)
 .text.cc2420_send
                0x000073e2       0x12 contiki-sky.a(cc2420.o)
 .text.cc2420_rssi
                0x000073f4       0x4c contiki-sky.a(cc2420.o)
                0x000073f4                cc2420_rssi
 .text.get_value
                0x00007440      0x108 contiki-sky.a(cc2420.o)
 .text.cc2420_set_cca_threshold
                0x00007548       0x16 contiki-sky.a(cc2420.o)
                0x00007548                cc2420_set_cca_threshold
 .text.set_value
                0x0000755e       0xba contiki-sky.a(cc2420.o)
 .text.cc2420_init
                0x00007618       0xf0 contiki-sky.a(cc2420.o)
                0x00007618                cc2420_init
 .text.cc2420_port1_interrupt
                0x00007708       0x62 contiki-sky.a(cc2420-arch.o)
                0x00007708                __isr_4
                0x00007708                cc2420_port1_interrupt
 .text.cc2420_arch_init
                0x0000776a       0x1a contiki-sky.a(cc2420-arch.o)
                0x0000776a                cc2420_arch_init
 .text.sky_sensors_status
                0x00007784       0x42 contiki-sky.a(sky-sensors.o)
                0x00007784                sky_sensors_status
 .text.sky_sensors_configure
                0x000077c6       0xfc contiki-sky.a(sky-sensors.o)
                0x000077c6                sky_sensors_configure
 .text.handle_rxdma_timer
                0x000078c2       0x3a contiki-sky.a(uart1.o)
 .text.uart1_active
                0x000078fc       0x1a contiki-sky.a(uart1.o)
                0x000078fc                uart1_active
 .text.uart1_set_input
                0x00007916       0x20 contiki-sky.a(uart1.o)
                0x00007916                uart1_set_input
 .text.uart1_writeb
                0x00007936       0x1a contiki-sky.a(uart1.o)
                0x00007936                uart1_writeb
 .text.uart1_init
                0x00007950       0xf6 contiki-sky.a(uart1.o)
                0x00007950                uart1_init
 .text.putchar  0x00007a46       0x10 contiki-sky.a(uart1-putchar.o)
                0x00007a46                putchar
 .text.crc16_add
                0x00007a56       0x56 contiki-sky.a(crc16.o)
                0x00007a56                crc16_add
 .text.crc16_data
                0x00007aac       0x2a contiki-sky.a(crc16.o)
                0x00007aac                crc16_data
 .text.msp430_init_dco
                0x00007ad6       0x84 contiki-sky.a(msp430.o)
                0x00007ad6                msp430_init_dco
 .text.msp430_add_lpm_req
                0x00007b5a        0xc contiki-sky.a(msp430.o)
                0x00007b5a                msp430_add_lpm_req
 .text.msp430_cpu_init
                0x00007b66       0x2a contiki-sky.a(msp430.o)
                0x00007b66                msp430_cpu_init
 .text.splhigh_
                0x00007b90        0x8 contiki-sky.a(msp430.o)
                0x00007b90                splhigh_
 .text.msp430_sync_dco
                0x00007b98       0x68 contiki-sky.a(msp430.o)
                0x00007b98                msp430_sync_dco
 .text.timera1  0x00007c00      0x11e contiki-sky.a(clock.o)
                0x00007c00                __isr_5
                0x00007c00                timera1
 .text.clock_time
                0x00007d1e       0x1a contiki-sky.a(clock.o)
                0x00007d1e                clock_time
 .text.clock_init
                0x00007d38       0x28 contiki-sky.a(clock.o)
                0x00007d38                clock_init
 .text.clock_delay
                0x00007d60        0xc contiki-sky.a(clock.o)
                0x00007d60                clock_delay
 .text.clock_wait
                0x00007d6c       0x34 contiki-sky.a(clock.o)
                0x00007d6c                clock_wait
 .text.clock_seconds
                0x00007da0       0x1a contiki-sky.a(clock.o)
                0x00007da0                clock_seconds
 .text.show_leds
                0x00007dba       0xf6 contiki-sky.a(leds.o)
 .text.leds_init
                0x00007eb0        0xa contiki-sky.a(leds.o)
                0x00007eb0                leds_init
 .text.leds_on  0x00007eba        0xa contiki-sky.a(leds.o)
                0x00007eba                leds_on
 .text.leds_off
                0x00007ec4        0xe contiki-sky.a(leds.o)
                0x00007ec4                leds_off
 .text.leds_toggle
                0x00007ed2        0xa contiki-sky.a(leds.o)
                0x00007ed2                leds_toggle
 .text.leds_arch_init
                0x00007edc        0xe contiki-sky.a(leds-arch.o)
                0x00007edc                leds_arch_init
 .text.leds_arch_set
                0x00007eea       0x3a contiki-sky.a(leds-arch.o)
                0x00007eea                leds_arch_set
 .text.watchdog_interrupt
                0x00007f24        0x6 contiki-sky.a(watchdog.o)
                0x00007f24                __isr_10
                0x00007f24                watchdog_interrupt
 .text.watchdog_start
                0x00007f2a       0x14 contiki-sky.a(watchdog.o)
                0x00007f2a                watchdog_start
 .text.watchdog_periodic
                0x00007f3e       0x12 contiki-sky.a(watchdog.o)
                0x00007f3e                watchdog_periodic
 .text.watchdog_stop
                0x00007f50       0x16 contiki-sky.a(watchdog.o)
                0x00007f50                watchdog_stop
 .text.watchdog_init
                0x00007f66       0x14 contiki-sky.a(watchdog.o)
                0x00007f66                watchdog_init
 .text.watchdog_reboot
                0x00007f7a        0x6 contiki-sky.a(watchdog.o)
                0x00007f7a                watchdog_reboot
 .text.rtimer_arch_init
                0x00007f80        0xe contiki-sky.a(rtimer-arch.o)
                0x00007f80                rtimer_arch_init
 .text.rtimer_arch_now
                0x00007f8e        0xe contiki-sky.a(rtimer-arch.o)
                0x00007f8e                rtimer_arch_now
 .text.timera0  0x00007f9c       0x70 contiki-sky.a(rtimer-arch.o)
                0x00007f9c                __isr_6
                0x00007f9c                timera0
 .text.rtimer_arch_schedule
                0x0000800c        0x6 contiki-sky.a(rtimer-arch.o)
                0x0000800c                rtimer_arch_schedule
 .text.autostart_start
                0x00008012       0x16 contiki-sky.a(autostart.o)
                0x00008012                autostart_start
 .text.process_thread_ctimer_process
                0x00008028       0xa4 contiki-sky.a(ctimer.o)
 .text.ctimer_init
                0x000080cc       0x18 contiki-sky.a(ctimer.o)
                0x000080cc                ctimer_init
 .text.ctimer_set_with_process
                0x000080e4       0x4e contiki-sky.a(ctimer.o)
                0x000080e4                ctimer_set_with_process
 .text.ctimer_set
                0x00008132       0x10 contiki-sky.a(ctimer.o)
                0x00008132                ctimer_set
 .text.ctimer_reset
                0x00008142       0x30 contiki-sky.a(ctimer.o)
                0x00008142                ctimer_reset
 .text.ctimer_stop
                0x00008172       0x28 contiki-sky.a(ctimer.o)
                0x00008172                ctimer_stop
 .text.energest_init
                0x0000819a       0x28 contiki-sky.a(energest.o)
                0x0000819a                energest_init
 .text.energest_type_time
                0x000081c2       0x46 contiki-sky.a(energest.o)
                0x000081c2                energest_type_time
 .text.energest_type_set
                0x00008208        0xe contiki-sky.a(energest.o)
                0x00008208                energest_type_set
 .text.energest_flush
                0x00008216       0x48 contiki-sky.a(energest.o)
                0x00008216                energest_flush
 .text.update_time
                0x0000825e       0x78 contiki-sky.a(etimer.o)
 .text.etimer_request_poll
                0x000082d6        0xa contiki-sky.a(etimer.o)
                0x000082d6                etimer_request_poll
 .text.process_thread_etimer_process
                0x000082e0       0xc8 contiki-sky.a(etimer.o)
 .text.add_timer
                0x000083a8       0x40 contiki-sky.a(etimer.o)
 .text.etimer_set
                0x000083e8       0x12 contiki-sky.a(etimer.o)
                0x000083e8                etimer_set
 .text.etimer_reset
                0x000083fa       0x12 contiki-sky.a(etimer.o)
                0x000083fa                etimer_reset
 .text.etimer_expired
                0x0000840c        0xe contiki-sky.a(etimer.o)
                0x0000840c                etimer_expired
 .text.etimer_pending
                0x0000841a        0xc contiki-sky.a(etimer.o)
                0x0000841a                etimer_pending
 .text.etimer_next_expiration_time
                0x00008426       0x16 contiki-sky.a(etimer.o)
                0x00008426                etimer_next_expiration_time
 .text.etimer_stop
                0x0000843c       0x3c contiki-sky.a(etimer.o)
                0x0000843c                etimer_stop
 .text.call_process
                0x00008478       0x4a contiki-sky.a(process.o)
 .text.exit_process
                0x000084c2       0x96 contiki-sky.a(process.o)
 .text.do_poll  0x00008558       0x30 contiki-sky.a(process.o)
 .text.process_alloc_event
                0x00008588        0xe contiki-sky.a(process.o)
                0x00008588                process_alloc_event
 .text.process_exit
                0x00008596        0xa contiki-sky.a(process.o)
                0x00008596                process_exit
 .text.process_init
                0x000085a0       0x1c contiki-sky.a(process.o)
                0x000085a0                process_init
 .text.process_run
                0x000085bc       0x92 contiki-sky.a(process.o)
                0x000085bc                process_run
 .text.process_nevents
                0x0000864e        0xe contiki-sky.a(process.o)
                0x0000864e                process_nevents
 .text.process_post
                0x0000865c       0x4e contiki-sky.a(process.o)
                0x0000865c                process_post
 .text.process_post_synch
                0x000086aa       0x12 contiki-sky.a(process.o)
                0x000086aa                process_post_synch
 .text.process_start
                0x000086bc       0x32 contiki-sky.a(process.o)
                0x000086bc                process_start
 .text.process_poll
                0x000086ee       0x18 contiki-sky.a(process.o)
                0x000086ee                process_poll
 .text.process_is_running
                0x00008706        0xe contiki-sky.a(process.o)
                0x00008706                process_is_running
 .text.rtimer_init
                0x00008714        0x6 contiki-sky.a(rtimer.o)
                0x00008714                rtimer_init
 .text.rtimer_set
                0x0000871a       0x24 contiki-sky.a(rtimer.o)
                0x0000871a                rtimer_set
 .text.rtimer_run_next
                0x0000873e       0x26 contiki-sky.a(rtimer.o)
                0x0000873e                rtimer_run_next
 .text.timer_set
                0x00008764       0x1c contiki-sky.a(timer.o)
                0x00008764                timer_set
 .text.timer_reset
                0x00008780        0xe contiki-sky.a(timer.o)
                0x00008780                timer_reset
 .text.timer_expired
                0x0000878e       0x2a contiki-sky.a(timer.o)
                0x0000878e                timer_expired
 .text.process_thread_serial_line_process
                0x000087b8       0x9c contiki-sky.a(serial-line.o)
 .text.serial_line_input_byte
                0x00008854       0x4a contiki-sky.a(serial-line.o)
                0x00008854                serial_line_input_byte
 .text.serial_line_init
                0x0000889e       0x1c contiki-sky.a(serial-line.o)
                0x0000889e                serial_line_init
 .text.list_init
                0x000088ba        0x6 contiki-sky.a(list.o)
                0x000088ba                list_init
 .text.list_head
                0x000088c0        0x4 contiki-sky.a(list.o)
                0x000088c0                list_head
 .text.list_tail
                0x000088c4       0x12 contiki-sky.a(list.o)
                0x000088c4                list_tail
 .text.list_remove
                0x000088d6       0x34 contiki-sky.a(list.o)
                0x000088d6                list_remove
 .text.list_push
                0x0000890a       0x1a contiki-sky.a(list.o)
                0x0000890a                list_push
 .text.list_add
                0x00008924       0x2a contiki-sky.a(list.o)
                0x00008924                list_add
 .text.list_length
                0x0000894e       0x10 contiki-sky.a(list.o)
                0x0000894e                list_length
 .text.list_insert
                0x0000895e       0x16 contiki-sky.a(list.o)
                0x0000895e                list_insert
 .text.list_item_next
                0x00008974        0xc contiki-sky.a(list.o)
                0x00008974                list_item_next
 .text.random_init
                0x00008980        0x6 contiki-sky.a(random.o)
                0x00008980                random_init
 .text.random_rand
                0x00008986        0x6 contiki-sky.a(random.o)
                0x00008986                random_rand
 .text.ringbuf_init
                0x0000898c       0x14 contiki-sky.a(ringbuf.o)
                0x0000898c                ringbuf_init
 .text.ringbuf_put
                0x000089a0       0x38 contiki-sky.a(ringbuf.o)
                0x000089a0                ringbuf_put
 .text.ringbuf_get
                0x000089d8       0x34 contiki-sky.a(ringbuf.o)
                0x000089d8                ringbuf_get
 .text.adv_packet_sent
                0x00008a0c        0x2 contiki-sky.a(broadcast-annou)
 .text.adv_packet_received
                0x00008a0e       0x66 contiki-sky.a(broadcast-annou)
 .text.set_timers
                0x00008a74       0x4a contiki-sky.a(broadcast-annou)
 .text.send_timer
                0x00008abe       0x36 contiki-sky.a(broadcast-annou)
 .text.new_announcement
                0x00008af4       0x18 contiki-sky.a(broadcast-annou)
 .text.send_adv
                0x00008b0c       0x66 contiki-sky.a(broadcast-annou)
 .text.broadcast_announcement_init
                0x00008b72       0x48 contiki-sky.a(broadcast-annou)
                0x00008b72                broadcast_announcement_init
 .text.broadcast_announcement_beacon_interval
                0x00008bba        0xa contiki-sky.a(broadcast-annou)
                0x00008bba                broadcast_announcement_beacon_interval
 .text.sent_by_abc
                0x00008bc4       0x10 contiki-sky.a(broadcast.o)
 .text.recv_from_abc
                0x00008bd4       0x26 contiki-sky.a(broadcast.o)
 .text.broadcast_open
                0x00008bfa       0x2a contiki-sky.a(broadcast.o)
                0x00008bfa                broadcast_open
 .text.broadcast_send
                0x00008c24       0x1a contiki-sky.a(broadcast.o)
                0x00008c24                broadcast_send
 .text.channel_init
                0x00008c3e        0xa contiki-sky.a(channel.o)
                0x00008c3e                channel_init
 .text.channel_open
                0x00008c48       0x10 contiki-sky.a(channel.o)
                0x00008c48                channel_open
 .text.channel_lookup
                0x00008c58       0x20 contiki-sky.a(channel.o)
                0x00008c58                channel_lookup
 .text.channel_set_attributes
                0x00008c78       0x24 contiki-sky.a(channel.o)
                0x00008c78                channel_set_attributes
 .text.send_packet
                0x00008c9c       0x3a contiki-sky.a(collect.o)
 .text.enqueue_dummy_packet
                0x00008cd6       0x88 contiki-sky.a(collect.o)
 .text.send_ack
                0x00008d5e       0x78 contiki-sky.a(collect.o)
 .text.send_queued_packet
                0x00008dd6       0xc8 contiki-sky.a(collect.o)
 .text.send_next_packet
                0x00008e9e       0x2c contiki-sky.a(collect.o)
 .text.update_rtmetric
                0x00008eca       0xf8 contiki-sky.a(collect.o)
 .text.received_announcement
                0x00008fc2       0x9c contiki-sky.a(collect.o)
 .text.set_keepalive_timer
                0x0000905e       0x5e contiki-sky.a(collect.o)
 .text.timedout
                0x000090bc       0x38 contiki-sky.a(collect.o)
 .text.retransmit_callback
                0x000090f4       0xcc contiki-sky.a(collect.o)
 .text.retransmit_not_sent_callback
                0x000091c0        0xc contiki-sky.a(collect.o)
 .text.node_packet_sent
                0x000091cc       0x58 contiki-sky.a(collect.o)
 .text.send_keepalive
                0x00009224       0x32 contiki-sky.a(collect.o)
 .text.add_packet_to_recent_packets.part.6
                0x00009256       0x4c contiki-sky.a(collect.o)
 .text.node_packet_received
                0x000092a2      0x2f8 contiki-sky.a(collect.o)
 .text.proactive_probing_callback
                0x0000959a       0xe8 contiki-sky.a(collect.o)
 .text.collect_open
                0x00009682       0xec contiki-sky.a(collect.o)
                0x00009682                collect_open
 .text.collect_set_keepalive
                0x0000976e        0xe contiki-sky.a(collect.o)
                0x0000976e                collect_set_keepalive
 .text.collect_set_sink
                0x0000977c       0x68 contiki-sky.a(collect.o)
                0x0000977c                collect_set_sink
 .text.collect_send
                0x000097e4       0xe8 contiki-sky.a(collect.o)
                0x000097e4                collect_send
 .text.collect_link_estimate_new
                0x000098cc       0x12 contiki-sky.a(collect-link-es)
                0x000098cc                collect_link_estimate_new
 .text.collect_link_estimate_update_tx
                0x000098de       0x9e contiki-sky.a(collect-link-es)
                0x000098de                collect_link_estimate_update_tx
 .text.collect_link_estimate_update_tx_fail
                0x0000997c        0xc contiki-sky.a(collect-link-es)
                0x0000997c                collect_link_estimate_update_tx_fail
 .text.collect_link_estimate
                0x00009988       0x18 contiki-sky.a(collect-link-es)
                0x00009988                collect_link_estimate
 .text.collect_link_estimate_num_estimates
                0x000099a0        0xe contiki-sky.a(collect-link-es)
                0x000099a0                collect_link_estimate_num_estimates
 .text.periodic
                0x000099ae       0x8e contiki-sky.a(collect-neighbo)
 .text.collect_neighbor_init
                0x00009a3c       0x14 contiki-sky.a(collect-neighbo)
                0x00009a3c                collect_neighbor_init
 .text.collect_neighbor_list_new
                0x00009a50       0x32 contiki-sky.a(collect-neighbo)
                0x00009a50                collect_neighbor_list_new
 .text.collect_neighbor_list_find
                0x00009a82       0x3a contiki-sky.a(collect-neighbo)
                0x00009a82                collect_neighbor_list_find
 .text.collect_neighbor_list_add
                0x00009abc       0xaa contiki-sky.a(collect-neighbo)
                0x00009abc                collect_neighbor_list_add
 .text.collect_neighbor_list
                0x00009b66        0xe contiki-sky.a(collect-neighbo)
                0x00009b66                collect_neighbor_list
 .text.collect_neighbor_list_num
                0x00009b74       0x12 contiki-sky.a(collect-neighbo)
                0x00009b74                collect_neighbor_list_num
 .text.collect_neighbor_update_rtmetric
                0x00009b86        0xe contiki-sky.a(collect-neighbo)
                0x00009b86                collect_neighbor_update_rtmetric
 .text.collect_neighbor_tx_fail
                0x00009b94       0x1e contiki-sky.a(collect-neighbo)
                0x00009b94                collect_neighbor_tx_fail
 .text.collect_neighbor_tx
                0x00009bb2       0x1e contiki-sky.a(collect-neighbo)
                0x00009bb2                collect_neighbor_tx
 .text.collect_neighbor_rtmetric_link_estimate
                0x00009bd0       0x1c contiki-sky.a(collect-neighbo)
                0x00009bd0                collect_neighbor_rtmetric_link_estimate
 .text.collect_neighbor_list_best
                0x00009bec       0x4a contiki-sky.a(collect-neighbo)
                0x00009bec                collect_neighbor_list_best
 .text.collect_neighbor_rtmetric
                0x00009c36        0xe contiki-sky.a(collect-neighbo)
                0x00009c36                collect_neighbor_rtmetric
 .text.collect_neighbor_set_congested
                0x00009c44       0x14 contiki-sky.a(collect-neighbo)
                0x00009c44                collect_neighbor_set_congested
 .text.collect_neighbor_is_congested
                0x00009c58       0x18 contiki-sky.a(collect-neighbo)
                0x00009c58                collect_neighbor_is_congested
 .text.collect_neighbor_link_estimate
                0x00009c70       0x30 contiki-sky.a(collect-neighbo)
                0x00009c70                collect_neighbor_link_estimate
 .text.remove_queued_packet
                0x00009ca0       0x36 contiki-sky.a(packetqueue.o)
 .text.packetqueue_enqueue_packetbuf
                0x00009cd6       0x7a contiki-sky.a(packetqueue.o)
                0x00009cd6                packetqueue_enqueue_packetbuf
 .text.packetqueue_first
                0x00009d50        0xa contiki-sky.a(packetqueue.o)
                0x00009d50                packetqueue_first
 .text.packetqueue_dequeue
                0x00009d5a       0x40 contiki-sky.a(packetqueue.o)
                0x00009d5a                packetqueue_dequeue
 .text.packetqueue_len
                0x00009d9a        0xa contiki-sky.a(packetqueue.o)
                0x00009d9a                packetqueue_len
 .text.packetqueue_queuebuf
                0x00009da4        0xe contiki-sky.a(packetqueue.o)
                0x00009da4                packetqueue_queuebuf
 .text.input    0x00009db2       0x3a contiki-sky.a(rime.o)
 .text.init     0x00009dec       0x2e contiki-sky.a(rime.o)
 .text.packet_sent
                0x00009e1a       0x44 contiki-sky.a(rime.o)
 .text.rime_sniffer_add
                0x00009e5e        0xc contiki-sky.a(rime.o)
                0x00009e5e                rime_sniffer_add
 .text.rime_sniffer_remove
                0x00009e6a        0xc contiki-sky.a(rime.o)
                0x00009e6a                rime_sniffer_remove
 .text.rime_output
                0x00009e76       0x24 contiki-sky.a(rime.o)
                0x00009e76                rime_output
 .text.route_num
                0x00009e9a       0x1e contiki-sky.a(route.o)
                0x00009e9a                route_num
 .text.route_get
                0x00009eb8       0x26 contiki-sky.a(route.o)
                0x00009eb8                route_get
 .text.send     0x00009ede       0x1c contiki-sky.a(trickle.o)
 .text.run_trickle
                0x00009efa       0xbe contiki-sky.a(trickle.o)
 .text.timer_callback
                0x00009fb8        0x6 contiki-sky.a(trickle.o)
 .text.recv     0x00009fbe       0x86 contiki-sky.a(trickle.o)
 .text.trickle_open
                0x0000a044       0x44 contiki-sky.a(trickle.o)
                0x0000a044                trickle_open
 .text.trickle_send
                0x0000a088       0x3e contiki-sky.a(trickle.o)
                0x0000a088                trickle_send
 .text.sent_by_broadcast
                0x0000a0c6       0x10 contiki-sky.a(unicast.o)
 .text.recv_from_broadcast
                0x0000a0d6       0x2e contiki-sky.a(unicast.o)
 .text.unicast_open
                0x0000a104       0x2a contiki-sky.a(unicast.o)
                0x0000a104                unicast_open
 .text.unicast_send
                0x0000a12e       0x16 contiki-sky.a(unicast.o)
                0x0000a12e                unicast_send
 .text.input_packet
                0x0000a144        0x6 contiki-sky.a(csma.o)
 .text.on       0x0000a14a        0x6 contiki-sky.a(csma.o)
 .text.off      0x0000a150        0x6 contiki-sky.a(csma.o)
 .text.channel_check_interval
                0x0000a156       0x10 contiki-sky.a(csma.o)
 .text.transmit_packet_list
                0x0000a166       0x24 contiki-sky.a(csma.o)
 .text.schedule_transmission
                0x0000a18a       0x94 contiki-sky.a(csma.o)
 .text.send_packet
                0x0000a21e      0x170 contiki-sky.a(csma.o)
 .text.init     0x0000a38e       0x1a contiki-sky.a(csma.o)
 .text.tx_done  0x0000a3a8       0x98 contiki-sky.a(csma.o)
 .text.packet_sent
                0x0000a440       0xd2 contiki-sky.a(csma.o)
 .text.mac_call_sent_callback
                0x0000a512       0x14 contiki-sky.a(mac.o)
                0x0000a512                mac_call_sent_callback
 .text.linkaddr_copy
                0x0000a526        0xc contiki-sky.a(linkaddr.o)
                0x0000a526                linkaddr_copy
 .text.linkaddr_cmp
                0x0000a532       0x12 contiki-sky.a(linkaddr.o)
                0x0000a532                linkaddr_cmp
 .text.linkaddr_set_node_addr
                0x0000a544        0xc contiki-sky.a(linkaddr.o)
                0x0000a544                linkaddr_set_node_addr
 .text.packetbuf_hdrreduce
                0x0000a550       0x1a contiki-sky.a(packetbuf.o)
                0x0000a550                packetbuf_hdrreduce
 .text.packetbuf_set_datalen
                0x0000a56a        0x6 contiki-sky.a(packetbuf.o)
                0x0000a56a                packetbuf_set_datalen
 .text.packetbuf_hdrptr
                0x0000a570        0x6 contiki-sky.a(packetbuf.o)
                0x0000a570                packetbuf_hdrptr
 .text.packetbuf_datalen
                0x0000a576        0x6 contiki-sky.a(packetbuf.o)
                0x0000a576                packetbuf_datalen
 .text.packetbuf_hdrlen
                0x0000a57c        0xa contiki-sky.a(packetbuf.o)
                0x0000a57c                packetbuf_hdrlen
 .text.packetbuf_dataptr
                0x0000a586        0xc contiki-sky.a(packetbuf.o)
                0x0000a586                packetbuf_dataptr
 .text.packetbuf_copyto
                0x0000a592       0x46 contiki-sky.a(packetbuf.o)
                0x0000a592                packetbuf_copyto
 .text.packetbuf_compact
                0x0000a5d8       0x36 contiki-sky.a(packetbuf.o)
                0x0000a5d8                packetbuf_compact
 .text.packetbuf_totlen
                0x0000a60e        0xc contiki-sky.a(packetbuf.o)
                0x0000a60e                packetbuf_totlen
 .text.packetbuf_hdralloc
                0x0000a61a       0x3a contiki-sky.a(packetbuf.o)
                0x0000a61a                packetbuf_hdralloc
 .text.packetbuf_attr_clear
                0x0000a654       0x2c contiki-sky.a(packetbuf.o)
                0x0000a654                packetbuf_attr_clear
 .text.packetbuf_clear
                0x0000a680       0x12 contiki-sky.a(packetbuf.o)
                0x0000a680                packetbuf_clear
 .text.packetbuf_copyfrom
                0x0000a692       0x2e contiki-sky.a(packetbuf.o)
                0x0000a692                packetbuf_copyfrom
 .text.packetbuf_attr_copyto
                0x0000a6c0       0x20 contiki-sky.a(packetbuf.o)
                0x0000a6c0                packetbuf_attr_copyto
 .text.packetbuf_attr_copyfrom
                0x0000a6e0       0x22 contiki-sky.a(packetbuf.o)
                0x0000a6e0                packetbuf_attr_copyfrom
 .text.packetbuf_holds_broadcast
                0x0000a702        0xe contiki-sky.a(packetbuf.o)
                0x0000a702                packetbuf_holds_broadcast
 .text.queuebuf_init
                0x0000a710       0x12 contiki-sky.a(queuebuf.o)
                0x0000a710                queuebuf_init
 .text.queuebuf_new_from_packetbuf
                0x0000a722       0x52 contiki-sky.a(queuebuf.o)
                0x0000a722                queuebuf_new_from_packetbuf
 .text.queuebuf_update_attr_from_packetbuf
                0x0000a774       0x12 contiki-sky.a(queuebuf.o)
                0x0000a774                queuebuf_update_attr_from_packetbuf
 .text.queuebuf_update_from_packetbuf
                0x0000a786       0x22 contiki-sky.a(queuebuf.o)
                0x0000a786                queuebuf_update_from_packetbuf
 .text.queuebuf_free
                0x0000a7a8       0x2a contiki-sky.a(queuebuf.o)
                0x0000a7a8                queuebuf_free
 .text.queuebuf_to_packetbuf
                0x0000a7d2       0x32 contiki-sky.a(queuebuf.o)
                0x0000a7d2                queuebuf_to_packetbuf
 .text.queuebuf_dataptr
                0x0000a804       0x1c contiki-sky.a(queuebuf.o)
                0x0000a804                queuebuf_dataptr
 .text.queuebuf_attr
                0x0000a820        0xe contiki-sky.a(queuebuf.o)
                0x0000a820                queuebuf_attr
 .text.duty_cycle
                0x0000a82e        0x6 contiki-sky.a(contikimac.o)
 .text.init     0x0000a834       0x2a contiki-sky.a(contikimac.o)
 .text.on       0x0000a85e       0x1a contiki-sky.a(contikimac.o)
 .text.off      0x0000a878       0x22 contiki-sky.a(contikimac.o)
 .text.recv_burst_off
                0x0000a89a        0xa contiki-sky.a(contikimac.o)
 .text.turn_off
                0x0000a8a4       0x20 contiki-sky.a(contikimac.o)
 .text.turn_on  0x0000a8c4       0x30 contiki-sky.a(contikimac.o)
 .text.schedule_powercycle_fixed.part.4
                0x0000a8f4       0x32 contiki-sky.a(contikimac.o)
 .text.powercycle_turn_radio_off
                0x0000a926       0x30 contiki-sky.a(contikimac.o)
 .text.powercycle_wrapper
                0x0000a956      0x1c2 contiki-sky.a(contikimac.o)
 .text.input_packet
                0x0000ab18       0xb2 contiki-sky.a(contikimac.o)
 .text.send_packet.isra.8
                0x0000abca      0x1ec contiki-sky.a(contikimac.o)
 .text.qsend_list
                0x0000adb6       0xd2 contiki-sky.a(contikimac.o)
 .text.qsend_packet
                0x0000ae88       0x28 contiki-sky.a(contikimac.o)
 .text.hdr_length
                0x0000aeb0        0x8 contiki-sky.a(contikimac-fram)
 .text.parse    0x0000aeb8       0x3a contiki-sky.a(contikimac-fram)
 .text.create   0x0000aef2       0x74 contiki-sky.a(contikimac-fram)
 .text.init     0x0000af66        0x2 contiki-sky.a(nullsec.o)
 .text.send     0x0000af68        0xa contiki-sky.a(nullsec.o)
 .text.input    0x0000af72        0x6 contiki-sky.a(nullsec.o)
 .text.sniffprint
                0x0000af78       0x72 contiki-sky.a(powertrace.o)
 .text.output_printsniffer
                0x0000afea       0x16 contiki-sky.a(powertrace.o)
 .text.add_stats
                0x0000b000       0x54 contiki-sky.a(powertrace.o)
 .text.add_packet_stats
                0x0000b054       0x5e contiki-sky.a(powertrace.o)
 .text.output_sniffer
                0x0000b0b2        0x8 contiki-sky.a(powertrace.o)
 .text.input_sniffer
                0x0000b0ba        0x8 contiki-sky.a(powertrace.o)
 .text.input_printsniffer
                0x0000b0c2       0x70 contiki-sky.a(powertrace.o)
 .text.powertrace_print
                0x0000b132      0x820 contiki-sky.a(powertrace.o)
                0x0000b132                powertrace_print
 .text.process_thread_powertrace_process
                0x0000b952       0x5c contiki-sky.a(powertrace.o)
 .text.powertrace_start
                0x0000b9ae       0x18 contiki-sky.a(powertrace.o)
                0x0000b9ae                powertrace_start
 .text.powertrace_stop
                0x0000b9c6        0xa contiki-sky.a(powertrace.o)
                0x0000b9c6                powertrace_stop
 .text.powertrace_sniff
                0x0000b9d0       0x1e contiki-sky.a(powertrace.o)
                0x0000b9d0                powertrace_sniff
 .text.collect_view_construct_message
                0x0000b9ee      0x154 contiki-sky.a(collect-view.o)
                0x0000b9ee                collect_view_construct_message
 .text.collect_view_arch_read_sensors
                0x0000bb42       0x9c contiki-sky.a(collect-view-sk)
                0x0000bb42                collect_view_arch_read_sensors
 .text.crc8_add
                0x0000bbde       0x1c contiki-sky.a(sht11.o)
 .text.sstart   0x0000bbfa       0x3e contiki-sky.a(sht11.o)
 .text.swrite   0x0000bc38       0x52 contiki-sky.a(sht11.o)
 .text.sread    0x0000bc8a       0x4e contiki-sky.a(sht11.o)
 .text.sreset   0x0000bcd8       0x2a contiki-sky.a(sht11.o)
 .text.scmd.part.0
                0x0000bd02       0xb0 contiki-sky.a(sht11.o)
 .text.sht11_init
                0x0000bdb2       0x1a contiki-sky.a(sht11.o)
                0x0000bdb2                sht11_init
 .text.sht11_off
                0x0000bdcc       0x14 contiki-sky.a(sht11.o)
                0x0000bdcc                sht11_off
 .text.sht11_temp
                0x0000bde0        0xa contiki-sky.a(sht11.o)
                0x0000bde0                sht11_temp
 .text.sht11_humidity
                0x0000bdea        0xa contiki-sky.a(sht11.o)
                0x0000bdea                sht11_humidity
 .text.sht11_sreg
                0x0000bdf4       0x7a contiki-sky.a(sht11.o)
                0x0000bdf4                sht11_sreg
 .text.spi_init
                0x0000be6e       0x32 contiki-sky.a(spi.o)
                0x0000be6e                spi_init
 .text.compower_accumulate
                0x0000bea0       0x72 contiki-sky.a(compower.o)
                0x0000bea0                compower_accumulate
 .text.compower_clear
                0x0000bf12       0x12 contiki-sky.a(compower.o)
                0x0000bf12                compower_clear
 .text.compower_attrconv
                0x0000bf24       0x10 contiki-sky.a(compower.o)
                0x0000bf24                compower_attrconv
 .text.memb_init
                0x0000bf34       0x36 contiki-sky.a(memb.o)
                0x0000bf34                memb_init
 .text.memb_alloc
                0x0000bf6a       0x3e contiki-sky.a(memb.o)
                0x0000bf6a                memb_alloc
 .text.memb_free
                0x0000bfa8       0x3a contiki-sky.a(memb.o)
                0x0000bfa8                memb_free
 .text.memb_inmemb
                0x0000bfe2       0x2e contiki-sky.a(memb.o)
                0x0000bfe2                memb_inmemb
 .text.abc_open
                0x0000c010       0x26 contiki-sky.a(abc.o)
                0x0000c010                abc_open
 .text.abc_send
                0x0000c036        0x6 contiki-sky.a(abc.o)
                0x0000c036                abc_send
 .text.abc_input
                0x0000c03c        0xe contiki-sky.a(abc.o)
                0x0000c03c                abc_input
 .text.abc_sent
                0x0000c04a       0x10 contiki-sky.a(abc.o)
                0x0000c04a                abc_sent
 .text.announcement_init
                0x0000c05a        0xa contiki-sky.a(announcement.o)
                0x0000c05a                announcement_init
 .text.announcement_register
                0x0000c064       0x3e contiki-sky.a(announcement.o)
                0x0000c064                announcement_register
 .text.announcement_set_value
                0x0000c0a2       0x28 contiki-sky.a(announcement.o)
                0x0000c0a2                announcement_set_value
 .text.announcement_bump
                0x0000c0ca       0x22 contiki-sky.a(announcement.o)
                0x0000c0ca                announcement_bump
 .text.announcement_register_observer_callback
                0x0000c0ec        0x6 contiki-sky.a(announcement.o)
                0x0000c0ec                announcement_register_observer_callback
 .text.announcement_list
                0x0000c0f2        0xa contiki-sky.a(announcement.o)
                0x0000c0f2                announcement_list
 .text.announcement_heard
                0x0000c0fc       0x42 contiki-sky.a(announcement.o)
                0x0000c0fc                announcement_heard
 .text.chameleon_init
                0x0000c13e        0x6 contiki-sky.a(chameleon.o)
                0x0000c13e                chameleon_init
 .text.chameleon_parse
                0x0000c144       0x10 contiki-sky.a(chameleon.o)
                0x0000c144                chameleon_parse
 .text.chameleon_create
                0x0000c154       0x1c contiki-sky.a(chameleon.o)
                0x0000c154                chameleon_create
 .text.chameleon_hdrsize
                0x0000c170        0x6 contiki-sky.a(chameleon.o)
                0x0000c170                chameleon_hdrsize
 .text.parse    0x0000c176       0xb0 contiki-sky.a(framer-802154.o)
 .text.create_frame.isra.0
                0x0000c226      0x114 contiki-sky.a(framer-802154.o)
 .text.create   0x0000c33a        0x8 contiki-sky.a(framer-802154.o)
 .text.hdr_length
                0x0000c342        0x8 contiki-sky.a(framer-802154.o)
 .text.mac_sequence_is_duplicate
                0x0000c34a       0x66 contiki-sky.a(mac-sequence.o)
                0x0000c34a                mac_sequence_is_duplicate
 .text.mac_sequence_register_seqno
                0x0000c3b0       0x74 contiki-sky.a(mac-sequence.o)
                0x0000c3b0                mac_sequence_register_seqno
 .text.get_bits_in_byte
                0x0000c424       0x3a contiki-sky.a(chameleon-bitop)
 .text.header_size
                0x0000c45e       0x16 contiki-sky.a(chameleon-bitop)
 .text.get_bits
                0x0000c474       0xa4 contiki-sky.a(chameleon-bitop)
                0x0000c474                get_bits
 .text.unpack_header
                0x0000c518       0xdc contiki-sky.a(chameleon-bitop)
 .text.set_bits
                0x0000c5f4      0x116 contiki-sky.a(chameleon-bitop)
                0x0000c5f4                set_bits
 .text.pack_header
                0x0000c70a       0xc4 contiki-sky.a(chameleon-bitop)
 .text.frame802154_get_pan_id
                0x0000c7ce        0x6 contiki-sky.a(frame802154.o)
                0x0000c7ce                frame802154_get_pan_id
 .text.frame802154_has_panid
                0x0000c7d4       0xdc contiki-sky.a(frame802154.o)
                0x0000c7d4                frame802154_has_panid
 .text.field_len
                0x0000c8b0       0xb2 contiki-sky.a(frame802154.o)
 .text.frame802154_is_broadcast_addr
                0x0000c962       0x24 contiki-sky.a(frame802154.o)
                0x0000c962                frame802154_is_broadcast_addr
 .text.frame802154_hdrlen
                0x0000c986       0x32 contiki-sky.a(frame802154.o)
                0x0000c986                frame802154_hdrlen
 .text.frame802154_create_fcf
                0x0000c9b8       0x96 contiki-sky.a(frame802154.o)
                0x0000c9b8                frame802154_create_fcf
 .text.frame802154_create
                0x0000ca4e       0xe4 contiki-sky.a(frame802154.o)
                0x0000ca4e                frame802154_create
 .text.frame802154_parse_fcf
                0x0000cb32       0xbe contiki-sky.a(frame802154.o)
                0x0000cb32                frame802154_parse_fcf
 .text.frame802154_parse
                0x0000cbf0      0x18c contiki-sky.a(frame802154.o)
                0x0000cbf0                frame802154_parse
 .text.libgcc   0x0000cd7c       0x2c /usr/lib/gcc/msp430/4.6.3/mmpy-16/libgcc.a(_mulsi3.o)
                0x0000cd7c                __mulsi3
 .text.libgcc   0x0000cda8       0x22 /usr/lib/gcc/msp430/4.6.3/mmpy-16/libgcc.a(_udivmod16.o)
                0x0000cda8                __udivhi3
                0x0000cda8                __ext_udivmod16
                0x0000cdc2                __umodhi3
 .text.libgcc   0x0000cdca       0x3a /usr/lib/gcc/msp430/4.6.3/mmpy-16/libgcc.a(_divmod16.o)
                0x0000cdca                __ext_divmod16
                0x0000cdca                __divhi3
                0x0000cdfc                __modhi3
 .text.libgcc   0x0000ce04       0x40 /usr/lib/gcc/msp430/4.6.3/mmpy-16/libgcc.a(_udivmod32.o)
                0x0000ce04                __udivsi3
                0x0000ce04                __ext_udivmod32
                0x0000ce3a                __umodsi3
 .text.libgcc   0x0000ce44       0x4c /usr/lib/gcc/msp430/4.6.3/mmpy-16/libgcc.a(_divmod32.o)
                0x0000ce44                __ext_divmod32
                0x0000ce44                __divsi3
                0x0000ce86                __modsi3
 .text          0x0000ce90       0x12 /usr/lib/gcc/msp430/4.6.3/../../../../msp430/lib/mmpy-16/libc.a(strchr.o)
                0x0000ce90                strchr
 .text          0x0000cea2       0x1e /usr/lib/gcc/msp430/4.6.3/../../../../msp430/lib/mmpy-16/libc.a(strcmp.o)
                0x0000cea2                strcmp
 .text          0x0000cec0       0x28 /usr/lib/gcc/msp430/4.6.3/../../../../msp430/lib/mmpy-16/libc.a(strncmp.o)
                0x0000cec0                strncmp
 .text          0x0000cee8       0x20 /usr/lib/gcc/msp430/4.6.3/../../../../msp430/lib/mmpy-16/libc.a(memcmp.o)
                0x0000cee8                memcmp
 .text          0x0000cf08       0x14 /usr/lib/gcc/msp430/4.6.3/../../../../msp430/lib/mmpy-16/libc.a(strcpy.o)
                0x0000cf08                strcpy
 .text          0x0000cf1c       0x2a /usr/lib/gcc/msp430/4.6.3/../../../../msp430/lib/mmpy-16/libc.a(strncpy.o)
                0x0000cf1c                strncpy
 .text          0x0000cf46       0xfa /usr/lib/gcc/msp430/4.6.3/../../../../msp430/lib/mmpy-16/libc.a(memcpy.o)
                0x0000cf46                memcpy
 .text          0x0000d040       0x6a /usr/lib/gcc/msp430/4.6.3/../../../../msp430/lib/mmpy-16/libc.a(memset.o)
                0x0000d040                memset
 .text          0x0000d0aa       0x1e /usr/lib/gcc/msp430/4.6.3/../../../../msp430/lib/mmpy-16/libc.a(printf.o)
                0x0000d0aa                printf
                0x0000d0ba                vprintf
 .text          0x0000d0c8       0xbc /usr/lib/gcc/msp430/4.6.3/../../../../msp430/lib/mmpy-16/libc.a(sprintf.o)
                0x0000d126                sprintf
                0x0000d142                snprintf
                0x0000d15c                vsprintf
                0x0000d172                vsnprintf
 .text          0x0000d184      0x836 /usr/lib/gcc/msp430/4.6.3/../../../../msp430/lib/mmpy-16/libc.a(vuprintf.o)
                0x0000d31c                vuprintf
 .text          0x0000d9ba       0x2c /usr/lib/gcc/msp430/4.6.3/../../../../msp430/lib/mmpy-16/libc.a(puts.o)
                0x0000d9ba                puts
 .text          0x0000d9e6       0x54 /usr/lib/gcc/msp430/4.6.3/../../../../msp430/lib/mmpy-16/libc.a(rand.o)
                0x0000d9e6                rand_r
                0x0000da0a                rand
                0x0000da30                srand
 .text.libgcc   0x0000da3a       0xf0 /usr/lib/gcc/msp430/4.6.3/mmpy-16/libgcc.a(_udivmod64.o)
                0x0000da3a                __xabi_udivmod64
                0x0000da98                __udivdi3
                0x0000dabe                __umoddi3
                0x0000daec                __udivmoddi4
 .text.crt0     0x0000db2a        0x2 /usr/lib/gcc/msp430/4.6.3/mmpy-16/libcrt0.a(_unexpected_.o)
                0x0000db2a                _unexpected_
                0x0000db2c                . = ALIGN (0x2)

.rodata         0x0000db2c      0xcae
                0x0000db2c                . = ALIGN (0x2)
 *(.rodata .rodata.* .gnu.linkonce.r.*)
 .rodata        0x0000db2c       0x20 collect-view-shell.co
                0x0000db2c                autostart_processes
 .rodata        0x0000db4c       0xd7 obj_sky/contiki-sky-main.o
 .rodata        0x0000dc23       0x24 contiki-sky.a(serial-shell.o)
 .rodata        0x0000dc47      0x19e contiki-sky.a(shell.o)
 .rodata        0x0000dde5       0x48 contiki-sky.a(shell-reboot.o)
 .rodata        0x0000de2d       0x2c contiki-sky.a(shell-blink.o)
 .rodata        0x0000de59       0xbd contiki-sky.a(shell-text.o)
 .rodata        0x0000df16      0x155 contiki-sky.a(shell-time.o)
 .rodata        0x0000e06b       0x89 contiki-sky.a(shell-powertrac)
 .rodata        0x0000e0f4      0x1b4 contiki-sky.a(shell-rime.o)
 .rodata        0x0000e2a8       0xac contiki-sky.a(shell-rime-netc)
 .rodata        0x0000e354       0x54 contiki-sky.a(shell-collect-v)
 .rodata        0x0000e3a8      0x15e contiki-sky.a(shell-sky.o)
 .rodata        0x0000e506        0xe contiki-sky.a(sht11-sensor.o)
                0x0000e50c                sht11_sensor
 .rodata        0x0000e514        0xe contiki-sky.a(light-sensor.o)
                0x0000e51a                light_sensor
 .rodata        0x0000e522       0x10 contiki-sky.a(battery-sensor.)
                0x0000e52a                battery_sensor
 .rodata        0x0000e532       0x10 contiki-sky.a(button-sensor.o)
                0x0000e53a                button_sensor
 .rodata        0x0000e542        0x8 contiki-sky.a(sensors.o)
 .rodata        0x0000e54a       0x70 contiki-sky.a(cc2420.o)
                0x0000e57c                cc2420_aes_128_driver
                0x0000e580                cc2420_driver
 .rodata        0x0000e5ba        0xf contiki-sky.a(ctimer.o)
 .rodata        0x0000e5c9        0xc contiki-sky.a(etimer.o)
 .rodata        0x0000e5d5        0xe contiki-sky.a(serial-line.o)
 *fill*         0x0000e5e3        0x1 00
 .rodata        0x0000e5e4        0x4 contiki-sky.a(broadcast-annou)
 .rodata        0x0000e5e8        0x8 contiki-sky.a(broadcast.o)
 .rodata        0x0000e5f0       0x18 contiki-sky.a(collect.o)
 .rodata        0x0000e608        0xc contiki-sky.a(rime.o)
                0x0000e60e                rime_driver
 .rodata        0x0000e614        0xa contiki-sky.a(trickle.o)
 .rodata        0x0000e61e        0xa contiki-sky.a(unicast.o)
 .rodata        0x0000e628       0x14 contiki-sky.a(csma.o)
                0x0000e62e                csma_driver
 .rodata        0x0000e63c        0x2 contiki-sky.a(linkaddr.o)
                0x0000e63c                linkaddr_null
 .rodata        0x0000e63e       0x1c contiki-sky.a(contikimac.o)
                0x0000e64a                contikimac_driver
 .rodata        0x0000e65a        0x6 contiki-sky.a(contikimac-fram)
                0x0000e65a                contikimac_framer
 .rodata        0x0000e660       0x10 contiki-sky.a(nullsec.o)
                0x0000e668                nullsec_driver
 .rodata        0x0000e670      0x148 contiki-sky.a(powertrace.o)
 .rodata        0x0000e7b8        0x2 contiki-sky.a(abc.o)
 .rodata        0x0000e7ba        0x6 contiki-sky.a(framer-802154.o)
                0x0000e7ba                framer_802154
 .rodata        0x0000e7c0       0x10 contiki-sky.a(chameleon-bitop)
                0x0000e7c0                chameleon_bitopt
 .rodata        0x0000e7d0        0x2 contiki-sky.a(frame802154.o)
 .rodata        0x0000e7d2        0x7 /usr/lib/gcc/msp430/4.6.3/../../../../msp430/lib/mmpy-16/libc.a(vuprintf.o)
                0x0000e7da                . = ALIGN (0x2)
 *fill*         0x0000e7d9        0x1 00
                0x0000e7da                _etext = .

.data           0x00001100      0x338 load address 0x0000e7da
                0x00001100                . = ALIGN (0x2)
                0x00001100                PROVIDE (__data_start, .)
 *(.data .data.* .gnu.linkonce.d.*)
 .data          0x00001100        0xa collect-view-shell.co
                0x00001100                collect_view_shell_process
 .data          0x0000110a        0xa contiki-sky.a(serial-shell.o)
                0x0000110a                serial_shell_process
 .data          0x00001114       0xac contiki-sky.a(shell.o)
                0x00001114                shell_exit_process
                0x0000111e                shell_null_process
                0x00001128                shell_kill_process
                0x00001132                shell_killall_process
                0x0000113c                help_command_process
                0x00001146                shell_server_process
                0x00001150                shell_process
 .data          0x000011c0       0x14 contiki-sky.a(shell-reboot.o)
                0x000011c0                shell_reboot_process
 .data          0x000011d4       0x14 contiki-sky.a(shell-blink.o)
                0x000011d4                shell_blink_process
 .data          0x000011e8       0x50 contiki-sky.a(shell-text.o)
                0x000011e8                shell_size_process
                0x000011f2                shell_hd_process
                0x000011fc                shell_binprint_process
                0x00001206                shell_echo_process
 .data          0x00001238       0x5a contiki-sky.a(shell-time.o)
                0x00001238                shell_randwait_process
                0x00001242                shell_repeat_server_process
                0x0000124c                shell_repeat_process
                0x00001256                shell_timestamp_process
                0x00001260                shell_time_process
 .data          0x00001292       0x14 contiki-sky.a(shell-powertrac)
                0x00001292                shell_powertrace_process
 .data          0x000012a6       0x64 contiki-sky.a(shell-rime.o)
                0x000012a6                shell_packetize_process
                0x000012b0                shell_routes_process
                0x000012ba                shell_collect_process
                0x000012c4                shell_send_process
                0x000012ce                shell_mac_process
 .data          0x0000130a       0x1e contiki-sky.a(shell-rime-netc)
                0x0000130a                shell_netcmd_server_process
                0x00001314                shell_netcmd_process
 .data          0x00001328       0x14 contiki-sky.a(shell-collect-v)
                0x00001328                collect_view_data_process
 .data          0x0000133c       0x64 contiki-sky.a(shell-sky.o)
                0x0000133c                shell_rfchannel_process
                0x00001346                shell_txpower_process
                0x00001350                shell_senseconv_process
                0x0000135a                shell_sense_process
                0x00001364                shell_nodeid_process
 .data          0x000013a0        0x4 contiki-sky.a(contiki-sky-pla)
                0x000013a0                sensors
 .data          0x000013a4        0x1 contiki-sky.a(sht11-sensor.o)
 *fill*         0x000013a5        0x1 00
 .data          0x000013a6        0xa contiki-sky.a(sensors.o)
                0x000013a6                sensors_process
 .data          0x000013b0        0xc contiki-sky.a(cc2420.o)
                0x000013b0                cc2420_process
 .data          0x000013bc        0x2 contiki-sky.a(msp430.o)
 .data          0x000013be        0xa contiki-sky.a(ctimer.o)
                0x000013be                ctimer_process
 .data          0x000013c8        0xa contiki-sky.a(etimer.o)
                0x000013c8                etimer_process
 .data          0x000013d2        0xa contiki-sky.a(serial-line.o)
                0x000013d2                serial_line_process
 .data          0x000013dc        0x8 contiki-sky.a(collect.o)
 .data          0x000013e4        0x8 contiki-sky.a(collect-neighbo)
 .data          0x000013ec       0x18 contiki-sky.a(csma.o)
 .data          0x00001404       0x10 contiki-sky.a(queuebuf.o)
 .data          0x00001414       0x1e contiki-sky.a(powertrace.o)
                0x00001414                powertrace_process
 .data          0x00001432        0x2 contiki-sky.a(frame802154.o)
 .data          0x00001434        0x4 /usr/lib/gcc/msp430/4.6.3/../../../../msp430/lib/mmpy-16/libc.a(rand.o)
                0x00001438                . = ALIGN (0x2)
                0x00001438                _edata = .
                0x0000e7da                PROVIDE (__data_load_start, LOADADDR (.data))
                0x00000338                PROVIDE (__data_size, SIZEOF (.data))

.bss            0x00001438     0x1cbe load address 0x0000eb12
                0x00001438                PROVIDE (__bss_start, .)
 *(.bss .bss.*)
 .bss           0x00001438        0xc obj_sky/contiki-sky-main.o
 .bss           0x00001444       0x16 contiki-sky.a(shell.o)
 .bss           0x0000145a        0xc contiki-sky.a(shell-reboot.o)
 .bss           0x00001466       0x12 contiki-sky.a(shell-blink.o)
 .bss           0x00001478        0x4 contiki-sky.a(shell-text.o)
 .bss           0x0000147c       0xa6 contiki-sky.a(shell-time.o)
 .bss           0x00001522        0xc contiki-sky.a(shell-rime.o)
 .bss           0x0000152e       0x58 contiki-sky.a(shell-rime-netc)
 .bss           0x00001586       0x82 contiki-sky.a(shell-sky.o)
 .bss           0x00001608        0x8 contiki-sky.a(button-sensor.o)
 .bss           0x00001610        0x2 contiki-sky.a(node-id.o)
                0x00001610                node_id
 .bss           0x00001612        0x6 contiki-sky.a(sensors.o)
 .bss           0x00001618        0xa contiki-sky.a(cc2420.o)
 .bss           0x00001622        0x4 contiki-sky.a(sky-sensors.o)
 .bss           0x00001626       0x9a contiki-sky.a(uart1.o)
 .bss           0x000016c0        0xa contiki-sky.a(clock.o)
 .bss           0x000016ca        0x1 contiki-sky.a(leds.o)
 *fill*         0x000016cb        0x1 00
 .bss           0x000016cc        0x2 contiki-sky.a(watchdog.o)
 .bss           0x000016ce        0x4 contiki-sky.a(ctimer.o)
 .bss           0x000016d2        0x6 contiki-sky.a(etimer.o)
 .bss           0x000016d8       0x38 contiki-sky.a(process.o)
                0x000016d8                process_current
                0x000016da                process_list
 .bss           0x00001710        0x2 contiki-sky.a(rtimer.o)
 .bss           0x00001712      0x10a contiki-sky.a(serial-line.o)
 .bss           0x0000181c       0x46 contiki-sky.a(broadcast-annou)
 .bss           0x00001862        0x2 contiki-sky.a(channel.o)
 .bss           0x00001864      0x1be contiki-sky.a(collect.o)
 .bss           0x00001a22      0x322 contiki-sky.a(collect-neighbo)
 .bss           0x00001d44        0x2 contiki-sky.a(rime.o)
 .bss           0x00001d46       0x7e contiki-sky.a(route.o)
 .bss           0x00001dc4      0x124 contiki-sky.a(csma.o)
 .bss           0x00001ee8       0x86 contiki-sky.a(packetbuf.o)
 .bss           0x00001f6e      0xc20 contiki-sky.a(queuebuf.o)
 .bss           0x00002b8e       0x32 contiki-sky.a(contikimac.o)
 .bss           0x00002bc0      0x2fe contiki-sky.a(powertrace.o)
 .bss           0x00002ebe       0x10 contiki-sky.a(collect-view.o)
 .bss           0x00002ece        0x8 contiki-sky.a(compower.o)
 .bss           0x00002ed6        0x6 contiki-sky.a(announcement.o)
 .bss           0x00002edc        0x2 contiki-sky.a(framer-802154.o)
 .bss           0x00002ede       0x80 contiki-sky.a(mac-sequence.o)
 .bss           0x00002f5e        0x4 /usr/lib/gcc/msp430/4.6.3/../../../../msp430/lib/mmpy-16/libc.a(sprintf.o)
 *(COMMON)
 COMMON         0x00002f62        0x2 contiki-sky.a(shell.o)
                0x00002f62                shell_event_input
 COMMON         0x00002f64       0x9e contiki-sky.a(shell-rime.o)
                0x00002f64                shell_collect_conn
 COMMON         0x00003002        0x2 contiki-sky.a(contiki-sky-pla)
                0x00003002                sensors_flags
 COMMON         0x00003004        0x8 contiki-sky.a(ds2411.o)
                0x00003004                ds2411_id
 COMMON         0x0000300c        0x1 contiki-sky.a(sensors.o)
                0x0000300c                sensors_event
 *fill*         0x0000300d        0x1 00
 COMMON         0x0000300e       0x10 contiki-sky.a(cc2420.o)
                0x0000300e                cc2420_last_rssi
                0x00003010                cc2420_sfd_start_time
                0x00003012                cc2420_time_of_departure
                0x00003014                cc2420_time_of_arrival
                0x00003016                cc2420_last_correlation
                0x00003018                cc2420_authority_level_of_sender
                0x0000301a                cc2420_sfd_counter
                0x0000301c                cc2420_sfd_end_time
 COMMON         0x0000301e        0x2 contiki-sky.a(msp430.o)
                0x0000301e                msp430_dco_required
 COMMON         0x00003020       0x56 contiki-sky.a(energest.o)
                0x00003020                energest_total_time
                0x00003050                energest_total_count
                0x00003052                energest_current_mode
                0x0000305e                energest_current_time
 COMMON         0x00003076        0x1 contiki-sky.a(process.o)
                0x00003076                process_maxevents
 COMMON         0x00003077        0x1 contiki-sky.a(serial-line.o)
                0x00003077                serial_line_event_message
 COMMON         0x00003078       0x38 contiki-sky.a(collect.o)
                0x00003078                stats
 COMMON         0x000030b0        0x2 contiki-sky.a(linkaddr.o)
                0x000030b0                linkaddr_node_addr
 COMMON         0x000030b2       0x3c contiki-sky.a(packetbuf.o)
                0x000030b2                packetbuf_addrs
                0x000030ba                packetbuf_attrs
 COMMON         0x000030ee        0x8 contiki-sky.a(compower.o)
                0x000030ee                compower_idle_activity
                0x000030f6                . = ALIGN (0x2)
                0x000030f6                PROVIDE (__bss_end, .)
                0x00001cbe                PROVIDE (__bss_size, SIZEOF (.bss))

.noinit         0x000030f6        0x2 load address 0x0000eb12
                0x000030f6                PROVIDE (__noinit_start, .)
 *(.noinit .noinit.*)
 .noinit.crt0   0x000030f6        0x2 /usr/lib/gcc/msp430/4.6.3/mmpy-16/libcrt0.a(__watchdog_support.o)
                0x000030f6                __wdt_clear_value
                0x000030f8                . = ALIGN (0x2)
                0x000030f8                PROVIDE (__noinit_end, .)
                0x000030f8                . = ALIGN (0x2)
                0x000030f8                _end = .

.infomem        0x00001000        0x0
 *(.infomem)
                0x00001000                . = ALIGN (0x2)
 *(.infomem.*)

.infomemnobits  0x00001000        0x0
 *(.infomemnobits)
                0x00001000                . = ALIGN (0x2)
 *(.infomemnobits.*)

.infoa
 *(.infoa .infoa.*)

.infob
 *(.infob .infob.*)

.infoc
 *(.infoc .infoc.*)

.infod
 *(.infod .infod.*)

.vectors        0x0000ffe0       0x20
                0x0000ffe0                PROVIDE (__vectors_start, .)
 *(.vectors*)
 .vectors       0x0000ffe0       0x20 /usr/lib/gcc/msp430/4.6.3/mmpy-16/crt0ivtbl16.o
                0x0000ffe0                __ivtbl_16
                0x00010000                _vectors_end = .

.fartext        0x00000000        0x0
                0x00000000                . = ALIGN (0x2)
 *(.fartext)
                0x00000000                . = ALIGN (0x2)
 *(.fartext.*)
                0x00000000                _efartext = .

.profiler
 *(.profiler)

.stab           0x00000000    0x2952c
 *(.stab)
 .stab          0x00000000      0xe7c collect-view-shell.co
 .stab          0x00000e7c     0x11ac obj_sky/contiki-sky-main.o
                               0x17a0 (size before relaxing)
 .stab          0x00002028      0x834 contiki-sky.a(serial-shell.o)
                               0x13b0 (size before relaxing)
 .stab          0x0000285c     0x1c74 contiki-sky.a(shell.o)
                               0x2760 (size before relaxing)
 .stab          0x000044d0      0x3fc contiki-sky.a(shell-reboot.o)
                                0x954 (size before relaxing)
 .stab          0x000048cc      0x4f8 contiki-sky.a(shell-blink.o)
                                0xa50 (size before relaxing)
 .stab          0x00004dc4      0x8f4 contiki-sky.a(shell-text.o)
                                0xe4c (size before relaxing)
 .stab          0x000056b8      0xbf4 contiki-sky.a(shell-time.o)
                               0x11c4 (size before relaxing)
 .stab          0x000062ac      0x378 contiki-sky.a(shell-powertrac)
                                0x81c (size before relaxing)
 .stab          0x00006624      0xdec contiki-sky.a(shell-rime.o)
                               0x1ac4 (size before relaxing)
 .stab          0x00007410      0x7c8 contiki-sky.a(shell-rime-netc)
                               0x14ac (size before relaxing)
 .stab          0x00007bd8      0x474 contiki-sky.a(shell-collect-v)
                                0xee8 (size before relaxing)
 .stab          0x0000804c      0xd5c contiki-sky.a(shell-sky.o)
                               0x1b0c (size before relaxing)
 .stab          0x00008da8      0x264 contiki-sky.a(contiki-sky-pla)
                                0x5b8 (size before relaxing)
 .stab          0x0000900c      0x438 contiki-sky.a(sht11-sensor.o)
                                0x948 (size before relaxing)
 .stab          0x00009444      0x324 contiki-sky.a(light-sensor.o)
                                0x690 (size before relaxing)
 .stab          0x00009768      0x318 contiki-sky.a(battery-sensor.)
                                0x684 (size before relaxing)
 .stab          0x00009a80      0x468 contiki-sky.a(button-sensor.o)
                                0x7d4 (size before relaxing)
 .stab          0x00009ee8      0x624 contiki-sky.a(ds2411.o)
                                0xb40 (size before relaxing)
 .stab          0x0000a50c      0xbac contiki-sky.a(xmem.o)
                                0xf60 (size before relaxing)
 .stab          0x0000b0b8      0x2b8 contiki-sky.a(node-id.o)
                                0x4e0 (size before relaxing)
 .stab          0x0000b370      0x63c contiki-sky.a(sensors.o)
                                0xb70 (size before relaxing)
 .stab          0x0000b9ac     0x2904 contiki-sky.a(cc2420.o)
                               0x3030 (size before relaxing)
 .stab          0x0000e2b0      0xa44 contiki-sky.a(cc2420-arch.o)
                               0x13f8 (size before relaxing)
 .stab          0x0000ecf4      0x4f8 contiki-sky.a(sky-sensors.o)
                                0x864 (size before relaxing)
 .stab          0x0000f1ec      0x60c contiki-sky.a(uart1.o)
                                0x960 (size before relaxing)
 .stab          0x0000f7f8      0x234 contiki-sky.a(uart1-putchar.o)
                                0x588 (size before relaxing)
 .stab          0x0000fa2c      0x24c contiki-sky.a(crc16.o)
                                0x258 (size before relaxing)
 .stab          0x0000fc78      0x744 contiki-sky.a(msp430.o)
                                0xa98 (size before relaxing)
 .stab          0x000103bc      0x948 contiki-sky.a(clock.o)
                                0xc9c (size before relaxing)
 .stab          0x00010d04      0x5dc contiki-sky.a(leds.o)
                                0x828 (size before relaxing)
 .stab          0x000112e0      0x3a8 contiki-sky.a(leds-arch.o)
                                0x6fc (size before relaxing)
 .stab          0x00011688      0x3fc contiki-sky.a(watchdog.o)
                                0x750 (size before relaxing)
 .stab          0x00011a84      0x3cc contiki-sky.a(rtimer-arch.o)
                                0x720 (size before relaxing)
 .stab          0x00011e50      0x288 contiki-sky.a(autostart.o)
                                0x534 (size before relaxing)
 .stab          0x000120d8      0x858 contiki-sky.a(ctimer.o)
                                0xbc4 (size before relaxing)
 .stab          0x00012930      0x474 contiki-sky.a(energest.o)
                                0x6fc (size before relaxing)
 .stab          0x00012da4      0xabc contiki-sky.a(etimer.o)
                                0xd8c (size before relaxing)
 .stab          0x00013860      0xba0 contiki-sky.a(process.o)
                               0x1038 (size before relaxing)
 .stab          0x00014400      0x3d8 contiki-sky.a(rtimer.o)
                                0x6c0 (size before relaxing)
 .stab          0x000147d8      0x354 contiki-sky.a(timer.o)
                                0x594 (size before relaxing)
 .stab          0x00014b2c      0x534 contiki-sky.a(serial-line.o)
                                0xa50 (size before relaxing)
 .stab          0x00015060      0x7f8 contiki-sky.a(list.o)
                                0x804 (size before relaxing)
 .stab          0x00015858      0x228 contiki-sky.a(random.o)
                                0x624 (size before relaxing)
 .stab          0x00015a80      0x3fc contiki-sky.a(ringbuf.o)
                                0x63c (size before relaxing)
 .stab          0x00015e7c      0x978 contiki-sky.a(broadcast-annou)
                               0x15c0 (size before relaxing)
 .stab          0x000167f4      0x6d8 contiki-sky.a(broadcast.o)
                               0x1500 (size before relaxing)
 .stab          0x00016ecc      0x678 contiki-sky.a(channel.o)
                               0x129c (size before relaxing)
 .stab          0x00017544     0x23c4 contiki-sky.a(collect.o)
                               0x2c7c (size before relaxing)
 .stab          0x00019908      0x5e8 contiki-sky.a(collect-link-es)
                               0x1014 (size before relaxing)
 .stab          0x00019ef0      0xffc contiki-sky.a(collect-neighbo)
                               0x1a64 (size before relaxing)
 .stab          0x0001aeec      0x720 contiki-sky.a(packetqueue.o)
                                0xf84 (size before relaxing)
 .stab          0x0001b60c      0x8e8 contiki-sky.a(rime.o)
                               0x1410 (size before relaxing)
 .stab          0x0001bef4      0xa14 contiki-sky.a(route.o)
                                0xf0c (size before relaxing)
 .stab          0x0001c908      0x7d4 contiki-sky.a(trickle.o)
                               0x1080 (size before relaxing)
 .stab          0x0001d0dc      0x624 contiki-sky.a(unicast.o)
                               0x129c (size before relaxing)
 .stab          0x0001d700      0xcf0 contiki-sky.a(csma.o)