Archive member included because of file (symbol)

contiki-z1.a(contiki-z1-plat)
                              obj_z1/contiki-z1-main.o (init_platform)
contiki-z1.a(msp430.o)        obj_z1/contiki-z1-main.o (splhigh_)
contiki-z1.a(leds.o)          obj_z1/contiki-z1-main.o (leds_init)
contiki-z1.a(watchdog.o)      obj_z1/contiki-z1-main.o (watchdog_start)
contiki-z1.a(xmem.o)          obj_z1/contiki-z1-main.o (xmem_init)
contiki-z1.a(spi.o)           contiki-z1.a(xmem.o) (spi_init)
contiki-z1.a(cc2420.o)        obj_z1/contiki-z1-main.o (cc2420_set_pan_addr)
contiki-z1.a(cc2420-arch.o)   contiki-z1.a(cc2420.o) (cc2420_arch_init)
contiki-z1.a(node-id.o)       obj_z1/contiki-z1-main.o (node_id_restore)
contiki-z1.a(sensors.o)       contiki-z1.a(contiki-z1-plat) (sensors_process)
contiki-z1.a(uart0.o)         obj_z1/contiki-z1-main.o (uart0_active)
contiki-z1.a(uart0-putchar.o)
                              obj_z1/contiki-z1-main.o (putchar)
contiki-z1.a(z1-sensors.o)    contiki-z1.a(sensors.o) (sensors_flags)
contiki-z1.a(adxl345.o)       obj_z1/contiki-z1-main.o (adxl345)
contiki-z1.a(tmp102.o)        contiki-z1.a(z1-sensors.o) (tmp102)
contiki-z1.a(clock.o)         obj_z1/contiki-z1-main.o (clock_init)
contiki-z1.a(leds-arch.o)     contiki-z1.a(leds.o) (leds_arch_init)
contiki-z1.a(rtimer-arch.o)   obj_z1/contiki-z1-main.o (rtimer_arch_now)
contiki-z1.a(autostart.o)     obj_z1/contiki-z1-main.o (autostart_start)
contiki-z1.a(ctimer.o)        obj_z1/contiki-z1-main.o (ctimer_init)
contiki-z1.a(energest.o)      obj_z1/contiki-z1-main.o (energest_init)
contiki-z1.a(etimer.o)        contiki-z1.a(clock.o) (etimer_request_poll)
contiki-z1.a(process.o)       contiki-z1.a(ctimer.o) (process_current)
contiki-z1.a(rtimer.o)        obj_z1/contiki-z1-main.o (rtimer_init)
contiki-z1.a(timer.o)         contiki-z1.a(adxl345.o) (timer_set)
contiki-z1.a(list.o)          contiki-z1.a(ctimer.o) (list_init)
contiki-z1.a(random.o)        obj_z1/contiki-z1-main.o (random_init)
contiki-z1.a(sicslowpan.o)    obj_z1/contiki-z1-main.o (sicslowpan_driver)
contiki-z1.a(uip6.o)          contiki-z1.a(sicslowpan.o) (uip_aligned_buf)
contiki-z1.a(uip-ds6.o)       contiki-z1.a(uip6.o) (uip_ds6_is_addr_onlink)
contiki-z1.a(uip-ds6-nbr.o)   contiki-z1.a(uip-ds6.o) (uip_ds6_neighbors_init)
contiki-z1.a(uip-ds6-route.o)
                              contiki-z1.a(uip-ds6.o) (uip_ds6_route_init)
contiki-z1.a(uip-icmp6.o)     contiki-z1.a(uip6.o) (uip_icmp6_input)
contiki-z1.a(uip-nd6.o)       contiki-z1.a(uip6.o) (uip_nd6_init)
contiki-z1.a(simple-udp.o)    broadcast-example.co (simple_udp_sendto)
contiki-z1.a(tcpip.o)         contiki-z1.a(sicslowpan.o) (tcpip_set_outputfunc)
contiki-z1.a(uip-debug.o)     contiki-z1.a(uip-ds6-route.o) (uip_debug_ipaddr_print)
contiki-z1.a(uip-udp-packet.)
                              contiki-z1.a(simple-udp.o) (uip_udp_packet_sendto)
contiki-z1.a(rpl.o)           contiki-z1.a(uip-ds6-nbr.o) (rpl_link_neighbor_callback)
contiki-z1.a(rpl-dag.o)       contiki-z1.a(rpl.o) (rpl_dag_init)
contiki-z1.a(rpl-ext-header.)
                              contiki-z1.a(uip6.o) (rpl_verify_hbh_header)
contiki-z1.a(rpl-icmp6.o)     contiki-z1.a(rpl-dag.o) (rpl_icmp6_update_nbr_table)
contiki-z1.a(rpl-mrhof.o)     contiki-z1.a(rpl-dag.o) (rpl_mrhof)
contiki-z1.a(rpl-timers.o)    contiki-z1.a(rpl.o) (rpl_reset_periodic_timer)
contiki-z1.a(linkaddr.o)      obj_z1/contiki-z1-main.o (linkaddr_copy)
contiki-z1.a(link-stats.o)    contiki-z1.a(rpl-dag.o) (link_stats_from_lladdr)
contiki-z1.a(nbr-table.o)     contiki-z1.a(uip-ds6-nbr.o) (nbr_table_register)
contiki-z1.a(net-debug.o)     contiki-z1.a(rpl-icmp6.o) (net_debug_lladdr_print)
contiki-z1.a(packetbuf.o)     contiki-z1.a(cc2420.o) (packetbuf_set_datalen)
contiki-z1.a(queuebuf.o)      obj_z1/contiki-z1-main.o (queuebuf_init)
contiki-z1.a(csma.o)          obj_z1/contiki-z1-main.o (csma_driver)
contiki-z1.a(framer-802154.o)
                              contiki-z1.a(sicslowpan.o) (framer_802154)
contiki-z1.a(mac.o)           contiki-z1.a(csma.o) (mac_call_sent_callback)
contiki-z1.a(contikimac.o)    obj_z1/contiki-z1-main.o (contikimac_driver)
contiki-z1.a(nullsec.o)       contiki-z1.a(sicslowpan.o) (nullsec_driver)
contiki-z1.a(i2cmaster.o)     contiki-z1.a(adxl345.o) (i2c_receiveinit)
contiki-z1.a(button-sensor.o)
                              contiki-z1.a(z1-sensors.o) (button_sensor)
contiki-z1.a(stimer.o)        contiki-z1.a(uip-ds6.o) (stimer_set)
contiki-z1.a(memb.o)          contiki-z1.a(uip-ds6-route.o) (memb_init)
contiki-z1.a(rpl-nbr-policy.)
                              contiki-z1.a(nbr-table.o) (rpl_nbr_policy_find_removable)
contiki-z1.a(frame802154.o)   contiki-z1.a(framer-802154.o) (frame802154_get_pan_id)
contiki-z1.a(mac-sequence.o)  contiki-z1.a(contikimac.o) (mac_sequence_is_duplicate)
/usr/lib/gcc/msp430/4.6.3/mcpu-430x/mmpy-16/libgcc.a(_mulsi3.o)
                              contiki-z1.a(rpl.o) (__mulsi3)
[...]
Memory Configuration

Name             Origin             Length             Attributes
sfr              0x00000000         0x00000010
peripheral_8bit  0x00000010         0x000000f0
peripheral_16bit 0x00000100         0x00000100
ram_mirror       0x00000200         0x00000800         xw
infomem          0x00001000         0x00000100
infod            0x00001000         0x00000040
infoc            0x00001040         0x00000040
infob            0x00001080         0x00000040
infoa            0x000010c0         0x00000040
ram              0x00001100         0x00002000         xw
rom              0x00003100         0x0000cebe         xr
vectors          0x0000ffc0         0x00000040
far_rom          0x00010000         0x0000a000
bsl              0x00000000         0x00000000
ram2             0x00000000         0x00000000         xw
usbram           0x00000000         0x00000000         xw
*default*        0x00000000         0xffffffff

Linker script and memory map

LOAD /usr/lib/gcc/msp430/4.6.3/mcpu-430x/mmpy-16/crt0ivtbl32.o
                0x00000041                __P1SEL2 = 0x41
                0x00000045                __P5SEL2 = 0x45
LOAD broadcast-example.co
LOAD obj_z1/contiki-z1-main.o
LOAD contiki-z1.a
LOAD /usr/lib/gcc/msp430/4.6.3/mcpu-430x/mmpy-16/libgcc.a
LOAD /usr/lib/gcc/msp430/4.6.3/../../../../msp430/lib/mcpu-430x/mmpy-16/libc.a
LOAD /usr/lib/gcc/msp430/4.6.3/mcpu-430x/mmpy-16/libgcc.a
LOAD /usr/lib/gcc/msp430/4.6.3/mcpu-430x/mmpy-16/libcrt0.a
                0x00000040                PROVIDE (__info_segment_size, 0x40)
                0x00001000                PROVIDE (__infod, 0x1000)
                0x00001040                PROVIDE (__infoc, 0x1040)
                0x00001080                PROVIDE (__infob, 0x1080)
                0x000010c0                PROVIDE (__infoa, 0x10c0)
                0x00000000                __IE1 = 0x0
                0x00000002                __IFG1 = 0x2
                0x00000001                __IE2 = 0x1
                0x00000003                __IFG2 = 0x3
                0x00000006                __UC1IE = 0x6
                0x00000007                __UC1IFG = 0x7
                0x000001a0                __ADC12CTL0 = 0x1a0
                0x000001a2                __ADC12CTL1 = 0x1a2
                0x000001a4                __ADC12IFG = 0x1a4
                0x000001a6                __ADC12IE = 0x1a6
                0x000001a8                __ADC12IV = 0x1a8
                0x00000140                __ADC12MEM0 = 0x140
                0x00000142                __ADC12MEM1 = 0x142
                0x00000144                __ADC12MEM2 = 0x144
                0x00000146                __ADC12MEM3 = 0x146
                0x00000148                __ADC12MEM4 = 0x148
                0x0000014a                __ADC12MEM5 = 0x14a
                0x0000014c                __ADC12MEM6 = 0x14c
                0x0000014e                __ADC12MEM7 = 0x14e
                0x00000150                __ADC12MEM8 = 0x150
                0x00000152                __ADC12MEM9 = 0x152
                0x00000154                __ADC12MEM10 = 0x154
                0x00000156                __ADC12MEM11 = 0x156
                0x00000158                __ADC12MEM12 = 0x158
                0x0000015a                __ADC12MEM13 = 0x15a
                0x0000015c                __ADC12MEM14 = 0x15c
                0x0000015e                __ADC12MEM15 = 0x15e
                0x00000080                __ADC12MCTL0 = 0x80
                0x00000081                __ADC12MCTL1 = 0x81
                0x00000082                __ADC12MCTL2 = 0x82
                0x00000083                __ADC12MCTL3 = 0x83
                0x00000084                __ADC12MCTL4 = 0x84
                0x00000085                __ADC12MCTL5 = 0x85
                0x00000086                __ADC12MCTL6 = 0x86
                0x00000087                __ADC12MCTL7 = 0x87
                0x00000088                __ADC12MCTL8 = 0x88
                0x00000089                __ADC12MCTL9 = 0x89
                0x0000008a                __ADC12MCTL10 = 0x8a
                0x0000008b                __ADC12MCTL11 = 0x8b
                0x0000008c                __ADC12MCTL12 = 0x8c
                0x0000008d                __ADC12MCTL13 = 0x8d
                0x0000008e                __ADC12MCTL14 = 0x8e
                0x0000008f                __ADC12MCTL15 = 0x8f
                0x00000056                __DCOCTL = 0x56
                0x00000057                __BCSCTL1 = 0x57
                0x00000058                __BCSCTL2 = 0x58
                0x00000053                __BCSCTL3 = 0x53
                0x00000059                __CACTL1 = 0x59
                0x0000005a                __CACTL2 = 0x5a
                0x0000005b                __CAPD = 0x5b
                0x000001c0                __DAC12_0CTL = 0x1c0
                0x000001c2                __DAC12_1CTL = 0x1c2
                0x000001c8                __DAC12_0DAT = 0x1c8
                0x000001ca                __DAC12_1DAT = 0x1ca
                0x00000122                __DMACTL0 = 0x122
                0x00000124                __DMACTL1 = 0x124
                0x00000126                __DMAIV = 0x126
                0x000001d0                __DMA0CTL = 0x1d0
                0x000001dc                __DMA1CTL = 0x1dc
                0x000001e8                __DMA2CTL = 0x1e8
                0x000001d2                __DMA0SA = 0x1d2
                0x000001d2                __DMA0SAL = 0x1d2
                0x000001d6                __DMA0DA = 0x1d6
                0x000001d6                __DMA0DAL = 0x1d6
                0x000001da                __DMA0SZ = 0x1da
                0x000001de                __DMA1SA = 0x1de
                0x000001de                __DMA1SAL = 0x1de
                0x000001e2                __DMA1DA = 0x1e2
                0x000001e2                __DMA1DAL = 0x1e2
                0x000001e6                __DMA1SZ = 0x1e6
                0x000001ea                __DMA2SA = 0x1ea
                0x000001ea                __DMA2SAL = 0x1ea
                0x000001ee                __DMA2DA = 0x1ee
                0x000001ee                __DMA2DAL = 0x1ee
                0x000001f2                __DMA2SZ = 0x1f2
                0x00000128                __FCTL1 = 0x128
                0x0000012a                __FCTL2 = 0x12a
                0x0000012c                __FCTL3 = 0x12c
                0x000001be                __FCTL4 = 0x1be
                0x00000130                __MPY = 0x130
                0x00000132                __MPYS = 0x132
                0x00000134                __MAC = 0x134
                0x00000136                __MACS = 0x136
                0x00000138                __OP2 = 0x138
                0x0000013a                __RESLO = 0x13a
                0x0000013c                __RESHI = 0x13c
                0x0000013e                __SUMEXT = 0x13e
                0x00000020                __P1IN = 0x20
                0x00000021                __P1OUT = 0x21
                0x00000022                __P1DIR = 0x22
                0x00000023                __P1IFG = 0x23
                0x00000024                __P1IES = 0x24
                0x00000025                __P1IE = 0x25
                0x00000026                __P1SEL = 0x26
                0x00000027                __P1REN = 0x27
                0x00000028                __P2IN = 0x28
                0x00000029                __P2OUT = 0x29
                0x0000002a                __P2DIR = 0x2a
                0x0000002b                __P2IFG = 0x2b
                0x0000002c                __P2IES = 0x2c
                0x0000002d                __P2IE = 0x2d
                0x0000002e                __P2SEL = 0x2e
                0x0000002f                __P2REN = 0x2f
                0x00000018                __P3IN = 0x18
                0x00000019                __P3OUT = 0x19
                0x0000001a                __P3DIR = 0x1a
                0x0000001b                __P3SEL = 0x1b
                0x00000010                __P3REN = 0x10
                0x0000001c                __P4IN = 0x1c
                0x0000001d                __P4OUT = 0x1d
                0x0000001e                __P4DIR = 0x1e
                0x0000001f                __P4SEL = 0x1f
                0x00000011                __P4REN = 0x11
                0x00000030                __P5IN = 0x30
                0x00000031                __P5OUT = 0x31
                0x00000032                __P5DIR = 0x32
                0x00000033                __P5SEL = 0x33
                0x00000012                __P5REN = 0x12
                0x00000034                __P6IN = 0x34
                0x00000035                __P6OUT = 0x35
                0x00000036                __P6DIR = 0x36
                0x00000037                __P6SEL = 0x37
                0x00000013                __P6REN = 0x13
                0x00000038                __P7IN = 0x38
                0x0000003a                __P7OUT = 0x3a
                0x0000003c                __P7DIR = 0x3c
                0x0000003e                __P7SEL = 0x3e
                0x00000014                __P7REN = 0x14
                0x00000039                __P8IN = 0x39
                0x0000003b                __P8OUT = 0x3b
                0x0000003d                __P8DIR = 0x3d
                0x0000003f                __P8SEL = 0x3f
                0x00000015                __P8REN = 0x15
                0x00000038                __PAIN = 0x38
                0x0000003a                __PAOUT = 0x3a
                0x0000003c                __PADIR = 0x3c
                0x0000003e                __PASEL = 0x3e
                0x00000014                __PAREN = 0x14
                0x00000055                __SVSCTL = 0x55
                0x0000012e                __TAIV = 0x12e
                0x00000160                __TACTL = 0x160
                0x00000162                __TACCTL0 = 0x162
                0x00000164                __TACCTL1 = 0x164
                0x00000166                __TACCTL2 = 0x166
                0x00000170                __TAR = 0x170
                0x00000172                __TACCR0 = 0x172
                0x00000174                __TACCR1 = 0x174
                0x00000176                __TACCR2 = 0x176
                0x0000011e                __TBIV = 0x11e
                0x00000180                __TBCTL = 0x180
                0x00000182                __TBCCTL0 = 0x182
                0x00000184                __TBCCTL1 = 0x184
                0x00000186                __TBCCTL2 = 0x186
                0x00000188                __TBCCTL3 = 0x188
                0x0000018a                __TBCCTL4 = 0x18a
                0x0000018c                __TBCCTL5 = 0x18c
                0x0000018e                __TBCCTL6 = 0x18e
                0x00000190                __TBR = 0x190
                0x00000192                __TBCCR0 = 0x192
                0x00000194                __TBCCR1 = 0x194
                0x00000196                __TBCCR2 = 0x196
                0x00000198                __TBCCR3 = 0x198
                0x0000019a                __TBCCR4 = 0x19a
                0x0000019c                __TBCCR5 = 0x19c
                0x0000019e                __TBCCR6 = 0x19e
                0x00000060                __UCA0CTL0 = 0x60
                0x00000061                __UCA0CTL1 = 0x61
                0x00000062                __UCA0BR0 = 0x62
                0x00000063                __UCA0BR1 = 0x63
                0x00000064                __UCA0MCTL = 0x64
                0x00000065                __UCA0STAT = 0x65
                0x00000066                __UCA0RXBUF = 0x66
                0x00000067                __UCA0TXBUF = 0x67
                0x0000005d                __UCA0ABCTL = 0x5d
                0x0000005e                __UCA0IRTCTL = 0x5e
                0x0000005f                __UCA0IRRCTL = 0x5f
                0x00000068                __UCB0CTL0 = 0x68
                0x00000069                __UCB0CTL1 = 0x69
                0x0000006a                __UCB0BR0 = 0x6a
                0x0000006b                __UCB0BR1 = 0x6b
                0x0000006c                __UCB0I2CIE = 0x6c
                0x0000006d                __UCB0STAT = 0x6d
                0x0000006e                __UCB0RXBUF = 0x6e
                0x0000006f                __UCB0TXBUF = 0x6f
                0x00000118                __UCB0I2COA = 0x118
                0x0000011a                __UCB0I2CSA = 0x11a
                0x000000d0                __UCA1CTL0 = 0xd0
                0x000000d1                __UCA1CTL1 = 0xd1
                0x000000d2                __UCA1BR0 = 0xd2
                0x000000d3                __UCA1BR1 = 0xd3
                0x000000d4                __UCA1MCTL = 0xd4
                0x000000d5                __UCA1STAT = 0xd5
                0x000000d6                __UCA1RXBUF = 0xd6
                0x000000d7                __UCA1TXBUF = 0xd7
                0x000000cd                __UCA1ABCTL = 0xcd
                0x000000ce                __UCA1IRTCTL = 0xce
                0x000000cf                __UCA1IRRCTL = 0xcf
                0x000000d8                __UCB1CTL0 = 0xd8
                0x000000d9                __UCB1CTL1 = 0xd9
                0x000000da                __UCB1BR0 = 0xda
                0x000000db                __UCB1BR1 = 0xdb
                0x000000dc                __UCB1I2CIE = 0xdc
                0x000000dd                __UCB1STAT = 0xdd
                0x000000de                __UCB1RXBUF = 0xde
                0x000000df                __UCB1TXBUF = 0xdf
                0x0000017c                __UCB1I2COA = 0x17c
                0x0000017e                __UCB1I2CSA = 0x17e
                0x00000120                __WDTCTL = 0x120
                0x000010c0                __TLV_CHECKSUM = 0x10c0
                0x000010f6                __TLV_DCO_30_TAG = 0x10f6
                0x000010f7                __TLV_DCO_30_LEN = 0x10f7
                0x000010da                __TLV_ADC12_1_TAG = 0x10da
                0x000010db                __TLV_ADC12_1_LEN = 0x10db
                0x000010f8                __CALDCO_16MHZ = 0x10f8
                0x000010f9                __CALBC1_16MHZ = 0x10f9
                0x000010fa                __CALDCO_12MHZ = 0x10fa
                0x000010fb                __CALBC1_12MHZ = 0x10fb
                0x000010fc                __CALDCO_8MHZ = 0x10fc
                0x000010fd                __CALBC1_8MHZ = 0x10fd
                0x000010fe                __CALDCO_1MHZ = 0x10fe
                0x000010ff                __CALBC1_1MHZ = 0x10ff

.hash
 *(.hash)

.dynsym
 *(.dynsym)

.dynstr
 *(.dynstr)

.gnu.version
 *(.gnu.version)

.gnu.version_d
 *(.gnu.version_d)

.gnu.version_r
 *(.gnu.version_r)

.rel.init
 *(.rel.init)

.rela.init
 *(.rela.init)

.rel.fini
 *(.rel.fini)

.rela.fini
 *(.rela.fini)

.rel.text
 *(.rel.text .rel.text.* .rel.gnu.linkonce.t.*)

.rela.text
 *(.rela.text .rela.text.* .rela.gnu.linkonce.t.*)

.rel.rodata
 *(.rel.rodata .rel.rodata.* .rel.gnu.linkonce.r.*)

.rela.rodata
 *(.rela.rodata .rela.rodata.* .rela.gnu.linkonce.r.*)

.rel.data
 *(.rel.data .rel.data.* .rel.gnu.linkonce.d.*)

.rela.data
 *(.rela.data .rela.data.* .rela.gnu.linkonce.d.*)

.rel.bss
 *(.rel.bss .rel.bss.* .rel.gnu.linkonce.b.*)

.rela.bss
 *(.rela.bss .rela.bss.* .rela.gnu.linkonce.b.*)

.rel.ctors
 *(.rel.ctors)

.rela.ctors
 *(.rela.ctors)

.rel.dtors
 *(.rel.dtors)

.rela.dtors
 *(.rela.dtors)

.rel.got
 *(.rel.got)

.rela.got
 *(.rela.got)

.rel.plt
 *(.rel.plt)

.rela.plt
 *(.rela.plt)

.text           0x00003100     0xd34a
                0x00003100                . = ALIGN (0x2)
 *(.init .init.*)
 *(.init0)
 .init0         0x00003100        0x0 /usr/lib/gcc/msp430/4.6.3/mcpu-430x/mmpy-16/libcrt0.a(_reset_vector__.o)
                0x00003100                _reset_vector__
 *(.init1)
 .init1         0x00003100        0xc /usr/lib/gcc/msp430/4.6.3/mcpu-430x/mmpy-16/libcrt0.a(__watchdog_support.o)
                0x00003100                __watchdog_support
 *(.init2)
 .init2         0x0000310c        0x4 /usr/lib/gcc/msp430/4.6.3/mcpu-430x/mmpy-16/libcrt0.a(__init_stack.o)
                0x0000310c                __init_stack
 *(.init3)
 .init3         0x00003110        0x0 /usr/lib/gcc/msp430/4.6.3/mcpu-430x/mmpy-16/libcrt0.a(__low_level_init.o)
                0x00003110                __low_level_init
 *(.init4)
 .init4         0x00003110       0x18 /usr/lib/gcc/msp430/4.6.3/mcpu-430x/mmpy-16/libcrt0.a(_copy_data.o)
                0x00003110                __do_copy_data
 .init4         0x00003128       0x16 /usr/lib/gcc/msp430/4.6.3/mcpu-430x/mmpy-16/libcrt0.a(_clear_bss.o)
                0x00003128                __do_clear_bss
 *(.init5)
 *(.init6)
 *(.init7)
 *(.init8)
 *(.init9)
 .init9         0x0000313e      0x348 obj_z1/contiki-z1-main.o
                0x0000313e                main
 *(.fini9)
 .fini9         0x00003486        0x0 /usr/lib/gcc/msp430/4.6.3/mcpu-430x/mmpy-16/libcrt0.a(__stop_progExec__.o)
                0x00003486                __stop_progExec__
 *(.fini8)
 *(.fini7)
 *(.fini6)
 *(.fini5)
 *(.fini4)
 *(.fini3)
 *(.fini2)
 *(.fini1)
 *(.fini0)
 .fini0         0x00003486        0x6 /usr/lib/gcc/msp430/4.6.3/mcpu-430x/mmpy-16/libcrt0.a(_endless_loop__.o)
                0x00003486                _endless_loop__
 *(.fini .fini.*)
                0x0000348c                . = ALIGN (0x2)
                0x0000348c                __ctors_start = .
 *(.ctors)
                0x0000348c                __ctors_end = .
                0x0000348c                __dtors_start = .
 *(.dtors)
                0x0000348c                __dtors_end = .
                0x0000348c                . = ALIGN (0x2)
 *(.text .text.* .gnu.linkonce.t.*)
 .text          0x0000348c        0x4 /usr/lib/gcc/msp430/4.6.3/mcpu-430x/mmpy-16/crt0ivtbl32.o
                0x0000348c                __isr_14
                0x0000348c                __isr_4
                0x0000348c                __isr_29
                0x0000348c                __isr_11
                0x0000348c                __isr_5
                0x0000348c                __isr_2
                0x0000348c                __isr_10
                0x0000348c                __isr_7
                0x0000348c                __isr_0
                0x0000348c                __isr_28
                0x0000348c                __isr_8
                0x0000348c                __isr_20
                0x0000348c                __isr_3
                0x0000348c                __isr_12
                0x0000348c                __isr_13
                0x0000348c                __isr_27
                0x0000348c                __isr_9
                0x0000348c                __isr_30
                0x0000348c                __isr_6
                0x0000348c                __isr_22
                0x0000348c                __isr_1
                0x0000348c                __isr_15
                0x0000348c                __isr_21
 .text.crt0     0x00003490        0x0 /usr/lib/gcc/msp430/4.6.3/mcpu-430x/mmpy-16/crt0ivtbl32.o
 .text          0x00003490       0xf0 broadcast-example.co
 .text          0x00003580        0x6 obj_z1/contiki-z1-main.o
                0x00003580                uip_log
 .text          0x00003586        0xc contiki-z1.a(contiki-z1-plat)
                0x00003586                init_platform
 .text          0x00003592       0xe8 contiki-z1.a(msp430.o)
                0x00003592                msp430_init_dco
                0x000035ba                msp430_add_lpm_req
                0x000035c6                msp430_remove_lpm_req
                0x000035d2                splhigh_
                0x000035da                msp430_sync_dco
                0x0000364c                msp430_cpu_init
 .text          0x0000367a      0x146 contiki-z1.a(leds.o)
                0x00003768                leds_init
                0x00003772                leds_get
                0x00003778                leds_set
                0x0000377e                leds_on
                0x00003788                leds_off
                0x00003796                leds_toggle
                0x000037a0                leds_blink
 .text          0x000037c0       0x5c contiki-z1.a(watchdog.o)
                0x000037c0                __isr_26
                0x000037c0                watchdog_interrupt
                0x000037c6                watchdog_start
                0x000037da                watchdog_periodic
                0x000037ec                watchdog_stop
                0x00003802                watchdog_init
                0x00003816                watchdog_reboot
 .text          0x0000381c      0x350 contiki-z1.a(xmem.o)
                0x00003894                xmem_init
                0x000038b2                xmem_pread
                0x00003982                xmem_pwrite
                0x00003ab6                xmem_erase
 .text          0x00003b6c       0x38 contiki-z1.a(spi.o)
                0x00003b6c                spi_init
 .text          0x00003ba4      0xb74 contiki-z1.a(cc2420.o)
                0x00003fda                cc2420_on
                0x00003ffc                cc2420_off
                0x00004226                cc2420_get_channel
                0x0000422c                cc2420_set_channel
                0x00004266                cc2420_set_pan_addr
                0x000042b2                cc2420_interrupt
                0x000042ca                cc2420_set_txpower
                0x000042d8                cc2420_get_txpower
                0x00004414                cc2420_rssi
                0x0000455e                cc2420_set_cca_threshold
                0x00004628                cc2420_init
 .text          0x00004718       0x1a contiki-z1.a(cc2420-arch.o)
                0x00004718                cc2420_arch_init
 .text          0x00004732       0x9a contiki-z1.a(node-id.o)
                0x00004732                node_id_restore
                0x0000477e                node_id_burn
 .text          0x000047cc      0x158 contiki-z1.a(sensors.o)
                0x0000488a                sensors_first
                0x00004890                sensors_next
                0x000048bc                sensors_changed
                0x000048e6                sensors_find
 .text          0x00004924       0xe6 contiki-z1.a(uart0.o)
                0x00004924                uart0_active
                0x00004932                uart0_set_input
                0x00004938                uart0_writeb
                0x00004950                uart0_init
                0x000049a4                __isr_23
                0x000049a4                uart0_rx_interrupt
 .text          0x00004a0a       0x10 contiki-z1.a(uart0-putchar.o)
                0x00004a0a                putchar
 .text          0x00004a1a        0x0 contiki-z1.a(z1-sensors.o)
 .text          0x00004a1a      0x394 contiki-z1.a(adxl345.o)
                0x00004b2e                accm_read_axis
                0x00004bb4                accm_set_grange
                0x00004be4                accm_init
                0x00004c5a                accm_stop
                0x00004cb2                accm_set_irq
                0x00004cea                port1_isr
                0x00004cea                __isr_18
 .text          0x00004dae      0x172 contiki-z1.a(tmp102.o)
                0x00004dc0                tmp102_init
                0x00004de4                tmp102_stop
                0x00004e16                tmp102_write_reg
                0x00004e4e                tmp102_read_reg
                0x00004eae                tmp102_read_temp_raw
                0x00004eb6                tmp102_read_temp_x100
                0x00004f12                tmp102_read_temp_simple
 .text          0x00004f20      0x1e8 contiki-z1.a(clock.o)
                0x00004f20                __isr_24
                0x00004f20                timera1
                0x0000502a                clock_time
                0x00005044                clock_set
                0x0000505a                clock_fine_max
                0x00005060                clock_fine
                0x0000506c                clock_init
                0x00005094                clock_delay
                0x000050a0                clock_wait
                0x000050c8                clock_set_seconds
                0x000050e0                clock_seconds
                0x000050fa                clock_counter
 .text          0x00005108       0x78 contiki-z1.a(leds-arch.o)
                0x00005108                leds_arch_init
                0x00005116                leds_arch_get
                0x00005146                leds_arch_set
 .text          0x00005180       0x7e contiki-z1.a(rtimer-arch.o)
                0x00005180                rtimer_arch_init
                0x0000518e                rtimer_arch_now
                0x0000519c                __isr_25
                0x0000519c                timera0
                0x000051f8                rtimer_arch_schedule
 .text          0x000051fe       0x2a contiki-z1.a(autostart.o)
                0x000051fe                autostart_start
                0x00005214                autostart_exit
 .text          0x00005228      0x1c4 contiki-z1.a(ctimer.o)
                0x000052c4                ctimer_init
                0x000052dc                ctimer_set_with_process
                0x0000532a                ctimer_set
                0x0000533a                ctimer_reset
                0x00005366                ctimer_restart
                0x00005392                ctimer_stop
                0x000053ba                ctimer_expired
 .text          0x000053ec       0xae contiki-z1.a(energest.o)
                0x000053ec                energest_init
                0x00005414                energest_type_time
                0x00005450                energest_leveldevice_leveltime
                0x00005456                energest_type_set
                0x00005462                energest_flush
 .text          0x0000549a      0x270 contiki-z1.a(etimer.o)
                0x0000550a                etimer_request_poll
                0x00005614                etimer_set
                0x00005626                etimer_reset_with_new_interval
                0x00005644                etimer_reset
                0x00005656                etimer_restart
                0x00005668                etimer_adjust
                0x00005682                etimer_expired
                0x00005690                etimer_expiration_time
                0x000056a4                etimer_start_time
                0x000056ac                etimer_pending
                0x000056b8                etimer_next_expiration_time
                0x000056ce                etimer_stop
 .text          0x0000570a      0x282 contiki-z1.a(process.o)
                0x0000580a                process_alloc_event
                0x00005818                process_exit
                0x00005822                process_init
                0x0000583e                process_run
                0x000058ca                process_nevents
                0x000058d8                process_post
                0x00005922                process_post_synch
                0x00005934                process_start
                0x00005966                process_poll
                0x0000597e                process_is_running
 .text          0x0000598c       0x50 contiki-z1.a(rtimer.o)
                0x0000598c                rtimer_init
                0x00005992                rtimer_set
                0x000059b6                rtimer_run_next
 .text          0x000059dc       0x8c contiki-z1.a(timer.o)
                0x000059dc                timer_set
                0x000059f8                timer_reset
                0x00005a06                timer_restart
                0x00005a1a                timer_expired
                0x00005a44                timer_remaining
 .text          0x00005a68       0xf6 contiki-z1.a(list.o)
                0x00005a68                list_init
                0x00005a6e                list_head
                0x00005a72                list_copy
                0x00005a78                list_tail
                0x00005a8a                list_chop
                0x00005aae                list_pop
                0x00005abc                list_remove
                0x00005af0                list_push
                0x00005b06                list_add
                0x00005b2c                list_length
                0x00005b3c                list_insert
                0x00005b52                list_item_next
 .text          0x00005b5e        0xc contiki-z1.a(random.o)
                0x00005b5e                random_init
                0x00005b64                random_rand
 .text          0x00005b6a     0x1126 contiki-z1.a(sicslowpan.o)
                0x00006546                sicslowpan_init
                0x00006c7e                rime_sniffer_add
                0x00006c84                rime_sniffer_remove
                0x00006c8a                sicslowpan_get_last_rssi
 .text          0x00006c90     0x12b4 contiki-z1.a(uip6.o)
                0x00006de4                uip_add32
                0x00006e48                uip_chksum
                0x00006e60                uip_icmp6chksum
                0x00006e6a                uip_tcpchksum
                0x00006e74                uip_udpchksum
                0x00006e7e                uip_init
                0x00006ed4                uip_connect
                0x00006fda                remove_ext_hdr
                0x0000702c                uip_udp_new
                0x000070cc                uip_unlisten
                0x000070e8                uip_listen
                0x00007106                uip_process
                0x00007ea6                uip_htons
                0x00007eb2                uip_htonl
                0x00007edc                uip_send
 .text.unlikely
                0x00007f44       0x2e contiki-z1.a(uip6.o)
 .text          0x00007f72      0x688 contiki-z1.a(uip-ds6.o)
                0x00007f72                uip_ds6_list_loop
                0x00007fd8                uip_ds6_prefix_add
                0x00008048                uip_ds6_prefix_rm
                0x00008052                uip_ds6_prefix_lookup
                0x0000807a                uip_ds6_is_addr_onlink
                0x000080bc                uip_ds6_addr_lookup
                0x000080e6                uip_ds6_get_link_local
                0x00008124                uip_ds6_get_global
                0x00008162                uip_ds6_maddr_add
                0x000081aa                uip_ds6_addr_add
                0x0000825e                uip_ds6_maddr_rm
                0x00008268                uip_ds6_maddr_lookup
                0x00008292                uip_ds6_addr_rm
                0x000082e6                uip_ds6_periodic
                0x0000832c                uip_ds6_aaddr_add
                0x00008372                uip_ds6_aaddr_rm
                0x0000837c                uip_ds6_aaddr_lookup
                0x000083a4                uip_ds6_set_addr_iid
                0x000083b8                get_match_length
                0x000083f2                uip_ds6_select_src
                0x0000848c                uip_ds6_compute_reachable_time
                0x000084c2                uip_ds6_init
 .text          0x000085fa      0x12c contiki-z1.a(uip-ds6-nbr.o)
                0x000085fa                uip_ds6_nbr_rm
                0x00008618                uip_ds6_neighbors_init
                0x0000862a                uip_ds6_nbr_add
                0x00008660                uip_ds6_nbr_get_ipaddr
                0x00008662                uip_ds6_nbr_get_ll
                0x0000866e                uip_ds6_nbr_num
                0x00008692                uip_ds6_nbr_lookup
                0x000086d0                uip_ds6_nbr_ll_lookup
                0x000086dc                uip_ds6_nbr_ipaddr_from_lladdr
                0x000086e2                uip_ds6_nbr_lladdr_from_ipaddr
                0x000086f4                uip_ds6_link_neighbor_callback
 .text          0x00008726      0x494 contiki-z1.a(uip-ds6-route.o)
                0x00008766                uip_ds6_notification_add
                0x0000877e                uip_ds6_notification_rm
                0x0000878a                uip_ds6_route_init
                0x000087c0                uip_ds6_route_nexthop
                0x000087da                uip_ds6_route_head
                0x000087e4                uip_ds6_route_next
                0x000087f2                uip_ds6_route_is_nexthop
                0x00008810                uip_ds6_route_num_routes
                0x00008816                uip_ds6_route_lookup
                0x00008884                uip_ds6_route_rm
                0x0000895e                uip_ds6_route_add
                0x00008a5a                uip_ds6_route_rm_by_nexthop
                0x00008a6e                uip_ds6_defrt_rm
                0x00008ab2                uip_ds6_defrt_lookup
                0x00008ae4                uip_ds6_defrt_add
                0x00008b4c                uip_ds6_defrt_choose
                0x00008b82                uip_ds6_defrt_periodic
 .text          0x00008bba      0x3e4 contiki-z1.a(uip-icmp6.o)
                0x00008d2e                uip_icmp6_input
                0x00008d6e                uip_icmp6_register_input_handler
                0x00008d7a                uip_icmp6_error_output
                0x00008ee2                uip_icmp6_send
                0x00008f68                uip_icmp6_echo_reply_callback_add
                0x00008f80                uip_icmp6_echo_reply_callback_rm
                0x00008f8c                uip_icmp6_init
 .text          0x00008f9e      0x17c contiki-z1.a(uip-nd6.o)
                0x00008f9e                uip_nd6_ns_output
                0x00009118                uip_nd6_init
 .text          0x0000911a      0x19e contiki-z1.a(simple-udp.o)
                0x000091b6                simple_udp_send
                0x000091e0                simple_udp_sendto
                0x00009208                simple_udp_sendto_port
                0x0000922e                simple_udp_register
 .text          0x000092b8      0x408 contiki-z1.a(tcpip.o)
                0x000092ce                tcpip_output
                0x000092de                tcpip_set_outputfunc
                0x000092e4                tcp_unlisten
                0x0000930a                tcp_listen
                0x0000932e                tcp_attach
                0x0000933a                udp_attach
                0x00009346                udp_new
                0x00009360                udp_broadcast_new
                0x000093a6                tcpip_input
                0x000093bc                tcpip_ipv6_output
                0x0000961e                tcpip_poll_udp
                0x0000962c                tcpip_poll_tcp
                0x0000963a                tcp_connect
                0x0000965c                tcpip_uipcall
 .text          0x000096c0       0xba contiki-z1.a(uip-debug.o)
                0x000096c0                uip_debug_ipaddr_print
 .text          0x0000977a       0x80 contiki-z1.a(uip-udp-packet.)
                0x0000977a                uip_udp_packet_send
                0x000097a4                uip_udp_packet_sendto
 .text          0x000097fa      0x29c contiki-z1.a(rpl.o)
                0x000097fa                rpl_get_mode
                0x00009800                rpl_set_mode
                0x00009852                rpl_purge_routes
                0x000098e8                rpl_remove_routes
                0x0000990a                rpl_remove_routes_by_nexthop
                0x00009948                rpl_add_route
                0x0000998a                rpl_link_neighbor_callback
                0x000099d6                rpl_ipv6_neighbor_callback
                0x000099f4                rpl_purge_dags
                0x00009a52                rpl_init
 .text          0x00009a96     0x1220 contiki-z1.a(rpl-dag.o)
                0x00009bfe                rpl_dag_init
                0x00009c0c                rpl_get_parent
                0x00009c18                rpl_get_parent_rank
                0x00009c30                rpl_get_parent_link_metric
                0x00009c5e                rpl_rank_via_parent
                0x00009c8c                rpl_get_parent_lladdr
                0x00009c98                rpl_get_nbr
                0x00009cb0                rpl_get_parent_ipaddr
                0x00009cba                rpl_get_parent_link_stats
                0x00009cc4                rpl_print_neighbor_list
                0x00009dd2                rpl_parent_is_fresh
                0x00009e40                rpl_parent_is_reachable
                0x00009e86                rpl_set_prefix
                0x00009efa                rpl_set_default_route
                0x00009f34                rpl_alloc_instance
                0x00009f68                rpl_set_default_instance
                0x00009f6e                rpl_get_default_instance
                0x00009f74                rpl_add_parent
                0x00009fc0                rpl_find_parent
                0x00009fd8                rpl_find_parent_any_dag
                0x00009ff8                rpl_select_parent
                0x0000a05a                rpl_select_dag
                0x0000a1c8                rpl_nullify_parent
                0x0000a224                rpl_remove_parent
                0x0000a26c                rpl_free_dag
                0x0000a2b0                rpl_free_instance
                0x0000a318                rpl_move_parent
                0x0000a378                rpl_has_downward_route
                0x0000a38e                rpl_get_dag
                0x0000a3ea                rpl_get_any_dag
                0x0000a402                rpl_get_instance
                0x0000a41c                rpl_alloc_dag
                0x0000a478                rpl_repair_root
                0x0000a4c8                rpl_find_of
                0x0000a4d8                rpl_set_root
                0x0000a606                rpl_join_instance
                0x0000a74a                rpl_local_repair
                0x0000a7c2                rpl_process_parent_event
                0x0000a844                rpl_recalculate_ranks
                0x0000a88a                rpl_add_dag
                0x0000a98e                rpl_process_dio
 .text          0x0000acb6      0x326 contiki-z1.a(rpl-ext-header.)
                0x0000ae16                rpl_verify_hbh_header
                0x0000af0e                rpl_remove_header
                0x0000af84                rpl_update_header
 .text          0x0000afdc      0xf1a contiki-z1.a(rpl-icmp6.o)
                0x0000b474                rpl_icmp6_update_nbr_table
                0x0000b8ea                dis_output
                0x0000b95a                dio_output
                0x0000bcba                dao_output_target
                0x0000be28                dao_output
                0x0000bed2                dao_ack_output
                0x0000bed4                rpl_icmp6_register_handlers
 .text          0x0000bef6      0x41a contiki-z1.a(rpl-mrhof.o)
                0x0000c2d8                suelo
 .text          0x0000c310      0x4fa contiki-z1.a(rpl-timers.o)
                0x0000c5d4                rpl_reset_periodic_timer
                0x0000c630                rpl_reset_dio_timer
                0x0000c648                rpl_schedule_dao
                0x0000c654                rpl_schedule_dao_immediately
                0x0000c65e                rpl_cancel_dao
                0x0000c678                rpl_schedule_unicast_dio_immediately
                0x0000c68e                get_probing_delay
                0x0000c6ce                get_probing_target
                0x0000c7b0                rpl_schedule_probing
 .text          0x0000c80a       0x26 contiki-z1.a(linkaddr.o)
                0x0000c80a                linkaddr_copy
                0x0000c812                linkaddr_cmp
                0x0000c824                linkaddr_set_node_addr
 .text          0x0000c830      0x238 contiki-z1.a(link-stats.o)
                0x0000c85c                link_stats_from_lladdr
                0x0000c868                link_stats_is_fresh
                0x0000c898                guess_etx_from_rssi
                0x0000c8da                link_stats_packet_sent
                0x0000c99a                link_stats_input_callback
                0x0000ca46                link_stats_init
 .text          0x0000ca68      0x4fc contiki-z1.a(nbr-table.o)
                0x0000cc3e                nbr_table_register
                0x0000cc64                nbr_table_next
                0x0000ccdc                nbr_table_head
                0x0000cd0e                nbr_table_add_lladdr
                0x0000ce2e                nbr_table_get_from_lladdr
                0x0000ce72                nbr_table_remove
                0x0000ce9c                nbr_table_lock
                0x0000ceac                nbr_table_unlock
                0x0000cebc                nbr_table_get_lladdr
                0x0000cf10                nbr_table_update_lladdr
 .text          0x0000cf64       0x3c contiki-z1.a(net-debug.o)
                0x0000cf64                net_debug_lladdr_print
 .text          0x0000cfa0      0x1b0 contiki-z1.a(packetbuf.o)
                0x0000cfa0                packetbuf_hdrreduce
                0x0000cfba                packetbuf_set_datalen
                0x0000cfc0                packetbuf_hdrptr
                0x0000cfc6                packetbuf_datalen
                0x0000cfcc                packetbuf_hdrlen
                0x0000cfd6                packetbuf_dataptr
                0x0000cfe2                packetbuf_copyto
                0x0000d01c                packetbuf_compact
                0x0000d052                packetbuf_totlen
                0x0000d05e                packetbuf_hdralloc
                0x0000d098                packetbuf_attr_clear
                0x0000d0c0                packetbuf_clear
                0x0000d0d2                packetbuf_copyfrom
                0x0000d0fc                packetbuf_attr_copyto
                0x0000d11e                packetbuf_attr_copyfrom
                0x0000d142                packetbuf_holds_broadcast
 .text          0x0000d150      0x13c contiki-z1.a(queuebuf.o)
                0x0000d150                queuebuf_init
                0x0000d162                queuebuf_numfree
                0x0000d16c                queuebuf_new_from_packetbuf
                0x0000d1ba                queuebuf_update_attr_from_packetbuf
                0x0000d1cc                queuebuf_update_from_packetbuf
                0x0000d1ee                queuebuf_free
                0x0000d218                queuebuf_to_packetbuf
                0x0000d24a                queuebuf_dataptr
                0x0000d266                queuebuf_datalen
                0x0000d26e                queuebuf_addr
                0x0000d27c                queuebuf_attr
                0x0000d28a                queuebuf_debug_print
 .text          0x0000d28c      0x388 contiki-z1.a(csma.o)
 .text          0x0000d614      0x1c6 contiki-z1.a(framer-802154.o)
 .text          0x0000d7da       0x14 contiki-z1.a(mac.o)
                0x0000d7da                mac_call_sent_callback
 .text          0x0000d7ee      0x5f0 contiki-z1.a(contikimac.o)
                0x0000ddda                contikimac_debug_print
 .text          0x0000ddde       0x12 contiki-z1.a(nullsec.o)
 .text          0x0000ddf0      0x1b2 contiki-z1.a(i2cmaster.o)
                0x0000ddf0                i2c_setrate
                0x0000ddf6                i2c_receiveinit
                0x0000de2e                i2c_transmitinit
                0x0000de60                i2c_receive_n
                0x0000dea4                i2c_busy
                0x0000deae                i2c_enable
                0x0000ded2                i2c_disable
                0x0000deec                i2c_transmit_n
                0x0000df00                __isr_16
                0x0000df00                i2c_tx_interrupt
                0x0000df8a                i2c_rx_interrupt
                0x0000df8a                __isr_17
 .text          0x0000dfa2      0x100 contiki-z1.a(button-sensor.o)
                0x0000e02c                irq_p2
                0x0000e02c                __isr_19
 .text          0x0000e0a2       0xa4 contiki-z1.a(stimer.o)
                0x0000e0a2                stimer_set
                0x0000e0be                stimer_reset
                0x0000e0cc                stimer_restart
                0x0000e0e0                stimer_expired
                0x0000e110                stimer_remaining
                0x0000e134                stimer_elapsed
 .text          0x0000e146      0x102 contiki-z1.a(memb.o)
                0x0000e146                memb_init
                0x0000e17c                memb_alloc
                0x0000e1ba                memb_free
                0x0000e1f4                memb_inmemb
                0x0000e222                memb_numfree
 .text          0x0000e248      0x1a2 contiki-z1.a(rpl-nbr-policy.)
                0x0000e334                find_removable_dis
                0x0000e34a                find_removable_dio
                0x0000e386                find_removable_dao
                0x0000e3ba                rpl_nbr_policy_find_removable
 .text          0x0000e3ea      0x558 contiki-z1.a(frame802154.o)
                0x0000e3ea                frame802154_get_pan_id
                0x0000e3f0                frame802154_set_pan_id
                0x0000e3f6                frame802154_has_panid
                0x0000e51e                frame802154_check_dest_panid
                0x0000e556                frame802154_is_broadcast_addr
                0x0000e57a                frame802154_extract_linkaddr
                0x0000e606                frame802154_hdrlen
                0x0000e638                frame802154_create
                0x0000e76e                frame802154_parse
 .text          0x0000e942       0xd0 contiki-z1.a(mac-sequence.o)
                0x0000e942                mac_sequence_is_duplicate
                0x0000e99a                mac_sequence_register_seqno
 .text          0x0000ea12        0x0 /usr/lib/gcc/msp430/4.6.3/mcpu-430x/mmpy-16/libgcc.a(_mulsi3.o)
 .text.libgcc   0x0000ea12       0x2a /usr/lib/gcc/msp430/4.6.3/mcpu-430x/mmpy-16/libgcc.a(_mulsi3.o)
                0x0000ea12                __mulsi3
 .text          0x0000ea3c        0x0 /usr/lib/gcc/msp430/4.6.3/mcpu-430x/mmpy-16/libgcc.a(_udivmod16.o)
 .text.libgcc   0x0000ea3c       0x22 /usr/lib/gcc/msp430/4.6.3/mcpu-430x/mmpy-16/libgcc.a(_udivmod16.o)
                0x0000ea3c                __udivhi3
                0x0000ea3c                __ext_udivmod16
                0x0000ea56                __umodhi3
 .text          0x0000ea5e        0x0 /usr/lib/gcc/msp430/4.6.3/mcpu-430x/mmpy-16/libgcc.a(_divmod16.o)
 .text.libgcc   0x0000ea5e       0x3a /usr/lib/gcc/msp430/4.6.3/mcpu-430x/mmpy-16/libgcc.a(_divmod16.o)
                0x0000ea5e                __ext_divmod16
                0x0000ea5e                __divhi3
                0x0000ea90                __modhi3
 .text          0x0000ea98        0x0 /usr/lib/gcc/msp430/4.6.3/mcpu-430x/mmpy-16/libgcc.a(_udivmod32.o)
 .text.libgcc   0x0000ea98       0x38 /usr/lib/gcc/msp430/4.6.3/mcpu-430x/mmpy-16/libgcc.a(_udivmod32.o)
                0x0000ea98                __udivsi3
                0x0000ea98                __ext_udivmod32
                0x0000eac6                __umodsi3
 .text          0x0000ead0        0x0 /usr/lib/gcc/msp430/4.6.3/mcpu-430x/mmpy-16/libgcc.a(_divmod32.o)
 .text.libgcc   0x0000ead0       0x4c /usr/lib/gcc/msp430/4.6.3/mcpu-430x/mmpy-16/libgcc.a(_divmod32.o)
                0x0000ead0                __ext_divmod32
                0x0000ead0                __divsi3
                0x0000eb12                __modsi3
 .text          0x0000eb1c       0x3c /usr/lib/gcc/msp430/4.6.3/mcpu-430x/mmpy-16/libgcc.a(_fixunssfsi.o)
                0x0000eb1c                __fixunssfsi
 .text          0x0000eb58      0x318 /usr/lib/gcc/msp430/4.6.3/mcpu-430x/mmpy-16/libgcc.a(_addsub_sf.o)
                0x0000edd4                __addsf3
                0x0000ee20                __subsf3
 .text          0x0000ee70      0x21e /usr/lib/gcc/msp430/4.6.3/mcpu-430x/mmpy-16/libgcc.a(_mul_sf.o)
                0x0000ee70                __mulsf3
 .text          0x0000f08e      0x14a /usr/lib/gcc/msp430/4.6.3/mcpu-430x/mmpy-16/libgcc.a(_div_sf.o)
                0x0000f08e                __divsf3
 .text          0x0000f1d8       0x50 /usr/lib/gcc/msp430/4.6.3/mcpu-430x/mmpy-16/libgcc.a(_ge_sf.o)
                0x0000f1d8                __gesf2
 .text          0x0000f228       0x50 /usr/lib/gcc/msp430/4.6.3/mcpu-430x/mmpy-16/libgcc.a(_lt_sf.o)
                0x0000f228                __ltsf2
 .text          0x0000f278       0xa2 /usr/lib/gcc/msp430/4.6.3/mcpu-430x/mmpy-16/libgcc.a(_si_to_sf.o)
                0x0000f278                __floatsisf
 .text          0x0000f31a       0x90 /usr/lib/gcc/msp430/4.6.3/mcpu-430x/mmpy-16/libgcc.a(_sf_to_si.o)
                0x0000f31a                __fixsfsi
 .text          0x0000f3aa        0x0 /usr/lib/gcc/msp430/4.6.3/mcpu-430x/mmpy-16/libgcc.a(_thenan_sf.o)
 .text          0x0000f3aa       0xe0 /usr/lib/gcc/msp430/4.6.3/mcpu-430x/mmpy-16/libgcc.a(_usi_to_sf.o)
                0x0000f3aa                __floatunsisf
 .text          0x0000f48a       0x6a /usr/lib/gcc/msp430/4.6.3/mcpu-430x/mmpy-16/libgcc.a(_clzsi2.o)
                0x0000f48a                __clzsi2
 .text          0x0000f4f4      0x1c6 /usr/lib/gcc/msp430/4.6.3/mcpu-430x/mmpy-16/libgcc.a(_pack_sf.o)
                0x0000f4f4                __pack_f
 .text          0x0000f6ba      0x10c /usr/lib/gcc/msp430/4.6.3/mcpu-430x/mmpy-16/libgcc.a(_unpack_sf.o)
                0x0000f6ba                __unpack_f
 .text          0x0000f7c6       0xa4 /usr/lib/gcc/msp430/4.6.3/mcpu-430x/mmpy-16/libgcc.a(_fpcmp_parts_sf.o)
                0x0000f7c6                __fpcmp_parts_f
 .text          0x0000f86a        0x0 /usr/lib/gcc/msp430/4.6.3/mcpu-430x/mmpy-16/libgcc.a(_clz.o)
 .text          0x0000f86a       0x28 /usr/lib/gcc/msp430/4.6.3/../../../../msp430/lib/mcpu-430x/mmpy-16/libc.a(strncmp.o)
                0x0000f86a                strncmp
 .text          0x0000f892       0x20 /usr/lib/gcc/msp430/4.6.3/../../../../msp430/lib/mcpu-430x/mmpy-16/libc.a(memcmp.o)
                0x0000f892                memcmp
 .text          0x0000f8b2       0xe4 /usr/lib/gcc/msp430/4.6.3/../../../../msp430/lib/mcpu-430x/mmpy-16/libc.a(memcpy.o)
                0x0000f8b2                memcpy
 .text          0x0000f996       0xe4 /usr/lib/gcc/msp430/4.6.3/../../../../msp430/lib/mcpu-430x/mmpy-16/libc.a(memmove.o)
                0x0000f996                memmove
 .text          0x0000fa7a       0x5c /usr/lib/gcc/msp430/4.6.3/../../../../msp430/lib/mcpu-430x/mmpy-16/libc.a(memset.o)
                0x0000fa7a                memset
 .text          0x0000fad6       0x1e /usr/lib/gcc/msp430/4.6.3/../../../../msp430/lib/mcpu-430x/mmpy-16/libc.a(printf.o)
                0x0000fad6                printf
                0x0000fae6                vprintf
 .text          0x0000faf4      0x818 /usr/lib/gcc/msp430/4.6.3/../../../../msp430/lib/mcpu-430x/mmpy-16/libc.a(vuprintf.o)
                0x0000fc70                vuprintf
 .text          0x0001030c       0x2c /usr/lib/gcc/msp430/4.6.3/../../../../msp430/lib/mcpu-430x/mmpy-16/libc.a(puts.o)
                0x0001030c                puts
 .text          0x00010338       0x54 /usr/lib/gcc/msp430/4.6.3/../../../../msp430/lib/mcpu-430x/mmpy-16/libc.a(rand.o)
                0x00010338                rand_r
                0x0001035c                rand
                0x00010382                srand
 .text          0x0001038c        0x0 /usr/lib/gcc/msp430/4.6.3/mcpu-430x/mmpy-16/libgcc.a(_udivmod64.o)
 .text.libgcc   0x0001038c       0xbc /usr/lib/gcc/msp430/4.6.3/mcpu-430x/mmpy-16/libgcc.a(_udivmod64.o)
                0x0001038c                __xabi_udivmod64
                0x000103de                __udivdi3
                0x000103f8                __umoddi3
                0x0001041a                __udivmoddi4
 .text          0x00010448        0x0 /usr/lib/gcc/msp430/4.6.3/mcpu-430x/mmpy-16/libcrt0.a(_reset_vector__.o)
 .text          0x00010448        0x0 /usr/lib/gcc/msp430/4.6.3/mcpu-430x/mmpy-16/libcrt0.a(__watchdog_support.o)
 .text          0x00010448        0x0 /usr/lib/gcc/msp430/4.6.3/mcpu-430x/mmpy-16/libcrt0.a(__init_stack.o)
 .text          0x00010448        0x0 /usr/lib/gcc/msp430/4.6.3/mcpu-430x/mmpy-16/libcrt0.a(__low_level_init.o)
 .text          0x00010448        0x0 /usr/lib/gcc/msp430/4.6.3/mcpu-430x/mmpy-16/libcrt0.a(_copy_data.o)
 .text          0x00010448        0x0 /usr/lib/gcc/msp430/4.6.3/mcpu-430x/mmpy-16/libcrt0.a(_clear_bss.o)
 .text          0x00010448        0x0 /usr/lib/gcc/msp430/4.6.3/mcpu-430x/mmpy-16/libcrt0.a(__stop_progExec__.o)
 .text          0x00010448        0x0 /usr/lib/gcc/msp430/4.6.3/mcpu-430x/mmpy-16/libcrt0.a(_endless_loop__.o)
 .text          0x00010448        0x0 /usr/lib/gcc/msp430/4.6.3/mcpu-430x/mmpy-16/libcrt0.a(_unexpected_.o)
 .text.crt0     0x00010448        0x2 /usr/lib/gcc/msp430/4.6.3/mcpu-430x/mmpy-16/libcrt0.a(_unexpected_.o)
                0x00010448                _unexpected_
                0x0001044a                . = ALIGN (0x2)

.rodata         0x0001044a      0xe94
                0x0001044a                . = ALIGN (0x2)
 *(.rodata .rodata.* .gnu.linkonce.r.*)
 .rodata        0x0001044a       0x70 broadcast-example.co
                0x00010498                autostart_processes
 .rodata        0x000104ba      0x115 obj_z1/contiki-z1-main.o
 .rodata        0x000105cf       0x2c contiki-z1.a(xmem.o)
 *fill*         0x000105fb        0x1 00
 .rodata        0x000105fc       0x70 contiki-z1.a(cc2420.o)
                0x0001062e                cc2420_aes_128_driver
                0x00010632                cc2420_driver
 .rodata        0x0001066c        0x8 contiki-z1.a(sensors.o)
 .rodata        0x00010674       0x2e contiki-z1.a(adxl345.o)
                0x00010684                adxl345
 .rodata        0x000106a2       0x16 contiki-z1.a(tmp102.o)
                0x000106b0                tmp102
 .rodata        0x000106b8        0xf contiki-z1.a(ctimer.o)
 .rodata        0x000106c7        0xc contiki-z1.a(etimer.o)
 *fill*         0x000106d3        0x1 00
 .rodata        0x000106d4       0x24 contiki-z1.a(sicslowpan.o)
                0x000106e0                sicslowpan_driver
                0x000106e6                llprefix
                0x000106e8                unc_mxconf
                0x000106ec                unc_ctxconf
                0x000106f0                unc_llconf
 .rodata        0x000106f8       0x20 contiki-z1.a(uip6.o)
 .rodata        0x00010718       0x13 contiki-z1.a(simple-udp.o)
 .rodata        0x0001072b        0xd contiki-z1.a(tcpip.o)
 .rodata        0x00010738       0x28 contiki-z1.a(uip-debug.o)
 .rodata        0x00010760       0x84 contiki-z1.a(rpl-dag.o)
 .rodata        0x000107e4      0x90b contiki-z1.a(rpl-icmp6.o)
 .rodata        0x000110ef       0x6a contiki-z1.a(rpl-mrhof.o)
 *fill*         0x00011159        0x1 00
 .rodata        0x0001115a        0x8 contiki-z1.a(linkaddr.o)
                0x0001115a                linkaddr_null
 .rodata        0x00011162       0x14 contiki-z1.a(net-debug.o)
 .rodata        0x00011176       0x14 contiki-z1.a(csma.o)
                0x0001117c                csma_driver
 .rodata        0x0001118a        0x6 contiki-z1.a(framer-802154.o)
                0x0001118a                framer_802154
 .rodata        0x00011190       0x1c contiki-z1.a(contikimac.o)
                0x0001119c                contikimac_driver
 .rodata        0x000111ac       0x10 contiki-z1.a(nullsec.o)
                0x000111b4                nullsec_driver
 .rodata        0x000111bc       0x10 contiki-z1.a(button-sensor.o)
                0x000111c4                button_sensor
 .rodata        0x000111cc        0x2 contiki-z1.a(frame802154.o)
 .rodata        0x000111ce        0x8 /usr/lib/gcc/msp430/4.6.3/mcpu-430x/mmpy-16/libgcc.a(_thenan_sf.o)
                0x000111ce                __thenan_sf
 .rodata        0x000111d6      0x100 /usr/lib/gcc/msp430/4.6.3/mcpu-430x/mmpy-16/libgcc.a(_clz.o)
                0x000111d6                __clz_tab
 .rodata        0x000112d6        0x7 /usr/lib/gcc/msp430/4.6.3/../../../../msp430/lib/mcpu-430x/mmpy-16/libc.a(vuprintf.o)
                0x000112de                . = ALIGN (0x2)
 *fill*         0x000112dd        0x1 00
                0x000112de                _etext = .

.data           0x00001100      0x124 load address 0x000112de
                0x00001100                . = ALIGN (0x2)
                0x00001100                PROVIDE (__data_start, .)
 *(.data .data.* .gnu.linkonce.d.*)
 .data          0x00001100        0x0 /usr/lib/gcc/msp430/4.6.3/mcpu-430x/mmpy-16/crt0ivtbl32.o
 .data          0x00001100        0xa broadcast-example.co
                0x00001100                broadcast_example_process
 .data          0x0000110a        0x0 obj_z1/contiki-z1-main.o
 .data          0x0000110a        0x0 contiki-z1.a(contiki-z1-plat)
 .data          0x0000110a        0x2 contiki-z1.a(msp430.o)
 .data          0x0000110c        0x0 contiki-z1.a(leds.o)
 .data          0x0000110c        0x0 contiki-z1.a(watchdog.o)
 .data          0x0000110c        0x0 contiki-z1.a(xmem.o)
 .data          0x0000110c        0x0 contiki-z1.a(spi.o)
 .data          0x0000110c        0xc contiki-z1.a(cc2420.o)
                0x0000110c                cc2420_process
 .data          0x00001118        0x0 contiki-z1.a(cc2420-arch.o)
 .data          0x00001118        0x0 contiki-z1.a(node-id.o)
 .data          0x00001118        0xa contiki-z1.a(sensors.o)
                0x00001118                sensors_process
 .data          0x00001122        0x0 contiki-z1.a(uart0.o)
 .data          0x00001122        0x0 contiki-z1.a(uart0-putchar.o)
 .data          0x00001122        0x8 contiki-z1.a(z1-sensors.o)
                0x00001122                sensors
 .data          0x0000112a       0x20 contiki-z1.a(adxl345.o)
                0x0000112a                accmeter_process
 .data          0x0000114a        0x0 contiki-z1.a(tmp102.o)
 .data          0x0000114a        0x0 contiki-z1.a(clock.o)
 .data          0x0000114a        0x0 contiki-z1.a(leds-arch.o)
 .data          0x0000114a        0x0 contiki-z1.a(rtimer-arch.o)
 .data          0x0000114a        0x0 contiki-z1.a(autostart.o)
 .data          0x0000114a        0xa contiki-z1.a(ctimer.o)
                0x0000114a                ctimer_process
 .data          0x00001154        0x0 contiki-z1.a(energest.o)
 .data          0x00001154        0xa contiki-z1.a(etimer.o)
                0x00001154                etimer_process
 .data          0x0000115e        0x0 contiki-z1.a(process.o)
 .data          0x0000115e        0x0 contiki-z1.a(rtimer.o)
 .data          0x0000115e        0x0 contiki-z1.a(timer.o)
 .data          0x0000115e        0x0 contiki-z1.a(list.o)
 .data          0x0000115e        0x0 contiki-z1.a(random.o)
 .data          0x0000115e        0x0 contiki-z1.a(sicslowpan.o)
 .data          0x0000115e        0x0 contiki-z1.a(uip6.o)
 .data          0x0000115e        0x0 contiki-z1.a(uip-ds6.o)
 .data          0x0000115e        0xa contiki-z1.a(uip-ds6-nbr.o)
                0x0000115e                ds6_neighbors
 .data          0x00001168       0x22 contiki-z1.a(uip-ds6-route.o)
                0x00001168                nbr_routes
 .data          0x0000118a        0xc contiki-z1.a(uip-icmp6.o)
 .data          0x00001196        0x0 contiki-z1.a(uip-nd6.o)
 .data          0x00001196        0xa contiki-z1.a(simple-udp.o)
                0x00001196                simple_udp_process
 .data          0x000011a0        0xa contiki-z1.a(tcpip.o)
                0x000011a0                tcpip_process
 .data          0x000011aa        0x0 contiki-z1.a(uip-debug.o)
 .data          0x000011aa        0x0 contiki-z1.a(uip-udp-packet.)
 .data          0x000011aa        0x0 contiki-z1.a(rpl.o)
 .data          0x000011aa        0xa contiki-z1.a(rpl-dag.o)
                0x000011aa                rpl_parents
 .data          0x000011b4        0x0 contiki-z1.a(rpl-ext-header.)
 .data          0x000011b4       0x1a contiki-z1.a(rpl-icmp6.o)
 .data          0x000011ce       0x16 contiki-z1.a(rpl-mrhof.o)
                0x000011ce                rpl_mrhof
 .data          0x000011e4        0x0 contiki-z1.a(rpl-timers.o)
 .data          0x000011e4        0x0 contiki-z1.a(linkaddr.o)
 .data          0x000011e4        0x8 contiki-z1.a(link-stats.o)
 .data          0x000011ec        0x8 contiki-z1.a(nbr-table.o)
 .data          0x000011f4        0x0 contiki-z1.a(net-debug.o)
 .data          0x000011f4        0x0 contiki-z1.a(packetbuf.o)
 .data          0x000011f4       0x10 contiki-z1.a(queuebuf.o)
 .data          0x00001204       0x18 contiki-z1.a(csma.o)
 .data          0x0000121c        0x0 contiki-z1.a(framer-802154.o)
 .data          0x0000121c        0x0 contiki-z1.a(mac.o)
 .data          0x0000121c        0x0 contiki-z1.a(contikimac.o)
 .data          0x0000121c        0x0 contiki-z1.a(nullsec.o)
 .data          0x0000121c        0x1 contiki-z1.a(i2cmaster.o)
                0x0000121c                prescale_lsb
 .data          0x0000121d        0x0 contiki-z1.a(button-sensor.o)
 .data          0x0000121d        0x0 contiki-z1.a(stimer.o)
 .data          0x0000121d        0x0 contiki-z1.a(memb.o)
 .data          0x0000121d        0x0 contiki-z1.a(rpl-nbr-policy.)
 *fill*         0x0000121d        0x1 00
 .data          0x0000121e        0x2 contiki-z1.a(frame802154.o)
 .data          0x00001220        0x0 contiki-z1.a(mac-sequence.o)
 .data          0x00001220        0x0 /usr/lib/gcc/msp430/4.6.3/mcpu-430x/mmpy-16/libgcc.a(_mulsi3.o)
 .data          0x00001220        0x0 /usr/lib/gcc/msp430/4.6.3/mcpu-430x/mmpy-16/libgcc.a(_udivmod16.o)
 .data          0x00001220        0x0 /usr/lib/gcc/msp430/4.6.3/mcpu-430x/mmpy-16/libgcc.a(_divmod16.o)
 .data          0x00001220        0x0 /usr/lib/gcc/msp430/4.6.3/mcpu-430x/mmpy-16/libgcc.a(_udivmod32.o)
 .data          0x00001220        0x0 /usr/lib/gcc/msp430/4.6.3/mcpu-430x/mmpy-16/libgcc.a(_divmod32.o)
 .data          0x00001220        0x0 /usr/lib/gcc/msp430/4.6.3/mcpu-430x/mmpy-16/libgcc.a(_fixunssfsi.o)
 .data          0x00001220        0x0 /usr/lib/gcc/msp430/4.6.3/mcpu-430x/mmpy-16/libgcc.a(_addsub_sf.o)
 .data          0x00001220        0x0 /usr/lib/gcc/msp430/4.6.3/mcpu-430x/mmpy-16/libgcc.a(_mul_sf.o)
 .data          0x00001220        0x0 /usr/lib/gcc/msp430/4.6.3/mcpu-430x/mmpy-16/libgcc.a(_div_sf.o)
 .data          0x00001220        0x0 /usr/lib/gcc/msp430/4.6.3/mcpu-430x/mmpy-16/libgcc.a(_ge_sf.o)
 .data          0x00001220        0x0 /usr/lib/gcc/msp430/4.6.3/mcpu-430x/mmpy-16/libgcc.a(_lt_sf.o)
 .data          0x00001220        0x0 /usr/lib/gcc/msp430/4.6.3/mcpu-430x/mmpy-16/libgcc.a(_si_to_sf.o)
 .data          0x00001220        0x0 /usr/lib/gcc/msp430/4.6.3/mcpu-430x/mmpy-16/libgcc.a(_sf_to_si.o)
 .data          0x00001220        0x0 /usr/lib/gcc/msp430/4.6.3/mcpu-430x/mmpy-16/libgcc.a(_thenan_sf.o)
 .data          0x00001220        0x0 /usr/lib/gcc/msp430/4.6.3/mcpu-430x/mmpy-16/libgcc.a(_usi_to_sf.o)
 .data          0x00001220        0x0 /usr/lib/gcc/msp430/4.6.3/mcpu-430x/mmpy-16/libgcc.a(_clzsi2.o)
 .data          0x00001220        0x0 /usr/lib/gcc/msp430/4.6.3/mcpu-430x/mmpy-16/libgcc.a(_pack_sf.o)
 .data          0x00001220        0x0 /usr/lib/gcc/msp430/4.6.3/mcpu-430x/mmpy-16/libgcc.a(_unpack_sf.o)
 .data          0x00001220        0x0 /usr/lib/gcc/msp430/4.6.3/mcpu-430x/mmpy-16/libgcc.a(_fpcmp_parts_sf.o)
 .data          0x00001220        0x0 /usr/lib/gcc/msp430/4.6.3/mcpu-430x/mmpy-16/libgcc.a(_clz.o)
 .data          0x00001220        0x0 /usr/lib/gcc/msp430/4.6.3/../../../../msp430/lib/mcpu-430x/mmpy-16/libc.a(strncmp.o)
 .data          0x00001220        0x0 /usr/lib/gcc/msp430/4.6.3/../../../../msp430/lib/mcpu-430x/mmpy-16/libc.a(memcmp.o)
 .data          0x00001220        0x0 /usr/lib/gcc/msp430/4.6.3/../../../../msp430/lib/mcpu-430x/mmpy-16/libc.a(memcpy.o)
 .data          0x00001220        0x0 /usr/lib/gcc/msp430/4.6.3/../../../../msp430/lib/mcpu-430x/mmpy-16/libc.a(memmove.o)
 .data          0x00001220        0x0 /usr/lib/gcc/msp430/4.6.3/../../../../msp430/lib/mcpu-430x/mmpy-16/libc.a(memset.o)
 .data          0x00001220        0x0 /usr/lib/gcc/msp430/4.6.3/../../../../msp430/lib/mcpu-430x/mmpy-16/libc.a(printf.o)
 .data          0x00001220        0x0 /usr/lib/gcc/msp430/4.6.3/../../../../msp430/lib/mcpu-430x/mmpy-16/libc.a(vuprintf.o)
 .data          0x00001220        0x0 /usr/lib/gcc/msp430/4.6.3/../../../../msp430/lib/mcpu-430x/mmpy-16/libc.a(puts.o)
 .data          0x00001220        0x4 /usr/lib/gcc/msp430/4.6.3/../../../../msp430/lib/mcpu-430x/mmpy-16/libc.a(rand.o)
 .data          0x00001224        0x0 /usr/lib/gcc/msp430/4.6.3/mcpu-430x/mmpy-16/libgcc.a(_udivmod64.o)
 .data          0x00001224        0x0 /usr/lib/gcc/msp430/4.6.3/mcpu-430x/mmpy-16/libcrt0.a(_reset_vector__.o)
 .data          0x00001224        0x0 /usr/lib/gcc/msp430/4.6.3/mcpu-430x/mmpy-16/libcrt0.a(__watchdog_support.o)
 .data          0x00001224        0x0 /usr/lib/gcc/msp430/4.6.3/mcpu-430x/mmpy-16/libcrt0.a(__init_stack.o)
 .data          0x00001224        0x0 /usr/lib/gcc/msp430/4.6.3/mcpu-430x/mmpy-16/libcrt0.a(__low_level_init.o)
 .data          0x00001224        0x0 /usr/lib/gcc/msp430/4.6.3/mcpu-430x/mmpy-16/libcrt0.a(_copy_data.o)
 .data          0x00001224        0x0 /usr/lib/gcc/msp430/4.6.3/mcpu-430x/mmpy-16/libcrt0.a(_clear_bss.o)
 .data          0x00001224        0x0 /usr/lib/gcc/msp430/4.6.3/mcpu-430x/mmpy-16/libcrt0.a(__stop_progExec__.o)
 .data          0x00001224        0x0 /usr/lib/gcc/msp430/4.6.3/mcpu-430x/mmpy-16/libcrt0.a(_endless_loop__.o)
 .data          0x00001224        0x0 /usr/lib/gcc/msp430/4.6.3/mcpu-430x/mmpy-16/libcrt0.a(_unexpected_.o)
                0x00001224                . = ALIGN (0x2)
                0x00001224                _edata = .
                0x000112de                PROVIDE (__data_load_start, LOADADDR (.data))
                0x00000124                PROVIDE (__data_size, SIZEOF (.data))

.bss            0x00001224     0x19ba load address 0x00011402
                0x00001224                PROVIDE (__bss_start, .)
 *(.bss .bss.*)
 .bss           0x00001224        0x0 /usr/lib/gcc/msp430/4.6.3/mcpu-430x/mmpy-16/crt0ivtbl32.o
 .bss           0x00001224       0x34 broadcast-example.co
 .bss           0x00001258        0x4 obj_z1/contiki-z1-main.o
 .bss           0x0000125c        0x0 contiki-z1.a(contiki-z1-plat)
 .bss           0x0000125c        0x0 contiki-z1.a(msp430.o)
 .bss           0x0000125c        0x1 contiki-z1.a(leds.o)
 *fill*         0x0000125d        0x1 00
 .bss           0x0000125e        0x2 contiki-z1.a(watchdog.o)
 .bss           0x00001260        0x0 contiki-z1.a(xmem.o)
 .bss           0x00001260        0x2 contiki-z1.a(spi.o)
                0x00001260                spi_busy
 .bss           0x00001262        0xa contiki-z1.a(cc2420.o)
 .bss           0x0000126c        0x0 contiki-z1.a(cc2420-arch.o)
 .bss           0x0000126c        0x2 contiki-z1.a(node-id.o)
                0x0000126c                node_id
 .bss           0x0000126e        0x6 contiki-z1.a(sensors.o)
 .bss           0x00001274        0x4 contiki-z1.a(uart0.o)
 .bss           0x00001278        0x0 contiki-z1.a(uart0-putchar.o)
 .bss           0x00001278        0x0 contiki-z1.a(z1-sensors.o)
 .bss           0x00001278       0x16 contiki-z1.a(adxl345.o)
 .bss           0x0000128e        0x1 contiki-z1.a(tmp102.o)
 *fill*         0x0000128f        0x1 00
 .bss           0x00001290        0xa contiki-z1.a(clock.o)
 .bss           0x0000129a        0x0 contiki-z1.a(leds-arch.o)
 .bss           0x0000129a        0x0 contiki-z1.a(rtimer-arch.o)
 .bss           0x0000129a        0x0 contiki-z1.a(autostart.o)
 .bss           0x0000129a        0x4 contiki-z1.a(ctimer.o)
 .bss           0x0000129e        0x0 contiki-z1.a(energest.o)
 .bss           0x0000129e        0x6 contiki-z1.a(etimer.o)
 .bss           0x000012a4       0x38 contiki-z1.a(process.o)
                0x000012a4                process_current
                0x000012a6                process_list
 .bss           0x000012dc        0x2 contiki-z1.a(rtimer.o)
 .bss           0x000012de        0x0 contiki-z1.a(timer.o)
 .bss           0x000012de        0x0 contiki-z1.a(list.o)
 .bss           0x000012de        0x0 contiki-z1.a(random.o)
 .bss           0x000012de      0x6e6 contiki-z1.a(sicslowpan.o)
 .bss           0x000019c4        0xc contiki-z1.a(uip6.o)
                0x000019c4                uip_ext_opt_offset
                0x000019c6                uip_ext_len
                0x000019c8                uip_ext_bitmap
 .bss           0x000019d0       0x18 contiki-z1.a(uip-ds6.o)
 .bss           0x000019e8      0x10e contiki-z1.a(uip-ds6-nbr.o)
 .bss           0x00001af6      0x2ba contiki-z1.a(uip-ds6-route.o)
 .bss           0x00001db0       0x14 contiki-z1.a(uip-icmp6.o)
 .bss           0x00001dc4        0x0 contiki-z1.a(uip-nd6.o)
 .bss           0x00001dc4       0x8e contiki-z1.a(simple-udp.o)
 .bss           0x00001e52       0x30 contiki-z1.a(tcpip.o)
 .bss           0x00001e82        0x0 contiki-z1.a(uip-debug.o)
 .bss           0x00001e82        0x0 contiki-z1.a(uip-udp-packet.)
 .bss           0x00001e82        0x2 contiki-z1.a(rpl.o)
 .bss           0x00001e84       0xd2 contiki-z1.a(rpl-dag.o)
 .bss           0x00001f56        0x0 contiki-z1.a(rpl-ext-header.)
 .bss           0x00001f56        0x0 contiki-z1.a(rpl-icmp6.o)
 .bss           0x00001f56       0x16 contiki-z1.a(rpl-mrhof.o)
 .bss           0x00001f6c       0x18 contiki-z1.a(rpl-timers.o)
 .bss           0x00001f84        0x0 contiki-z1.a(linkaddr.o)
 .bss           0x00001f84       0x96 contiki-z1.a(link-stats.o)
 .bss           0x0000201a       0xda contiki-z1.a(nbr-table.o)
 .bss           0x000020f4        0x0 contiki-z1.a(net-debug.o)
 .bss           0x000020f4       0x86 contiki-z1.a(packetbuf.o)
 .bss           0x0000217a      0x2d0 contiki-z1.a(queuebuf.o)
 .bss           0x0000244a       0x88 contiki-z1.a(csma.o)
 .bss           0x000024d2        0x2 contiki-z1.a(framer-802154.o)
 .bss           0x000024d4        0x0 contiki-z1.a(mac.o)
 .bss           0x000024d4       0x2a contiki-z1.a(contikimac.o)
 .bss           0x000024fe        0x0 contiki-z1.a(nullsec.o)
 .bss           0x000024fe        0x4 contiki-z1.a(i2cmaster.o)
                0x000024fe                prescale_msb
 .bss           0x00002502        0x8 contiki-z1.a(button-sensor.o)
 .bss           0x0000250a        0x0 contiki-z1.a(stimer.o)
 .bss           0x0000250a        0x0 contiki-z1.a(memb.o)
 .bss           0x0000250a       0x20 contiki-z1.a(rpl-nbr-policy.)
 .bss           0x0000252a        0x0 contiki-z1.a(frame802154.o)
 .bss           0x0000252a       0xe0 contiki-z1.a(mac-sequence.o)
 .bss           0x0000260a        0x0 /usr/lib/gcc/msp430/4.6.3/mcpu-430x/mmpy-16/libgcc.a(_mulsi3.o)
 .bss           0x0000260a        0x0 /usr/lib/gcc/msp430/4.6.3/mcpu-430x/mmpy-16/libgcc.a(_udivmod16.o)
 .bss           0x0000260a        0x0 /usr/lib/gcc/msp430/4.6.3/mcpu-430x/mmpy-16/libgcc.a(_divmod16.o)
 .bss           0x0000260a        0x0 /usr/lib/gcc/msp430/4.6.3/mcpu-430x/mmpy-16/libgcc.a(_udivmod32.o)
 .bss           0x0000260a        0x0 /usr/lib/gcc/msp430/4.6.3/mcpu-430x/mmpy-16/libgcc.a(_divmod32.o)
 .bss           0x0000260a        0x0 /usr/lib/gcc/msp430/4.6.3/mcpu-430x/mmpy-16/libgcc.a(_fixunssfsi.o)
 .bss           0x0000260a        0x0 /usr/lib/gcc/msp430/4.6.3/mcpu-430x/mmpy-16/libgcc.a(_addsub_sf.o)
 .bss           0x0000260a        0x0 /usr/lib/gcc/msp430/4.6.3/mcpu-430x/mmpy-16/libgcc.a(_mul_sf.o)
 .bss           0x0000260a        0x0 /usr/lib/gcc/msp430/4.6.3/mcpu-430x/mmpy-16/libgcc.a(_div_sf.o)
 .bss           0x0000260a        0x0 /usr/lib/gcc/msp430/4.6.3/mcpu-430x/mmpy-16/libgcc.a(_ge_sf.o)
 .bss           0x0000260a        0x0 /usr/lib/gcc/msp430/4.6.3/mcpu-430x/mmpy-16/libgcc.a(_lt_sf.o)
 .bss           0x0000260a        0x0 /usr/lib/gcc/msp430/4.6.3/mcpu-430x/mmpy-16/libgcc.a(_si_to_sf.o)
 .bss           0x0000260a        0x0 /usr/lib/gcc/msp430/4.6.3/mcpu-430x/mmpy-16/libgcc.a(_sf_to_si.o)
 .bss           0x0000260a        0x0 /usr/lib/gcc/msp430/4.6.3/mcpu-430x/mmpy-16/libgcc.a(_thenan_sf.o)
 .bss           0x0000260a        0x0 /usr/lib/gcc/msp430/4.6.3/mcpu-430x/mmpy-16/libgcc.a(_usi_to_sf.o)
 .bss           0x0000260a        0x0 /usr/lib/gcc/msp430/4.6.3/mcpu-430x/mmpy-16/libgcc.a(_clzsi2.o)
 .bss           0x0000260a        0x0 /usr/lib/gcc/msp430/4.6.3/mcpu-430x/mmpy-16/libgcc.a(_pack_sf.o)
 .bss           0x0000260a        0x0 /usr/lib/gcc/msp430/4.6.3/mcpu-430x/mmpy-16/libgcc.a(_unpack_sf.o)
 .bss           0x0000260a        0x0 /usr/lib/gcc/msp430/4.6.3/mcpu-430x/mmpy-16/libgcc.a(_fpcmp_parts_sf.o)
 .bss           0x0000260a        0x0 /usr/lib/gcc/msp430/4.6.3/mcpu-430x/mmpy-16/libgcc.a(_clz.o)
 .bss           0x0000260a        0x0 /usr/lib/gcc/msp430/4.6.3/../../../../msp430/lib/mcpu-430x/mmpy-16/libc.a(strncmp.o)
 .bss           0x0000260a        0x0 /usr/lib/gcc/msp430/4.6.3/../../../../msp430/lib/mcpu-430x/mmpy-16/libc.a(memcmp.o)
 .bss           0x0000260a        0x0 /usr/lib/gcc/msp430/4.6.3/../../../../msp430/lib/mcpu-430x/mmpy-16/libc.a(memcpy.o)
 .bss           0x0000260a        0x0 /usr/lib/gcc/msp430/4.6.3/../../../../msp430/lib/mcpu-430x/mmpy-16/libc.a(memmove.o)
 .bss           0x0000260a        0x0 /usr/lib/gcc/msp430/4.6.3/../../../../msp430/lib/mcpu-430x/mmpy-16/libc.a(memset.o)
 .bss           0x0000260a        0x0 /usr/lib/gcc/msp430/4.6.3/../../../../msp430/lib/mcpu-430x/mmpy-16/libc.a(printf.o)
 .bss           0x0000260a        0x0 /usr/lib/gcc/msp430/4.6.3/../../../../msp430/lib/mcpu-430x/mmpy-16/libc.a(vuprintf.o)
 .bss           0x0000260a        0x0 /usr/lib/gcc/msp430/4.6.3/../../../../msp430/lib/mcpu-430x/mmpy-16/libc.a(puts.o)
 .bss           0x0000260a        0x0 /usr/lib/gcc/msp430/4.6.3/../../../../msp430/lib/mcpu-430x/mmpy-16/libc.a(rand.o)
 .bss           0x0000260a        0x0 /usr/lib/gcc/msp430/4.6.3/mcpu-430x/mmpy-16/libgcc.a(_udivmod64.o)
 .bss           0x0000260a        0x0 /usr/lib/gcc/msp430/4.6.3/mcpu-430x/mmpy-16/libcrt0.a(_reset_vector__.o)
 .bss           0x0000260a        0x0 /usr/lib/gcc/msp430/4.6.3/mcpu-430x/mmpy-16/libcrt0.a(__watchdog_support.o)
 .bss           0x0000260a        0x0 /usr/lib/gcc/msp430/4.6.3/mcpu-430x/mmpy-16/libcrt0.a(__init_stack.o)
 .bss           0x0000260a        0x0 /usr/lib/gcc/msp430/4.6.3/mcpu-430x/mmpy-16/libcrt0.a(__low_level_init.o)
 .bss           0x0000260a        0x0 /usr/lib/gcc/msp430/4.6.3/mcpu-430x/mmpy-16/libcrt0.a(_copy_data.o)
 .bss           0x0000260a        0x0 /usr/lib/gcc/msp430/4.6.3/mcpu-430x/mmpy-16/libcrt0.a(_clear_bss.o)
 .bss           0x0000260a        0x0 /usr/lib/gcc/msp430/4.6.3/mcpu-430x/mmpy-16/libcrt0.a(__stop_progExec__.o)
 .bss           0x0000260a        0x0 /usr/lib/gcc/msp430/4.6.3/mcpu-430x/mmpy-16/libcrt0.a(_endless_loop__.o)
 .bss           0x0000260a        0x0 /usr/lib/gcc/msp430/4.6.3/mcpu-430x/mmpy-16/libcrt0.a(_unexpected_.o)
 *(COMMON)
 COMMON         0x0000260a        0x2 contiki-z1.a(msp430.o)
                0x0000260a                msp430_dco_required
 COMMON         0x0000260c       0x10 contiki-z1.a(cc2420.o)
                0x0000260c                cc2420_last_rssi
                0x0000260e                cc2420_sfd_start_time
                0x00002610                cc2420_time_of_departure
                0x00002612                cc2420_time_of_arrival
                0x00002614                cc2420_last_correlation
                0x00002616                cc2420_authority_level_of_sender
                0x00002618                cc2420_sfd_counter
                0x0000261a                cc2420_sfd_end_time
 COMMON         0x0000261c        0x8 contiki-z1.a(node-id.o)
                0x0000261c                node_mac
 COMMON         0x00002624        0x1 contiki-z1.a(sensors.o)
                0x00002624                sensors_event
 *fill*         0x00002625        0x1 00
 COMMON         0x00002626        0x4 contiki-z1.a(z1-sensors.o)
                0x00002626                sensors_flags
 COMMON         0x0000262a        0x4 contiki-z1.a(adxl345.o)
                0x0000262a                accm_int2_cb
                0x0000262c                accm_int1_cb
 COMMON         0x0000262e       0x56 contiki-z1.a(energest.o)
                0x0000262e                energest_total_time
                0x0000265e                energest_total_count
                0x00002660                energest_current_mode
                0x0000266c                energest_current_time
 COMMON         0x00002684        0x1 contiki-z1.a(process.o)
                0x00002684                process_maxevents
 *fill*         0x00002685        0x1 00
 COMMON         0x00002686      0x2a0 contiki-z1.a(uip6.o)
                0x00002686                uip_len
                0x00002688                uip_sappdata
                0x0000268a                uip_acc32
                0x0000268e                uip_lladdr
                0x00002696                uip_aligned_buf
                0x00002722                uip_flags
                0x00002724                uip_next_hdr
                0x00002726                uip_udp_conn
                0x00002728                uip_appdata
                0x0000272a                uip_conn
                0x0000272c                uip_conns
                0x000027dc                uip_listenports
                0x000027ec                uip_slen
                0x000027ee                uip_udp_conns
 COMMON         0x00002926      0x15c contiki-z1.a(uip-ds6.o)
                0x00002926                uip_ds6_timer_ra
                0x0000292e                uip_ds6_if
                0x00002a1a                uip_ds6_netif_addr_list_offset
                0x00002a1b                uip_ds6_addr_size
                0x00002a1c                uip_ds6_prefix_list
                0x00002a76                uip_ds6_timer_periodic
 COMMON         0x00002a82        0x1 contiki-z1.a(tcpip.o)
                0x00002a82                tcpip_event
 *fill*         0x00002a83        0x1 00
 COMMON         0x00002a84      0x100 contiki-z1.a(rpl-dag.o)
                0x00002a84                default_instance
                0x00002a86                instance_table
 COMMON         0x00002b84        0x8 contiki-z1.a(linkaddr.o)
                0x00002b84                linkaddr_node_addr
 COMMON         0x00002b8c       0x14 contiki-z1.a(link-stats.o)
                0x00002b8c                periodic_timer
 COMMON         0x00002ba0       0x2e contiki-z1.a(packetbuf.o)
                0x00002ba0                packetbuf_addrs
                0x00002bb0                packetbuf_attrs
 COMMON         0x00002bce       0x10 contiki-z1.a(i2cmaster.o)
                0x00002bce                transmit_data1
                0x00002bcf                rx_byte_ctr
                0x00002bd0                tx_buf_ptr
                0x00002bd2                tx_byte_ctr
                0x00002bd4                i
                0x00002bd6                receive_data
                0x00002bd8                rx_buf
                0x00002bda                transmit_data2
                0x00002bdc                rx_buf_ptr
                0x00002bde                . = ALIGN (0x2)
                0x00002bde                PROVIDE (__bss_end, .)
                0x000019ba                PROVIDE (__bss_size, SIZEOF (.bss))

.noinit         0x00002bde        0x2 load address 0x00011402
                0x00002bde                PROVIDE (__noinit_start, .)
 *(.noinit .noinit.*)
 .noinit.crt0   0x00002bde        0x2 /usr/lib/gcc/msp430/4.6.3/mcpu-430x/mmpy-16/libcrt0.a(__watchdog_support.o)
                0x00002bde                __wdt_clear_value
                0x00002be0                . = ALIGN (0x2)
                0x00002be0                PROVIDE (__noinit_end, .)
                0x00002be0                . = ALIGN (0x2)
                0x00002be0                _end = .

.infomem        0x00001000        0x0
 *(.infomem)
                0x00001000                . = ALIGN (0x2)
 *(.infomem.*)

.infomemnobits  0x00001000        0x0
 *(.infomemnobits)
                0x00001000                . = ALIGN (0x2)
 *(.infomemnobits.*)

.infoa
 *(.infoa .infoa.*)

.infob
 *(.infob .infob.*)

.infoc
 *(.infoc .infoc.*)

.infod
 *(.infod .infod.*)

.vectors        0x0000ffc0       0x40
                0x0000ffc0                PROVIDE (__vectors_start, .)
 *(.vectors*)
 .vectors       0x0000ffc0       0x40 /usr/lib/gcc/msp430/4.6.3/mcpu-430x/mmpy-16/crt0ivtbl32.o
                0x0000ffc0                __ivtbl_32
                0x00010000                _vectors_end = .

.fartext        0x00010000        0x0
                0x00010000                . = ALIGN (0x2)
 *(.fartext)
                0x00010000                . = ALIGN (0x2)
 *(.fartext.*)
                0x00010000                _efartext = .

.profiler
 *(.profiler)

.stab           0x00000000    0x2d06c
 *(.stab)
 .stab          0x00000000     0x1104 broadcast-example.co
 .stab          0x00001104     0x1728 obj_z1/contiki-z1-main.o
                               0x1b6c (size before relaxing)
 .stab          0x0000282c      0x24c contiki-z1.a(contiki-z1-plat)
                                0x5a0 (size before relaxing)
 .stab          0x00002a78      0x588 contiki-z1.a(msp430.o)
                                0x8dc (size before relaxing)
 .stab          0x00003000      0x5dc contiki-z1.a(leds.o)
                                0x828 (size before relaxing)
 .stab          0x000035dc      0x3fc contiki-z1.a(watchdog.o)
                                0x750 (size before relaxing)
 .stab          0x000039d8      0x9fc contiki-z1.a(xmem.o)
                                0xf3c (size before relaxing)
 .stab          0x000043d4      0x288 contiki-z1.a(spi.o)
                                0x5dc (size before relaxing)
 .stab          0x0000465c     0x28bc contiki-z1.a(cc2420.o)
                               0x2fe8 (size before relaxing)
 .stab          0x00006f18      0x6e4 contiki-z1.a(cc2420-arch.o)
                               0x16b0 (size before relaxing)
 .stab          0x000075fc      0x300 contiki-z1.a(node-id.o)
                                0x6d8 (size before relaxing)
 .stab          0x000078fc      0x654 contiki-z1.a(sensors.o)
                                0xb70 (size before relaxing)
 .stab          0x00007f50      0x528 contiki-z1.a(uart0.o)
                                0xa38 (size before relaxing)
 .stab          0x00008478      0x234 contiki-z1.a(uart0-putchar.o)
                                0x588 (size before relaxing)
 .stab          0x000086ac      0x3a8 contiki-z1.a(z1-sensors.o)
                                0x78c (size before relaxing)
 .stab          0x00008a54      0xd2c contiki-z1.a(adxl345.o)
                               0x135c (size before relaxing)
 .stab          0x00009780      0x81c contiki-z1.a(tmp102.o)
                                0xd74 (size before relaxing)
 .stab          0x00009f9c      0x948 contiki-z1.a(clock.o)
                                0xc9c (size before relaxing)
 .stab          0x0000a8e4      0x3a8 contiki-z1.a(leds-arch.o)
                                0x6fc (size before relaxing)
 .stab          0x0000ac8c      0x3cc contiki-z1.a(rtimer-arch.o)
                                0x720 (size before relaxing)
 .stab          0x0000b058      0x294 contiki-z1.a(autostart.o)
                                0x534 (size before relaxing)
 .stab          0x0000b2ec      0x858 contiki-z1.a(ctimer.o)
                                0xbc4 (size before relaxing)
 .stab          0x0000bb44      0x474 contiki-z1.a(energest.o)
                                0x6fc (size before relaxing)
 .stab          0x0000bfb8      0xabc contiki-z1.a(etimer.o)
                                0xd8c (size before relaxing)
 .stab          0x0000ca74      0xba0 contiki-z1.a(process.o)
                               0x1038 (size before relaxing)
 .stab          0x0000d614      0x3d8 contiki-z1.a(rtimer.o)
                                0x6c0 (size before relaxing)
 .stab          0x0000d9ec      0x354 contiki-z1.a(timer.o)
                                0x594 (size before relaxing)
 .stab          0x0000dd40      0x7f8 contiki-z1.a(list.o)
                                0x804 (size before relaxing)
 .stab          0x0000e538      0x228 contiki-z1.a(random.o)
                                0x624 (size before relaxing)
 .stab          0x0000e760     0x294c contiki-z1.a(sicslowpan.o)
                               0x3318 (size before relaxing)
 .stab          0x000110ac     0x2b14 contiki-z1.a(uip6.o)
                               0x3750 (size before relaxing)
 .stab          0x00013bc0     0x1434 contiki-z1.a(uip-ds6.o)
                               0x210c (size before relaxing)
 .stab          0x00014ff4      0xc9c contiki-z1.a(uip-ds6-nbr.o)
                               0x15a8 (size before relaxing)
 .stab          0x00015c90     0x132c contiki-z1.a(uip-ds6-route.o)
                               0x1f44 (size before relaxing)
 .stab          0x00016fbc      0xbdc contiki-z1.a(uip-icmp6.o)
                               0x18d8 (size before relaxing)
 .stab          0x00017b98      0x5a0 contiki-z1.a(uip-nd6.o)
                               0x120c (size before relaxing)
 .stab          0x00018138      0x8d0 contiki-z1.a(simple-udp.o)
                               0x19ec (size before relaxing)
 .stab          0x00018a08     0x14c4 contiki-z1.a(tcpip.o)
                               0x2700 (size before relaxing)
 .stab          0x00019ecc      0x3d8 contiki-z1.a(uip-debug.o)
                                0xbac (size before relaxing)
 .stab          0x0001a2a4      0x438 contiki-z1.a(uip-udp-packet.)
                                0xc3c (size before relaxing)
 .stab          0x0001a6dc      0xb4c contiki-z1.a(rpl.o)
                               0x1968 (size before relaxing)
 .stab          0x0001b228     0x36d8 contiki-z1.a(rpl-dag.o)
                               0x438c (size before relaxing)
 .stab          0x0001e900      0xa38 contiki-z1.a(rpl-ext-header.)
                               0x1848 (size before relaxing)
 .stab          0x0001f338     0x1f74 contiki-z1.a(rpl-icmp6.o)
                               0x2dcc (size before relaxing)
 .stab          0x000212ac      0xd08 contiki-z1.a(rpl-mrhof.o)
                               0x1adc (size before relaxing)
 .stab          0x00021fb4      0xfc0 contiki-z1.a(rpl-timers.o)
                               0x1d94 (size before relaxing)
 .stab          0x00022f74      0x2c4 contiki-z1.a(linkaddr.o)
                                0x6c0 (size before relaxing)
 .stab          0x00023238      0x7d4 contiki-z1.a(link-stats.o)
                               0x11a0 (size before relaxing)
 .stab          0x00023a0c      0xfd8 contiki-z1.a(nbr-table.o)
                               0x1944 (size before relaxing)
 .stab          0x000249e4      0x330 contiki-z1.a(net-debug.o)
                                0xaf8 (size before relaxing)
 .stab          0x00024d14      0xc18 contiki-z1.a(packetbuf.o)
                               0x1d4c (size before relaxing)
 .stab          0x0002592c      0xaa4 contiki-z1.a(queuebuf.o)
                               0x1bc0 (size before relaxing)
 .stab          0x000263d0     0x111c contiki-z1.a(csma.o)
                               0x1644 (size before relaxing)
 .stab          0x000274ec      0x90c contiki-z1.a(framer-802154.o)
                                0xf18 (size before relaxing)
 .stab          0x00027df8      0x1f8 contiki-z1.a(mac.o)
                                0x4ec (size before relaxing)
 .stab          0x00027ff0     0x1644 contiki-z1.a(contikimac.o)
                               0x21e4 (size before relaxing)
 .stab          0x00029634      0x3c0 contiki-z1.a(nullsec.o)
                                0xcf0 (size before relaxing)
 .stab          0x000299f4      0x894 contiki-z1.a(i2cmaster.o)
                                0xbe8 (size before relaxing)
 .stab          0x0002a288      0x468 contiki-z1.a(button-sensor.o)
                                0x7d4 (size before relaxing)
 .stab          0x0002a6f0      0x3c0 contiki-z1.a(stimer.o)
                                0x600 (size before relaxing)
 .stab          0x0002aab0      0x5c4 contiki-z1.a(memb.o)
                                0xaf8 (size before relaxing)
 .stab          0x0002b074      0x96c contiki-z1.a(rpl-nbr-policy.)
                               0x1734 (size before relaxing)
 .stab          0x0002b9e0      0xffc contiki-z1.a(frame802154.o)
                               0x17e8 (size before relaxing)
 .stab          0x0002c9dc      0x690 contiki-z1.a(mac-sequence.o)
                               0x17c4 (size before relaxing)

.stabstr        0x00000000    0x1fc0a
 *(.stabstr)
 .stabstr       0x00000000    0x1fc0a broadcast-example.co

.stab.excl
 *(.stab.excl)

.stab.exclstr
 *(.stab.exclstr)

.stab.index
 *(.stab.index)

.stab.indexstr
 *(.stab.indexstr)

.comment
 *(.comment)

.debug
 *(.debug)

.line
 *(.line)

.debug_srcinfo
 *(.debug_srcinfo)

.debug_sfnames
 *(.debug_sfnames)

.debug_aranges  0x00000000      0x2a8
 *(.debug_aranges)
 .debug_aranges
                0x00000000       0x14 /usr/lib/gcc/msp430/4.6.3/mcpu-430x/mmpy-16/libgcc.a(_mulsi3.o)
 .debug_aranges
                0x00000014       0x14 /usr/lib/gcc/msp430/4.6.3/mcpu-430x/mmpy-16/libgcc.a(_udivmod16.o)
 .debug_aranges
                0x00000028       0x14 /usr/lib/gcc/msp430/4.6.3/mcpu-430x/mmpy-16/libgcc.a(_divmod16.o)
 .debug_aranges
                0x0000003c       0x14 /usr/lib/gcc/msp430/4.6.3/mcpu-430x/mmpy-16/libgcc.a(_udivmod32.o)
 .debug_aranges
                0x00000050       0x14 /usr/lib/gcc/msp430/4.6.3/mcpu-430x/mmpy-16/libgcc.a(_divmod32.o)
 .debug_aranges
                0x00000064       0x14 /usr/lib/gcc/msp430/4.6.3/mcpu-430x/mmpy-16/libgcc.a(_fixunssfsi.o)
 .debug_aranges
                0x00000078       0x14 /usr/lib/gcc/msp430/4.6.3/mcpu-430x/mmpy-16/libgcc.a(_addsub_sf.o)
 .debug_aranges
                0x0000008c       0x14 /usr/lib/gcc/msp430/4.6.3/mcpu-430x/mmpy-16/libgcc.a(_mul_sf.o)
 .debug_aranges
                0x000000a0       0x14 /usr/lib/gcc/msp430/4.6.3/mcpu-430x/mmpy-16/libgcc.a(_div_sf.o)
 .debug_aranges
                0x000000b4       0x14 /usr/lib/gcc/msp430/4.6.3/mcpu-430x/mmpy-16/libgcc.a(_ge_sf.o)
 .debug_aranges
                0x000000c8       0x14 /usr/lib/gcc/msp430/4.6.3/mcpu-430x/mmpy-16/libgcc.a(_lt_sf.o)
 .debug_aranges
                0x000000dc       0x14 /usr/lib/gcc/msp430/4.6.3/mcpu-430x/mmpy-16/libgcc.a(_si_to_sf.o)
 .debug_aranges
                0x000000f0       0x14 /usr/lib/gcc/msp430/4.6.3/mcpu-430x/mmpy-16/libgcc.a(_sf_to_si.o)
 .debug_aranges
                0x00000104       0x14 /usr/lib/gcc/msp430/4.6.3/mcpu-430x/mmpy-16/libgcc.a(_usi_to_sf.o)
 .debug_aranges
                0x00000118       0x14 /usr/lib/gcc/msp430/4.6.3/mcpu-430x/mmpy-16/libgcc.a(_clzsi2.o)
 .debug_aranges
                0x0000012c       0x14 /usr/lib/gcc/msp430/4.6.3/mcpu-430x/mmpy-16/libgcc.a(_pack_sf.o)
 .debug_aranges
                0x00000140       0x14 /usr/lib/gcc/msp430/4.6.3/mcpu-430x/mmpy-16/libgcc.a(_unpack_sf.o)
 .debug_aranges
                0x00000154       0x14 /usr/lib/gcc/msp430/4.6.3/mcpu-430x/mmpy-16/libgcc.a(_fpcmp_parts_sf.o)
 .debug_aranges
                0x00000168       0x14 /usr/lib/gcc/msp430/4.6.3/../../../../msp430/lib/mcpu-430x/mmpy-16/libc.a(strncmp.o)
 .debug_aranges
                0x0000017c       0x14 /usr/lib/gcc/msp430/4.6.3/../../../../msp430/lib/mcpu-430x/mmpy-16/libc.a(memcmp.o)
 .debug_aranges
                0x00000190       0x14 /usr/lib/gcc/msp430/4.6.3/../../../../msp430/lib/mcpu-430x/mmpy-16/libc.a(memcpy.o)
 .debug_aranges
                0x000001a4       0x14 /usr/lib/gcc/msp430/4.6.3/../../../../msp430/lib/mcpu-430x/mmpy-16/libc.a(memmove.o)
 .debug_aranges
                0x000001b8       0x14 /usr/lib/gcc/msp430/4.6.3/../../../../msp430/lib/mcpu-430x/mmpy-16/libc.a(memset.o)
 .debug_aranges
                0x000001cc       0x14 /usr/lib/gcc/msp430/4.6.3/../../../../msp430/lib/mcpu-430x/mmpy-16/libc.a(printf.o)
 .debug_aranges
                0x000001e0       0x14 /usr/lib/gcc/msp430/4.6.3/../../../../msp430/lib/mcpu-430x/mmpy-16/libc.a(vuprintf.o)
 .debug_aranges
                0x000001f4       0x14 /usr/lib/gcc/msp430/4.6.3/../../../../msp430/lib/mcpu-430x/mmpy-16/libc.a(puts.o)
 .debug_aranges
                0x00000208       0x14 /usr/lib/gcc/msp430/4.6.3/../../../../msp430/lib/mcpu-430x/mmpy-16/libc.a(rand.o)
 .debug_aranges
                0x0000021c       0x14 /usr/lib/gcc/msp430/4.6.3/mcpu-430x/mmpy-16/libgcc.a(_udivmod64.o)
 .debug_aranges
                0x00000230       0x14 /usr/lib/gcc/msp430/4.6.3/mcpu-430x/mmpy-16/libcrt0.a(__watchdog_support.o)
 .debug_aranges