Archive member included because of file (symbol)

contiki-sky.a(collect-view.o)
                              udp-sender.co (collect_view_construct_message)
contiki-sky.a(collect-view-sk)
                              contiki-sky.a(collect-view.o) (collect_view_arch_read_sensors)
contiki-sky.a(contiki-sky-pla)
                              obj_sky/contiki-sky-main.o (init_platform)
contiki-sky.a(sht11-sensor.o)
                              contiki-sky.a(collect-view-sk) (sht11_sensor)
contiki-sky.a(light-sensor.o)
                              contiki-sky.a(collect-view-sk) (light_sensor)
contiki-sky.a(battery-sensor.)
                              contiki-sky.a(collect-view-sk) (battery_sensor)
contiki-sky.a(button-sensor.o)
                              contiki-sky.a(contiki-sky-pla) (button_sensor)
contiki-sky.a(ds2411.o)       obj_sky/contiki-sky-main.o (ds2411_init)
contiki-sky.a(xmem.o)         obj_sky/contiki-sky-main.o (xmem_init)
contiki-sky.a(node-id.o)      obj_sky/contiki-sky-main.o (node_id_restore)
contiki-sky.a(sensors.o)      contiki-sky.a(button-sensor.o) (sensors_changed)
contiki-sky.a(cc2420.o)       obj_sky/contiki-sky-main.o (cc2420_set_pan_addr)
contiki-sky.a(cc2420-arch.o)  contiki-sky.a(cc2420.o) (cc2420_arch_init)
contiki-sky.a(sky-sensors.o)  contiki-sky.a(light-sensor.o) (sky_sensors_status)
contiki-sky.a(uart1.o)        obj_sky/contiki-sky-main.o (uart1_active)
contiki-sky.a(uart1-putchar.o)
                              udp-sender.co (putchar)
contiki-sky.a(msp430.o)       contiki-sky.a(uart1.o) (msp430_add_lpm_req)
contiki-sky.a(clock.o)        contiki-sky.a(collect-view.o) (clock_time)
contiki-sky.a(leds.o)         obj_sky/contiki-sky-main.o (leds_init)
contiki-sky.a(leds-arch.o)    contiki-sky.a(leds.o) (leds_arch_init)
contiki-sky.a(watchdog.o)     obj_sky/contiki-sky-main.o (watchdog_start)
contiki-sky.a(rtimer-arch.o)  obj_sky/contiki-sky-main.o (rtimer_arch_now)
contiki-sky.a(autostart.o)    obj_sky/contiki-sky-main.o (autostart_start)
contiki-sky.a(ctimer.o)       obj_sky/contiki-sky-main.o (ctimer_init)
contiki-sky.a(energest.o)     obj_sky/contiki-sky-main.o (energest_init)
contiki-sky.a(etimer.o)       contiki-sky.a(clock.o) (etimer_request_poll)
contiki-sky.a(process.o)      udp-sender.co (process_current)
contiki-sky.a(rtimer.o)       obj_sky/contiki-sky-main.o (rtimer_init)
contiki-sky.a(timer.o)        obj_sky/contiki-sky-main.o (timer_set)
contiki-sky.a(serial-line.o)  obj_sky/collect-common.o (serial_line_event_message)
contiki-sky.a(list.o)         contiki-sky.a(ctimer.o) (list_init)
contiki-sky.a(random.o)       obj_sky/contiki-sky-main.o (random_init)
contiki-sky.a(ringbuf.o)      contiki-sky.a(serial-line.o) (ringbuf_init)
contiki-sky.a(sicslowpan.o)   obj_sky/contiki-sky-main.o (sicslowpan_driver)
contiki-sky.a(uip6.o)         contiki-sky.a(sicslowpan.o) (uip_aligned_buf)
contiki-sky.a(uip-ds6.o)      contiki-sky.a(uip6.o) (uip_ds6_is_addr_onlink)
contiki-sky.a(uip-ds6-nbr.o)  contiki-sky.a(uip-ds6.o) (uip_ds6_neighbors_init)
contiki-sky.a(uip-ds6-route.o)
                              contiki-sky.a(uip-ds6.o) (uip_ds6_route_init)
contiki-sky.a(uip-icmp6.o)    contiki-sky.a(uip6.o) (uip_icmp6_input)
contiki-sky.a(uip-nd6.o)      contiki-sky.a(uip6.o) (uip_nd6_init)
contiki-sky.a(tcpip.o)        contiki-sky.a(sicslowpan.o) (tcpip_set_outputfunc)
contiki-sky.a(uip-debug.o)    udp-sender.co (uip_debug_ipaddr_print)
contiki-sky.a(uip-udp-packet.)
                              udp-sender.co (uip_udp_packet_sendto)
contiki-sky.a(rpl.o)          contiki-sky.a(uip-ds6-nbr.o) (rpl_link_neighbor_callback)
contiki-sky.a(rpl-dag.o)      contiki-sky.a(rpl.o) (rpl_dag_init)
contiki-sky.a(rpl-ext-header.)
                              contiki-sky.a(uip6.o) (rpl_verify_hbh_header)
contiki-sky.a(rpl-icmp6.o)    contiki-sky.a(rpl-dag.o) (rpl_icmp6_update_nbr_table)
contiki-sky.a(rpl-mrhof.o)    contiki-sky.a(rpl-dag.o) (rpl_mrhof)
contiki-sky.a(rpl-timers.o)   contiki-sky.a(rpl.o) (rpl_reset_periodic_timer)
contiki-sky.a(csma.o)         obj_sky/contiki-sky-main.o (csma_driver)
contiki-sky.a(framer-802154.o)
                              contiki-sky.a(sicslowpan.o) (framer_802154)
contiki-sky.a(mac.o)          contiki-sky.a(csma.o) (mac_call_sent_callback)
contiki-sky.a(nullrdc.o)      obj_sky/collect-common.o (nullrdc_driver)
contiki-sky.a(linkaddr.o)     udp-sender.co (linkaddr_copy)
contiki-sky.a(link-qlty-stats)
                              contiki-sky.a(rpl-dag.o) (link_qlty_stats_from_lladdr)
contiki-sky.a(link-stats.o)   contiki-sky.a(rpl-dag.o) (link_stats_from_lladdr)
contiki-sky.a(nbr-table.o)    contiki-sky.a(uip-ds6-nbr.o) (nbr_table_register)
contiki-sky.a(packetbuf.o)    contiki-sky.a(framer-802154.o) (packetbuf_hdrreduce)
contiki-sky.a(queuebuf.o)     obj_sky/contiki-sky-main.o (queuebuf_init)
contiki-sky.a(nullsec.o)      obj_sky/contiki-sky-main.o (nullsec_driver)
contiki-sky.a(sht11.o)        contiki-sky.a(sht11-sensor.o) (sht11_init)
[...]
Memory Configuration

Name             Origin             Length             Attributes
sfr              0x00000000         0x00000010
peripheral_8bit  0x00000010         0x000000f0
peripheral_16bit 0x00000100         0x00000100
ram_mirror       0x00000200         0x00000800         xw
infomem          0x00001000         0x00000100
infob            0x00001000         0x00000080
infoa            0x00001080         0x00000080
ram              0x00001100         0x00002800         xw
rom              0x00004000         0x0000bfe0         xr
vectors          0x0000ffe0         0x00000020
bsl              0x00000000         0x00000000
infoc            0x00000000         0x00000000
infod            0x00000000         0x00000000
ram2             0x00000000         0x00000000         xw
usbram           0x00000000         0x00000000         xw
far_rom          0x00000000         0x00000000
*default*        0x00000000         0xffffffff

Linker script and memory map

LOAD /usr/lib/gcc/msp430/4.6.3/mmpy-16/crt0ivtbl16.o
LOAD udp-sender.co
LOAD obj_sky/collect-common.o
LOAD obj_sky/contiki-sky-main.o
LOAD contiki-sky.a
LOAD /usr/lib/gcc/msp430/4.6.3/mmpy-16/libgcc.a
LOAD /usr/lib/gcc/msp430/4.6.3/../../../../msp430/lib/mmpy-16/libc.a
LOAD /usr/lib/gcc/msp430/4.6.3/mmpy-16/libgcc.a
LOAD /usr/lib/gcc/msp430/4.6.3/mmpy-16/libcrt0.a
                0x00000080                PROVIDE (__info_segment_size, 0x80)
                0x00001000                PROVIDE (__infob, 0x1000)
                0x00001080                PROVIDE (__infoa, 0x1080)
                0x00000000                __IE1 = 0x0
                0x00000002                __IFG1 = 0x2
                0x00000004                __ME1 = 0x4
                0x00000001                __IE2 = 0x1
                0x00000003                __IFG2 = 0x3
                0x00000005                __ME2 = 0x5
                0x00000120                __WDTCTL = 0x120
                0x00000130                __MPY = 0x130
                0x00000132                __MPYS = 0x132
                0x00000134                __MAC = 0x134
                0x00000136                __MACS = 0x136
                0x00000138                __OP2 = 0x138
                0x0000013a                __RESLO = 0x13a
                0x0000013c                __RESHI = 0x13c
                0x0000013e                __SUMEXT = 0x13e
                0x00000020                __P1IN = 0x20
                0x00000021                __P1OUT = 0x21
                0x00000022                __P1DIR = 0x22
                0x00000023                __P1IFG = 0x23
                0x00000024                __P1IES = 0x24
                0x00000025                __P1IE = 0x25
                0x00000026                __P1SEL = 0x26
                0x00000028                __P2IN = 0x28
                0x00000029                __P2OUT = 0x29
                0x0000002a                __P2DIR = 0x2a
                0x0000002b                __P2IFG = 0x2b
                0x0000002c                __P2IES = 0x2c
                0x0000002d                __P2IE = 0x2d
                0x0000002e                __P2SEL = 0x2e
                0x00000018                __P3IN = 0x18
                0x00000019                __P3OUT = 0x19
                0x0000001a                __P3DIR = 0x1a
                0x0000001b                __P3SEL = 0x1b
                0x0000001c                __P4IN = 0x1c
                0x0000001d                __P4OUT = 0x1d
                0x0000001e                __P4DIR = 0x1e
                0x0000001f                __P4SEL = 0x1f
                0x00000030                __P5IN = 0x30
                0x00000031                __P5OUT = 0x31
                0x00000032                __P5DIR = 0x32
                0x00000033                __P5SEL = 0x33
                0x00000034                __P6IN = 0x34
                0x00000035                __P6OUT = 0x35
                0x00000036                __P6DIR = 0x36
                0x00000037                __P6SEL = 0x37
                0x00000070                __U0CTL = 0x70
                0x00000071                __U0TCTL = 0x71
                0x00000072                __U0RCTL = 0x72
                0x00000073                __U0MCTL = 0x73
                0x00000074                __U0BR0 = 0x74
                0x00000075                __U0BR1 = 0x75
                0x00000076                __U0RXBUF = 0x76
                0x00000077                __U0TXBUF = 0x77
                0x00000078                __U1CTL = 0x78
                0x00000079                __U1TCTL = 0x79
                0x0000007a                __U1RCTL = 0x7a
                0x0000007b                __U1MCTL = 0x7b
                0x0000007c                __U1BR0 = 0x7c
                0x0000007d                __U1BR1 = 0x7d
                0x0000007e                __U1RXBUF = 0x7e
                0x0000007f                __U1TXBUF = 0x7f
                0x00000050                __I2CIE = 0x50
                0x00000051                __I2CIFG = 0x51
                0x00000052                __I2CNDAT = 0x52
                0x00000071                __I2CTCTL = 0x71
                0x00000072                __I2CDCTL = 0x72
                0x00000073                __I2CPSC = 0x73
                0x00000074                __I2CSCLH = 0x74
                0x00000075                __I2CSCLL = 0x75
                0x00000076                __I2CDRB = 0x76
                0x00000076                __I2CDRW = 0x76
                0x00000118                __I2COA = 0x118
                0x0000011a                __I2CSA = 0x11a
                0x0000011c                __I2CIV = 0x11c
                0x0000012e                __TAIV = 0x12e
                0x00000160                __TACTL = 0x160
                0x00000162                __TACCTL0 = 0x162
                0x00000164                __TACCTL1 = 0x164
                0x00000166                __TACCTL2 = 0x166
                0x00000170                __TAR = 0x170
                0x00000172                __TACCR0 = 0x172
                0x00000174                __TACCR1 = 0x174
                0x00000176                __TACCR2 = 0x176
                0x0000011e                __TBIV = 0x11e
                0x00000180                __TBCTL = 0x180
                0x00000182                __TBCCTL0 = 0x182
                0x00000184                __TBCCTL1 = 0x184
                0x00000186                __TBCCTL2 = 0x186
                0x00000188                __TBCCTL3 = 0x188
                0x0000018a                __TBCCTL4 = 0x18a
                0x0000018c                __TBCCTL5 = 0x18c
                0x0000018e                __TBCCTL6 = 0x18e
                0x00000190                __TBR = 0x190
                0x00000192                __TBCCR0 = 0x192
                0x00000194                __TBCCR1 = 0x194
                0x00000196                __TBCCR2 = 0x196
                0x00000198                __TBCCR3 = 0x198
                0x0000019a                __TBCCR4 = 0x19a
                0x0000019c                __TBCCR5 = 0x19c
                0x0000019e                __TBCCR6 = 0x19e
                0x00000056                __DCOCTL = 0x56
                0x00000057                __BCSCTL1 = 0x57
                0x00000058                __BCSCTL2 = 0x58
                0x00000055                __SVSCTL = 0x55
                0x00000128                __FCTL1 = 0x128
                0x0000012a                __FCTL2 = 0x12a
                0x0000012c                __FCTL3 = 0x12c
                0x00000059                __CACTL1 = 0x59
                0x0000005a                __CACTL2 = 0x5a
                0x0000005b                __CAPD = 0x5b
                0x000001a0                __ADC12CTL0 = 0x1a0
                0x000001a2                __ADC12CTL1 = 0x1a2
                0x000001a4                __ADC12IFG = 0x1a4
                0x000001a6                __ADC12IE = 0x1a6
                0x000001a8                __ADC12IV = 0x1a8
                0x00000140                __ADC12MEM0 = 0x140
                0x00000142                __ADC12MEM1 = 0x142
                0x00000144                __ADC12MEM2 = 0x144
                0x00000146                __ADC12MEM3 = 0x146
                0x00000148                __ADC12MEM4 = 0x148
                0x0000014a                __ADC12MEM5 = 0x14a
                0x0000014c                __ADC12MEM6 = 0x14c
                0x0000014e                __ADC12MEM7 = 0x14e
                0x00000150                __ADC12MEM8 = 0x150
                0x00000152                __ADC12MEM9 = 0x152
                0x00000154                __ADC12MEM10 = 0x154
                0x00000156                __ADC12MEM11 = 0x156
                0x00000158                __ADC12MEM12 = 0x158
                0x0000015a                __ADC12MEM13 = 0x15a
                0x0000015c                __ADC12MEM14 = 0x15c
                0x0000015e                __ADC12MEM15 = 0x15e
                0x00000080                __ADC12MCTL0 = 0x80
                0x00000081                __ADC12MCTL1 = 0x81
                0x00000082                __ADC12MCTL2 = 0x82
                0x00000083                __ADC12MCTL3 = 0x83
                0x00000084                __ADC12MCTL4 = 0x84
                0x00000085                __ADC12MCTL5 = 0x85
                0x00000086                __ADC12MCTL6 = 0x86
                0x00000087                __ADC12MCTL7 = 0x87
                0x00000088                __ADC12MCTL8 = 0x88
                0x00000089                __ADC12MCTL9 = 0x89
                0x0000008a                __ADC12MCTL10 = 0x8a
                0x0000008b                __ADC12MCTL11 = 0x8b
                0x0000008c                __ADC12MCTL12 = 0x8c
                0x0000008d                __ADC12MCTL13 = 0x8d
                0x0000008e                __ADC12MCTL14 = 0x8e
                0x0000008f                __ADC12MCTL15 = 0x8f
                0x000001c0                __DAC12_0CTL = 0x1c0
                0x000001c2                __DAC12_1CTL = 0x1c2
                0x000001c8                __DAC12_0DAT = 0x1c8
                0x000001ca                __DAC12_1DAT = 0x1ca
                0x00000122                __DMACTL0 = 0x122
                0x00000124                __DMACTL1 = 0x124
                0x000001e0                __DMA0CTL = 0x1e0
                0x000001e8                __DMA1CTL = 0x1e8
                0x000001f0                __DMA2CTL = 0x1f0
                0x000001e2                __DMA0SA = 0x1e2
                0x000001e4                __DMA0DA = 0x1e4
                0x000001e6                __DMA0SZ = 0x1e6
                0x000001ea                __DMA1SA = 0x1ea
                0x000001ec                __DMA1DA = 0x1ec
                0x000001ee                __DMA1SZ = 0x1ee
                0x000001f2                __DMA2SA = 0x1f2
                0x000001f4                __DMA2DA = 0x1f4
                0x000001f6                __DMA2SZ = 0x1f6

.hash
 *(.hash)

.dynsym
 *(.dynsym)

.dynstr
 *(.dynstr)

.gnu.version
 *(.gnu.version)

.gnu.version_d
 *(.gnu.version_d)

.gnu.version_r
 *(.gnu.version_r)

.rel.init
 *(.rel.init)

.rela.init
 *(.rela.init)

.rel.fini
 *(.rel.fini)

.rela.fini
 *(.rela.fini)

.rel.text
 *(.rel.text .rel.text.* .rel.gnu.linkonce.t.*)

.rela.text
 *(.rela.text .rela.text.* .rela.gnu.linkonce.t.*)

.rel.rodata
 *(.rel.rodata .rel.rodata.* .rel.gnu.linkonce.r.*)

.rela.rodata
 *(.rela.rodata .rela.rodata.* .rela.gnu.linkonce.r.*)

.rel.data
 *(.rel.data .rel.data.* .rel.gnu.linkonce.d.*)

.rela.data
 *(.rela.data .rela.data.* .rela.gnu.linkonce.d.*)

.rel.bss
 *(.rel.bss .rel.bss.* .rel.gnu.linkonce.b.*)

.rela.bss
 *(.rela.bss .rela.bss.* .rela.gnu.linkonce.b.*)

.rel.ctors
 *(.rel.ctors)

.rela.ctors
 *(.rela.ctors)

.rel.dtors
 *(.rel.dtors)

.rela.dtors
 *(.rela.dtors)

.rel.got
 *(.rel.got)

.rela.got
 *(.rela.got)

.rel.plt
 *(.rel.plt)

.rela.plt
 *(.rela.plt)

.text           0x00004000     0xb6d8
                0x00004000                . = ALIGN (0x2)
 *(.init .init.*)
 *(.init0)
 .init0         0x00004000        0x0 /usr/lib/gcc/msp430/4.6.3/mmpy-16/libcrt0.a(_reset_vector__.o)
                0x00004000                _reset_vector__
 *(.init1)
 .init1         0x00004000        0xc /usr/lib/gcc/msp430/4.6.3/mmpy-16/libcrt0.a(__watchdog_support.o)
                0x00004000                __watchdog_support
 *(.init2)
 .init2         0x0000400c        0x4 /usr/lib/gcc/msp430/4.6.3/mmpy-16/libcrt0.a(__init_stack.o)
                0x0000400c                __init_stack
 *(.init3)
 .init3         0x00004010        0x0 /usr/lib/gcc/msp430/4.6.3/mmpy-16/libcrt0.a(__low_level_init.o)
                0x00004010                __low_level_init
 *(.init4)
 .init4         0x00004010       0x18 /usr/lib/gcc/msp430/4.6.3/mmpy-16/libcrt0.a(_copy_data.o)
                0x00004010                __do_copy_data
 .init4         0x00004028       0x16 /usr/lib/gcc/msp430/4.6.3/mmpy-16/libcrt0.a(_clear_bss.o)
                0x00004028                __do_clear_bss
 *(.init5)
 *(.init6)
 *(.init7)
 *(.init8)
 *(.init9)
 .init9         0x0000403e      0x340 obj_sky/contiki-sky-main.o
                0x0000403e                main
 *(.fini9)
 .fini9         0x0000437e        0x0 /usr/lib/gcc/msp430/4.6.3/mmpy-16/libcrt0.a(__stop_progExec__.o)
                0x0000437e                __stop_progExec__
 *(.fini8)
 *(.fini7)
 *(.fini6)
 *(.fini5)
 *(.fini4)
 *(.fini3)
 *(.fini2)
 *(.fini1)
 *(.fini0)
 .fini0         0x0000437e        0x6 /usr/lib/gcc/msp430/4.6.3/mmpy-16/libcrt0.a(_endless_loop__.o)
                0x0000437e                _endless_loop__
 *(.fini .fini.*)
                0x00004384                . = ALIGN (0x2)
                0x00004384                __ctors_start = .
 *(.ctors)
                0x00004384                __ctors_end = .
                0x00004384                __dtors_start = .
 *(.dtors)
                0x00004384                __dtors_end = .
                0x00004384                . = ALIGN (0x2)
 *(.text .text.* .gnu.linkonce.t.*)
 .text          0x00004384        0x4 /usr/lib/gcc/msp430/4.6.3/mmpy-16/crt0ivtbl16.o
                0x00004384                __isr_14
                0x00004384                __isr_11
                0x00004384                __isr_2
                0x00004384                __isr_7
                0x00004384                __isr_0
                0x00004384                __isr_8
                0x00004384                __isr_3
                0x00004384                __isr_12
                0x00004384                __isr_13
                0x00004384                __isr_9
 .text.process_thread_udp_client_process
                0x00004388      0x174 udp-sender.co
 .text.collect_common_set_sink
                0x000044fc        0x2 udp-sender.co
                0x000044fc                collect_common_set_sink
 .text.collect_common_net_print
                0x000044fe       0x52 udp-sender.co
                0x000044fe                collect_common_net_print
 .text.collect_common_send
                0x00004550       0xf6 udp-sender.co
                0x00004550                collect_common_send
 .text.collect_common_net_init
                0x00004646        0xe udp-sender.co
                0x00004646                collect_common_net_init
 .text.process_thread_collect_common_process
                0x00004654      0x1e6 obj_sky/collect-common.o
 .text.collect_view_construct_message
                0x0000483a      0x158 contiki-sky.a(collect-view.o)
                0x0000483a                collect_view_construct_message
 .text.collect_view_arch_read_sensors
                0x00004992       0x9c contiki-sky.a(collect-view-sk)
                0x00004992                collect_view_arch_read_sensors
 .text.init_platform
                0x00004a2e        0xc contiki-sky.a(contiki-sky-pla)
                0x00004a2e                init_platform
 .text.status   0x00004a3a       0x18 contiki-sky.a(sht11-sensor.o)
 .text.configure
                0x00004a52       0x40 contiki-sky.a(sht11-sensor.o)
 .text.value    0x00004a92       0x2e contiki-sky.a(sht11-sensor.o)
 .text.value    0x00004ac0       0x1a contiki-sky.a(light-sensor.o)
 .text.status   0x00004ada        0xc contiki-sky.a(light-sensor.o)
 .text.configure
                0x00004ae6       0x10 contiki-sky.a(light-sensor.o)
 .text.value    0x00004af6        0x6 contiki-sky.a(battery-sensor.)
 .text.status   0x00004afc        0xc contiki-sky.a(battery-sensor.)
 .text.configure
                0x00004b08       0x12 contiki-sky.a(battery-sensor.)
 .text.status   0x00004b1a       0x16 contiki-sky.a(button-sensor.o)
 .text.configure
                0x00004b30       0x52 contiki-sky.a(button-sensor.o)
 .text.value    0x00004b82       0x22 contiki-sky.a(button-sensor.o)
 .text.irq_p2   0x00004ba4       0x8a contiki-sky.a(button-sensor.o)
                0x00004ba4                irq_p2
                0x00004ba4                __isr_1
 .text.owreadb  0x00004c2e       0x52 contiki-sky.a(ds2411.o)
 .text.ds2411_init
                0x00004c80      0x122 contiki-sky.a(ds2411.o)
                0x00004c80                ds2411_init
 .text.wait_ready
                0x00004da2       0x50 contiki-sky.a(xmem.o)
 .text.xmem_init
                0x00004df2       0x3e contiki-sky.a(xmem.o)
                0x00004df2                xmem_init
 .text.xmem_pread
                0x00004e30       0xea contiki-sky.a(xmem.o)
                0x00004e30                xmem_pread
 .text.node_id_restore
                0x00004f1a       0x38 contiki-sky.a(node-id.o)
                0x00004f1a                node_id_restore
 .text.process_thread_sensors_process
                0x00004f52       0xbe contiki-sky.a(sensors.o)
 .text.sensors_changed
                0x00005010       0x2a contiki-sky.a(sensors.o)
                0x00005010                sensors_changed
 .text.get_object
                0x0000503a        0x4 contiki-sky.a(cc2420.o)
 .text.set_object
                0x0000503e        0x4 contiki-sky.a(cc2420.o)
 .text.strobe   0x00005042       0x20 contiki-sky.a(cc2420.o)
 .text.getreg   0x00005062       0x54 contiki-sky.a(cc2420.o)
 .text.setreg   0x000050b6       0x52 contiki-sky.a(cc2420.o)
 .text.write_ram
                0x00005108       0x80 contiki-sky.a(cc2420.o)
 .text.write_fifo_buf
                0x00005188       0x40 contiki-sky.a(cc2420.o)
 .text.get_status
                0x000051c8       0x24 contiki-sky.a(cc2420.o)
 .text.set_txpower
                0x000051ec       0x26 contiki-sky.a(cc2420.o)
 .text.cc2420_receiving_packet
                0x00005212        0xe contiki-sky.a(cc2420.o)
 .text.pending_packet
                0x00005220        0x8 contiki-sky.a(cc2420.o)
 .text.on       0x00005228       0x26 contiki-sky.a(cc2420.o)
 .text.wait_for_transmission
                0x0000524e       0x22 contiki-sky.a(cc2420.o)
 .text.wait_for_status
                0x00005270       0x2a contiki-sky.a(cc2420.o)
 .text.getrxdata
                0x0000529a       0x56 contiki-sky.a(cc2420.o)
 .text.flushrx  0x000052f0       0x1a contiki-sky.a(cc2420.o)
 .text.off      0x0000530a       0x62 contiki-sky.a(cc2420.o)
 .text.RELEASE_LOCK
                0x0000536c       0x28 contiki-sky.a(cc2420.o)
 .text.set_key  0x00005394       0x18 contiki-sky.a(cc2420.o)
 .text.set_frame_filtering
                0x000053ac       0x30 contiki-sky.a(cc2420.o)
 .text.set_auto_ack
                0x000053dc       0x30 contiki-sky.a(cc2420.o)
 .text.set_poll_mode
                0x0000540c       0x36 contiki-sky.a(cc2420.o)
 .text.cc2420_prepare
                0x00005442       0x3c contiki-sky.a(cc2420.o)
 .text.cc2420_on
                0x0000547e       0x22 contiki-sky.a(cc2420.o)
                0x0000547e                cc2420_on
 .text.cc2420_off
                0x000054a0       0x30 contiki-sky.a(cc2420.o)
                0x000054a0                cc2420_off
 .text.cc2420_cca
                0x000054d0       0x5e contiki-sky.a(cc2420.o)
 .text.cc2420_read
                0x0000552e       0xc0 contiki-sky.a(cc2420.o)
 .text.process_thread_cc2420_process
                0x000055ee       0x58 contiki-sky.a(cc2420.o)
 .text.encrypt  0x00005646       0x8e contiki-sky.a(cc2420.o)
 .text.cc2420_set_channel
                0x000056d4       0x3c contiki-sky.a(cc2420.o)
                0x000056d4                cc2420_set_channel
 .text.cc2420_set_pan_addr
                0x00005710       0x4c contiki-sky.a(cc2420.o)
                0x00005710                cc2420_set_pan_addr
 .text.cc2420_interrupt
                0x0000575c       0x18 contiki-sky.a(cc2420.o)
                0x0000575c                cc2420_interrupt
 .text.cc2420_set_txpower
                0x00005774        0xe contiki-sky.a(cc2420.o)
                0x00005774                cc2420_set_txpower
 .text.cc2420_get_txpower
                0x00005782       0x1e contiki-sky.a(cc2420.o)
                0x00005782                cc2420_get_txpower
 .text.cc2420_transmit
                0x000057a0      0x114 contiki-sky.a(cc2420.o)
 .text.cc2420_send
                0x000058b4       0x12 contiki-sky.a(cc2420.o)
 .text.cc2420_rssi
                0x000058c6       0x4c contiki-sky.a(cc2420.o)
                0x000058c6                cc2420_rssi
 .text.get_value
                0x00005912      0x108 contiki-sky.a(cc2420.o)
 .text.cc2420_set_cca_threshold
                0x00005a1a       0x16 contiki-sky.a(cc2420.o)
                0x00005a1a                cc2420_set_cca_threshold
 .text.set_value
                0x00005a30       0xba contiki-sky.a(cc2420.o)
 .text.cc2420_init
                0x00005aea       0xf0 contiki-sky.a(cc2420.o)
                0x00005aea                cc2420_init
 .text.cc2420_port1_interrupt
                0x00005bda       0x62 contiki-sky.a(cc2420-arch.o)
                0x00005bda                __isr_4
                0x00005bda                cc2420_port1_interrupt
 .text.cc2420_arch_init
                0x00005c3c       0x1a contiki-sky.a(cc2420-arch.o)
                0x00005c3c                cc2420_arch_init
 .text.sky_sensors_status
                0x00005c56       0x42 contiki-sky.a(sky-sensors.o)
                0x00005c56                sky_sensors_status
 .text.sky_sensors_configure
                0x00005c98       0xfc contiki-sky.a(sky-sensors.o)
                0x00005c98                sky_sensors_configure
 .text.handle_rxdma_timer
                0x00005d94       0x3a contiki-sky.a(uart1.o)
 .text.uart1_active
                0x00005dce       0x1a contiki-sky.a(uart1.o)
                0x00005dce                uart1_active
 .text.uart1_set_input
                0x00005de8       0x20 contiki-sky.a(uart1.o)
                0x00005de8                uart1_set_input
 .text.uart1_writeb
                0x00005e08       0x1a contiki-sky.a(uart1.o)
                0x00005e08                uart1_writeb
 .text.uart1_init
                0x00005e22       0xf6 contiki-sky.a(uart1.o)
                0x00005e22                uart1_init
 .text.putchar  0x00005f18       0x10 contiki-sky.a(uart1-putchar.o)
                0x00005f18                putchar
 .text.msp430_init_dco
                0x00005f28       0x84 contiki-sky.a(msp430.o)
                0x00005f28                msp430_init_dco
 .text.msp430_add_lpm_req
                0x00005fac        0xc contiki-sky.a(msp430.o)
                0x00005fac                msp430_add_lpm_req
 .text.msp430_cpu_init
                0x00005fb8       0x2a contiki-sky.a(msp430.o)
                0x00005fb8                msp430_cpu_init
 .text.splhigh_
                0x00005fe2        0x8 contiki-sky.a(msp430.o)
                0x00005fe2                splhigh_
 .text.msp430_sync_dco
                0x00005fea       0x68 contiki-sky.a(msp430.o)
                0x00005fea                msp430_sync_dco
 .text.timera1  0x00006052      0x11e contiki-sky.a(clock.o)
                0x00006052                __isr_5
                0x00006052                timera1
 .text.clock_time
                0x00006170       0x1a contiki-sky.a(clock.o)
                0x00006170                clock_time
 .text.clock_init
                0x0000618a       0x28 contiki-sky.a(clock.o)
                0x0000618a                clock_init
 .text.clock_delay
                0x000061b2        0xc contiki-sky.a(clock.o)
                0x000061b2                clock_delay
 .text.clock_wait
                0x000061be       0x34 contiki-sky.a(clock.o)
                0x000061be                clock_wait
 .text.clock_seconds
                0x000061f2       0x1a contiki-sky.a(clock.o)
                0x000061f2                clock_seconds
 .text.show_leds
                0x0000620c       0xf6 contiki-sky.a(leds.o)
 .text.leds_init
                0x00006302        0xa contiki-sky.a(leds.o)
                0x00006302                leds_init
 .text.leds_on  0x0000630c        0xa contiki-sky.a(leds.o)
                0x0000630c                leds_on
 .text.leds_off
                0x00006316        0xe contiki-sky.a(leds.o)
                0x00006316                leds_off
 .text.leds_arch_init
                0x00006324        0xe contiki-sky.a(leds-arch.o)
                0x00006324                leds_arch_init
 .text.leds_arch_set
                0x00006332       0x3a contiki-sky.a(leds-arch.o)
                0x00006332                leds_arch_set
 .text.watchdog_interrupt
                0x0000636c        0x6 contiki-sky.a(watchdog.o)
                0x0000636c                __isr_10
                0x0000636c                watchdog_interrupt
 .text.watchdog_start
                0x00006372       0x14 contiki-sky.a(watchdog.o)
                0x00006372                watchdog_start
 .text.watchdog_periodic
                0x00006386       0x12 contiki-sky.a(watchdog.o)
                0x00006386                watchdog_periodic
 .text.watchdog_stop
                0x00006398       0x16 contiki-sky.a(watchdog.o)
                0x00006398                watchdog_stop
 .text.watchdog_init
                0x000063ae       0x14 contiki-sky.a(watchdog.o)
                0x000063ae                watchdog_init
 .text.rtimer_arch_init
                0x000063c2        0xe contiki-sky.a(rtimer-arch.o)
                0x000063c2                rtimer_arch_init
 .text.rtimer_arch_now
                0x000063d0        0xe contiki-sky.a(rtimer-arch.o)
                0x000063d0                rtimer_arch_now
 .text.timera0  0x000063de       0x70 contiki-sky.a(rtimer-arch.o)
                0x000063de                __isr_6
                0x000063de                timera0
 .text.rtimer_arch_schedule
                0x0000644e        0x6 contiki-sky.a(rtimer-arch.o)
                0x0000644e                rtimer_arch_schedule
 .text.autostart_start
                0x00006454       0x16 contiki-sky.a(autostart.o)
                0x00006454                autostart_start
 .text.process_thread_ctimer_process
                0x0000646a       0xa4 contiki-sky.a(ctimer.o)
 .text.ctimer_init
                0x0000650e       0x18 contiki-sky.a(ctimer.o)
                0x0000650e                ctimer_init
 .text.ctimer_set_with_process
                0x00006526       0x4e contiki-sky.a(ctimer.o)
                0x00006526                ctimer_set_with_process
 .text.ctimer_set
                0x00006574       0x10 contiki-sky.a(ctimer.o)
                0x00006574                ctimer_set
 .text.ctimer_reset
                0x00006584       0x30 contiki-sky.a(ctimer.o)
                0x00006584                ctimer_reset
 .text.ctimer_restart
                0x000065b4       0x30 contiki-sky.a(ctimer.o)
                0x000065b4                ctimer_restart
 .text.ctimer_stop
                0x000065e4       0x28 contiki-sky.a(ctimer.o)
                0x000065e4                ctimer_stop
 .text.energest_init
                0x0000660c       0x28 contiki-sky.a(energest.o)
                0x0000660c                energest_init
 .text.energest_type_time
                0x00006634       0x46 contiki-sky.a(energest.o)
                0x00006634                energest_type_time
 .text.energest_type_set
                0x0000667a        0xe contiki-sky.a(energest.o)
                0x0000667a                energest_type_set
 .text.energest_flush
                0x00006688       0x48 contiki-sky.a(energest.o)
                0x00006688                energest_flush
 .text.update_time
                0x000066d0       0x78 contiki-sky.a(etimer.o)
 .text.etimer_request_poll
                0x00006748        0xa contiki-sky.a(etimer.o)
                0x00006748                etimer_request_poll
 .text.process_thread_etimer_process
                0x00006752       0xc8 contiki-sky.a(etimer.o)
 .text.add_timer
                0x0000681a       0x40 contiki-sky.a(etimer.o)
 .text.etimer_set
                0x0000685a       0x12 contiki-sky.a(etimer.o)
                0x0000685a                etimer_set
 .text.etimer_reset
                0x0000686c       0x12 contiki-sky.a(etimer.o)
                0x0000686c                etimer_reset
 .text.etimer_restart
                0x0000687e       0x12 contiki-sky.a(etimer.o)
                0x0000687e                etimer_restart
 .text.etimer_expired
                0x00006890        0xe contiki-sky.a(etimer.o)
                0x00006890                etimer_expired
 .text.etimer_expiration_time
                0x0000689e       0x14 contiki-sky.a(etimer.o)
                0x0000689e                etimer_expiration_time
 .text.etimer_pending
                0x000068b2        0xc contiki-sky.a(etimer.o)
                0x000068b2                etimer_pending
 .text.etimer_next_expiration_time
                0x000068be       0x16 contiki-sky.a(etimer.o)
                0x000068be                etimer_next_expiration_time
 .text.etimer_stop
                0x000068d4       0x3c contiki-sky.a(etimer.o)
                0x000068d4                etimer_stop
 .text.call_process
                0x00006910       0x4a contiki-sky.a(process.o)
 .text.exit_process
                0x0000695a       0x96 contiki-sky.a(process.o)
 .text.do_poll  0x000069f0       0x30 contiki-sky.a(process.o)
 .text.process_alloc_event
                0x00006a20        0xe contiki-sky.a(process.o)
                0x00006a20                process_alloc_event
 .text.process_init
                0x00006a2e       0x1c contiki-sky.a(process.o)
                0x00006a2e                process_init
 .text.process_run
                0x00006a4a       0x92 contiki-sky.a(process.o)
                0x00006a4a                process_run
 .text.process_nevents
                0x00006adc        0xe contiki-sky.a(process.o)
                0x00006adc                process_nevents
 .text.process_post
                0x00006aea       0x4e contiki-sky.a(process.o)
                0x00006aea                process_post
 .text.process_post_synch
                0x00006b38       0x12 contiki-sky.a(process.o)
                0x00006b38                process_post_synch
 .text.process_start
                0x00006b4a       0x32 contiki-sky.a(process.o)
                0x00006b4a                process_start
 .text.process_poll
                0x00006b7c       0x18 contiki-sky.a(process.o)
                0x00006b7c                process_poll
 .text.rtimer_init
                0x00006b94        0x6 contiki-sky.a(rtimer.o)
                0x00006b94                rtimer_init
 .text.rtimer_run_next
                0x00006b9a       0x26 contiki-sky.a(rtimer.o)
                0x00006b9a                rtimer_run_next
 .text.timer_set
                0x00006bc0       0x1c contiki-sky.a(timer.o)
                0x00006bc0                timer_set
 .text.timer_reset
                0x00006bdc        0xe contiki-sky.a(timer.o)
                0x00006bdc                timer_reset
 .text.timer_restart
                0x00006bea       0x14 contiki-sky.a(timer.o)
                0x00006bea                timer_restart
 .text.timer_expired
                0x00006bfe       0x2a contiki-sky.a(timer.o)
                0x00006bfe                timer_expired
 .text.process_thread_serial_line_process
                0x00006c28       0x9c contiki-sky.a(serial-line.o)
 .text.serial_line_input_byte
                0x00006cc4       0x4a contiki-sky.a(serial-line.o)
                0x00006cc4                serial_line_input_byte
 .text.serial_line_init
                0x00006d0e       0x1c contiki-sky.a(serial-line.o)
                0x00006d0e                serial_line_init
 .text.list_init
                0x00006d2a        0x6 contiki-sky.a(list.o)
                0x00006d2a                list_init
 .text.list_head
                0x00006d30        0x4 contiki-sky.a(list.o)
                0x00006d30                list_head
 .text.list_tail
                0x00006d34       0x12 contiki-sky.a(list.o)
                0x00006d34                list_tail
 .text.list_remove
                0x00006d46       0x34 contiki-sky.a(list.o)
                0x00006d46                list_remove
 .text.list_push
                0x00006d7a       0x1a contiki-sky.a(list.o)
                0x00006d7a                list_push
 .text.list_add
                0x00006d94       0x2a contiki-sky.a(list.o)
                0x00006d94                list_add
 .text.list_length
                0x00006dbe       0x10 contiki-sky.a(list.o)
                0x00006dbe                list_length
 .text.list_item_next
                0x00006dce        0xc contiki-sky.a(list.o)
                0x00006dce                list_item_next
 .text.random_init
                0x00006dda        0x6 contiki-sky.a(random.o)
                0x00006dda                random_init
 .text.random_rand
                0x00006de0        0x6 contiki-sky.a(random.o)
                0x00006de0                random_rand
 .text.ringbuf_init
                0x00006de6       0x14 contiki-sky.a(ringbuf.o)
                0x00006de6                ringbuf_init
 .text.ringbuf_put
                0x00006dfa       0x38 contiki-sky.a(ringbuf.o)
                0x00006dfa                ringbuf_put
 .text.ringbuf_get
                0x00006e32       0x34 contiki-sky.a(ringbuf.o)
                0x00006e32                ringbuf_get
 .text.set_packet_attrs
                0x00006e66       0x44 contiki-sky.a(sicslowpan.o)
 .text.addr_context_lookup_by_number
                0x00006eaa       0x36 contiki-sky.a(sicslowpan.o)
 .text.compress_addr_64
                0x00006ee0       0xae contiki-sky.a(sicslowpan.o)
 .text.uncompress_addr
                0x00006f8e       0xb4 contiki-sky.a(sicslowpan.o)
 .text.sicslowpan_init
                0x00007042       0x24 contiki-sky.a(sicslowpan.o)
                0x00007042                sicslowpan_init
 .text.addr_context_lookup_by_prefix
                0x00007066       0x4c contiki-sky.a(sicslowpan.o)
 .text.output   0x000070b2      0x572 contiki-sky.a(sicslowpan.o)
 .text.packet_sent
                0x00007624       0x22 contiki-sky.a(sicslowpan.o)
 .text.input    0x00007646      0x492 contiki-sky.a(sicslowpan.o)
 .text.chksum   0x00007ad8       0x32 contiki-sky.a(uip6.o)
 .text.upper_layer_chksum
                0x00007b0a       0x56 contiki-sky.a(uip6.o)
 .text.ext_hdr_options_process
                0x00007b60       0xda contiki-sky.a(uip6.o)
 .text.uip_icmp6chksum
                0x00007c3a        0xa contiki-sky.a(uip6.o)
                0x00007c3a                uip_icmp6chksum
 .text.uip_udpchksum
                0x00007c44        0xa contiki-sky.a(uip6.o)
                0x00007c44                uip_udpchksum
 .text.uip_init
                0x00007c4e       0x26 contiki-sky.a(uip6.o)
                0x00007c4e                uip_init
 .text.remove_ext_hdr
                0x00007c74       0x56 contiki-sky.a(uip6.o)
                0x00007c74                remove_ext_hdr
 .text.uip_udp_new
                0x00007cca       0xac contiki-sky.a(uip6.o)
                0x00007cca                uip_udp_new
 .text.uip_process
                0x00007d76      0x4a4 contiki-sky.a(uip6.o)
                0x00007d76                uip_process
 .text.uip_htonl
                0x0000821a       0x2e contiki-sky.a(uip6.o)
                0x0000821a                uip_htonl
 .text.uip_ds6_list_loop
                0x00008248       0x86 contiki-sky.a(uip-ds6.o)
                0x00008248                uip_ds6_list_loop
 .text.uip_ds6_prefix_add
                0x000082ce       0x80 contiki-sky.a(uip-ds6.o)
                0x000082ce                uip_ds6_prefix_add
 .text.uip_ds6_is_addr_onlink
                0x0000834e       0x54 contiki-sky.a(uip-ds6.o)
                0x0000834e                uip_ds6_is_addr_onlink
 .text.uip_ds6_addr_lookup
                0x000083a2       0x2a contiki-sky.a(uip-ds6.o)
                0x000083a2                uip_ds6_addr_lookup
 .text.uip_ds6_get_link_local
                0x000083cc       0x3e contiki-sky.a(uip-ds6.o)
                0x000083cc                uip_ds6_get_link_local
 .text.uip_ds6_maddr_add
                0x0000840a       0x4c contiki-sky.a(uip-ds6.o)
                0x0000840a                uip_ds6_maddr_add
 .text.uip_ds6_addr_add
                0x00008456       0xc4 contiki-sky.a(uip-ds6.o)
                0x00008456                uip_ds6_addr_add
 .text.uip_ds6_maddr_lookup
                0x0000851a       0x2a contiki-sky.a(uip-ds6.o)
                0x0000851a                uip_ds6_maddr_lookup
 .text.uip_ds6_addr_rm
                0x00008544       0x54 contiki-sky.a(uip-ds6.o)
                0x00008544                uip_ds6_addr_rm
 .text.uip_ds6_periodic
                0x00008598       0x46 contiki-sky.a(uip-ds6.o)
                0x00008598                uip_ds6_periodic
 .text.uip_ds6_set_addr_iid
                0x000085de       0x14 contiki-sky.a(uip-ds6.o)
                0x000085de                uip_ds6_set_addr_iid
 .text.get_match_length
                0x000085f2       0x3e contiki-sky.a(uip-ds6.o)
                0x000085f2                get_match_length
 .text.uip_ds6_select_src
                0x00008630       0xaa contiki-sky.a(uip-ds6.o)
                0x00008630                uip_ds6_select_src
 .text.uip_ds6_compute_reachable_time
                0x000086da       0x3e contiki-sky.a(uip-ds6.o)
                0x000086da                uip_ds6_compute_reachable_time
 .text.uip_ds6_init
                0x00008718      0x154 contiki-sky.a(uip-ds6.o)
                0x00008718                uip_ds6_init
 .text.uip_ds6_nbr_rm
                0x0000886c       0x1e contiki-sky.a(uip-ds6-nbr.o)
                0x0000886c                uip_ds6_nbr_rm
 .text.uip_ds6_neighbors_init
                0x0000888a       0x16 contiki-sky.a(uip-ds6-nbr.o)
                0x0000888a                uip_ds6_neighbors_init
 .text.uip_ds6_nbr_add
                0x000088a0       0x3e contiki-sky.a(uip-ds6-nbr.o)
                0x000088a0                uip_ds6_nbr_add
 .text.uip_ds6_nbr_get_ll
                0x000088de        0xc contiki-sky.a(uip-ds6-nbr.o)
                0x000088de                uip_ds6_nbr_get_ll
 .text.uip_ds6_nbr_num
                0x000088ea       0x24 contiki-sky.a(uip-ds6-nbr.o)
                0x000088ea                uip_ds6_nbr_num
 .text.uip_ds6_nbr_lookup
                0x0000890e       0x42 contiki-sky.a(uip-ds6-nbr.o)
                0x0000890e                uip_ds6_nbr_lookup
 .text.uip_ds6_nbr_ll_lookup
                0x00008950        0xc contiki-sky.a(uip-ds6-nbr.o)
                0x00008950                uip_ds6_nbr_ll_lookup
 .text.uip_ds6_nbr_ipaddr_from_lladdr
                0x0000895c        0x6 contiki-sky.a(uip-ds6-nbr.o)
                0x0000895c                uip_ds6_nbr_ipaddr_from_lladdr
 .text.uip_ds6_nbr_lladdr_from_ipaddr
                0x00008962       0x12 contiki-sky.a(uip-ds6-nbr.o)
                0x00008962                uip_ds6_nbr_lladdr_from_ipaddr
 .text.uip_ds6_link_neighbor_callback
                0x00008974       0x36 contiki-sky.a(uip-ds6-nbr.o)
                0x00008974                uip_ds6_link_neighbor_callback
 .text.call_route_callback
                0x000089aa       0x4c contiki-sky.a(uip-ds6-route.o)
 .text.uip_ds6_route_init
                0x000089f6       0x36 contiki-sky.a(uip-ds6-route.o)
                0x000089f6                uip_ds6_route_init
 .text.uip_ds6_route_nexthop
                0x00008a2c       0x1a contiki-sky.a(uip-ds6-route.o)
                0x00008a2c                uip_ds6_route_nexthop
 .text.uip_ds6_route_head
                0x00008a46        0xa contiki-sky.a(uip-ds6-route.o)
                0x00008a46                uip_ds6_route_head
 .text.uip_ds6_route_next
                0x00008a50        0xe contiki-sky.a(uip-ds6-route.o)
                0x00008a50                uip_ds6_route_next
 .text.uip_ds6_route_is_nexthop
                0x00008a5e       0x1e contiki-sky.a(uip-ds6-route.o)
                0x00008a5e                uip_ds6_route_is_nexthop
 .text.uip_ds6_route_lookup
                0x00008a7c       0x8c contiki-sky.a(uip-ds6-route.o)
                0x00008a7c                uip_ds6_route_lookup
 .text.uip_ds6_route_rm
                0x00008b08       0xa4 contiki-sky.a(uip-ds6-route.o)
                0x00008b08                uip_ds6_route_rm
 .text.rm_routelist
                0x00008bac       0x34 contiki-sky.a(uip-ds6-route.o)
 .text.rm_routelist_callback
                0x00008be0        0x6 contiki-sky.a(uip-ds6-route.o)
 .text.uip_ds6_route_add
                0x00008be6      0x110 contiki-sky.a(uip-ds6-route.o)
                0x00008be6                uip_ds6_route_add
 .text.uip_ds6_defrt_rm
                0x00008cf6       0x48 contiki-sky.a(uip-ds6-route.o)
                0x00008cf6                uip_ds6_defrt_rm
 .text.uip_ds6_defrt_lookup
                0x00008d3e       0x36 contiki-sky.a(uip-ds6-route.o)
                0x00008d3e                uip_ds6_defrt_lookup
 .text.uip_ds6_defrt_add
                0x00008d74       0x74 contiki-sky.a(uip-ds6-route.o)
                0x00008d74                uip_ds6_defrt_add
 .text.uip_ds6_defrt_choose
                0x00008de8       0x3a contiki-sky.a(uip-ds6-route.o)
                0x00008de8                uip_ds6_defrt_choose
 .text.uip_ds6_defrt_periodic
                0x00008e22       0x38 contiki-sky.a(uip-ds6-route.o)
                0x00008e22                uip_ds6_defrt_periodic
 .text.echo_reply_input
                0x00008e5a       0xb2 contiki-sky.a(uip-icmp6.o)
 .text.echo_request_input
                0x00008f0c       0xca contiki-sky.a(uip-icmp6.o)
 .text.uip_icmp6_input
                0x00008fd6       0x44 contiki-sky.a(uip-icmp6.o)
                0x00008fd6                uip_icmp6_input
 .text.uip_icmp6_register_input_handler
                0x0000901a        0xc contiki-sky.a(uip-icmp6.o)
                0x0000901a                uip_icmp6_register_input_handler
 .text.uip_icmp6_error_output
                0x00009026      0x17c contiki-sky.a(uip-icmp6.o)
                0x00009026                uip_icmp6_error_output
 .text.uip_icmp6_send
                0x000091a2       0x96 contiki-sky.a(uip-icmp6.o)
                0x000091a2                uip_icmp6_send
 .text.uip_icmp6_init
                0x00009238       0x12 contiki-sky.a(uip-icmp6.o)
                0x00009238                uip_icmp6_init
 .text.uip_nd6_init
                0x0000924a        0x2 contiki-sky.a(uip-nd6.o)
                0x0000924a                uip_nd6_init
 .text.tcpip_output
                0x0000924c       0x10 contiki-sky.a(tcpip.o)
                0x0000924c                tcpip_output
 .text.tcpip_set_outputfunc
                0x0000925c        0x6 contiki-sky.a(tcpip.o)
                0x0000925c                tcpip_set_outputfunc
 .text.udp_new  0x00009262       0x1a contiki-sky.a(tcpip.o)
                0x00009262                udp_new
 .text.tcpip_input
                0x0000927c       0x16 contiki-sky.a(tcpip.o)
                0x0000927c                tcpip_input
 .text.tcpip_ipv6_output
                0x00009292       0xc0 contiki-sky.a(tcpip.o)
                0x00009292                tcpip_ipv6_output
 .text.process_thread_tcpip_process
                0x00009352       0xd0 contiki-sky.a(tcpip.o)
 .text.tcpip_uipcall
                0x00009422       0x2a contiki-sky.a(tcpip.o)
                0x00009422                tcpip_uipcall
 .text.uip_debug_ipaddr_print
                0x0000944c       0xc6 contiki-sky.a(uip-debug.o)
                0x0000944c                uip_debug_ipaddr_print
 .text.uip_udp_packet_send
                0x00009512       0x2a contiki-sky.a(uip-udp-packet.)
                0x00009512                uip_udp_packet_send
 .text.uip_udp_packet_sendto
                0x0000953c       0x66 contiki-sky.a(uip-udp-packet.)
                0x0000953c                uip_udp_packet_sendto
 .text.rpl_get_mode
                0x000095a2        0x6 contiki-sky.a(rpl.o)
                0x000095a2                rpl_get_mode
 .text.rpl_purge_routes
                0x000095a8       0x94 contiki-sky.a(rpl.o)
                0x000095a8                rpl_purge_routes
 .text.rpl_remove_routes
                0x0000963c       0x22 contiki-sky.a(rpl.o)
                0x0000963c                rpl_remove_routes
 .text.rpl_remove_routes_by_nexthop
                0x0000965e       0x46 contiki-sky.a(rpl.o)
                0x0000965e                rpl_remove_routes_by_nexthop
 .text.rpl_add_route
                0x000096a4       0x52 contiki-sky.a(rpl.o)
                0x000096a4                rpl_add_route
 .text.rpl_link_neighbor_callback
                0x000096f6       0x4c contiki-sky.a(rpl.o)
                0x000096f6                rpl_link_neighbor_callback
 .text.rpl_ipv6_neighbor_callback
                0x00009742       0x1e contiki-sky.a(rpl.o)
                0x00009742                rpl_ipv6_neighbor_callback
 .text.rpl_purge_dags
                0x00009760       0x6e contiki-sky.a(rpl.o)
                0x00009760                rpl_purge_dags
 .text.rpl_init
                0x000097ce       0x44 contiki-sky.a(rpl.o)
                0x000097ce                rpl_init
 .text.lollipop_greater_than
                0x00009812       0x44 contiki-sky.a(rpl-dag.o)
 .text.acceptable_rank
                0x00009856       0x50 contiki-sky.a(rpl-dag.o)
 .text.find_parent_any_dag_any_instance
                0x000098a6       0x14 contiki-sky.a(rpl-dag.o)
 .text.rpl_set_preferred_parent
                0x000098ba       0x30 contiki-sky.a(rpl-dag.o)
 .text.set_ip_from_prefix
                0x000098ea       0x38 contiki-sky.a(rpl-dag.o)
 .text.check_prefix
                0x00009922       0x80 contiki-sky.a(rpl-dag.o)
 .text.rpl_dag_init
                0x000099a2        0xe contiki-sky.a(rpl-dag.o)
                0x000099a2                rpl_dag_init
 .text.rpl_get_parent
                0x000099b0        0xc contiki-sky.a(rpl-dag.o)
                0x000099b0                rpl_get_parent
 .text.rpl_get_parent_rank
                0x000099bc       0x18 contiki-sky.a(rpl-dag.o)
                0x000099bc                rpl_get_parent_rank
 .text.rpl_rank_via_parent
                0x000099d4       0x2e contiki-sky.a(rpl-dag.o)
                0x000099d4                rpl_rank_via_parent
 .text.rpl_get_parent_lladdr
                0x00009a02        0xc contiki-sky.a(rpl-dag.o)
                0x00009a02                rpl_get_parent_lladdr
 .text.rpl_get_parent_ipaddr
                0x00009a0e        0xa contiki-sky.a(rpl-dag.o)
                0x00009a0e                rpl_get_parent_ipaddr
 .text.rpl_get_parent_link_stats
                0x00009a18        0xa contiki-sky.a(rpl-dag.o)
                0x00009a18                rpl_get_parent_link_stats
 .text.rpl_parent_is_fresh
                0x00009a22        0xa contiki-sky.a(rpl-dag.o)
                0x00009a22                rpl_parent_is_fresh
 .text.best_parent
                0x00009a2c       0x80 contiki-sky.a(rpl-dag.o)
 .text.rpl_parent_is_reachable
                0x00009aac       0x46 contiki-sky.a(rpl-dag.o)
                0x00009aac                rpl_parent_is_reachable
 .text.rpl_set_prefix
                0x00009af2       0x8e contiki-sky.a(rpl-dag.o)
                0x00009af2                rpl_set_prefix
 .text.rpl_set_default_route
                0x00009b80       0x3e contiki-sky.a(rpl-dag.o)
                0x00009b80                rpl_set_default_route
 .text.rpl_alloc_instance
                0x00009bbe       0x34 contiki-sky.a(rpl-dag.o)
                0x00009bbe                rpl_alloc_instance
 .text.rpl_add_parent
                0x00009bf2       0x54 contiki-sky.a(rpl-dag.o)
                0x00009bf2                rpl_add_parent
 .text.rpl_find_parent
                0x00009c46       0x18 contiki-sky.a(rpl-dag.o)
                0x00009c46                rpl_find_parent
 .text.rpl_find_parent_any_dag
                0x00009c5e       0x20 contiki-sky.a(rpl-dag.o)
                0x00009c5e                rpl_find_parent_any_dag
 .text.rpl_select_parent
                0x00009c7e       0x66 contiki-sky.a(rpl-dag.o)
                0x00009c7e                rpl_select_parent
 .text.rpl_select_dag
                0x00009ce4      0x17e contiki-sky.a(rpl-dag.o)
                0x00009ce4                rpl_select_dag
 .text.rpl_nullify_parent
                0x00009e62       0x60 contiki-sky.a(rpl-dag.o)
                0x00009e62                rpl_nullify_parent
 .text.rpl_remove_parent
                0x00009ec2       0x16 contiki-sky.a(rpl-dag.o)
                0x00009ec2                rpl_remove_parent
 .text.nbr_callback
                0x00009ed8        0x6 contiki-sky.a(rpl-dag.o)
 .text.remove_parents.constprop.3
                0x00009ede       0x30 contiki-sky.a(rpl-dag.o)
 .text.rpl_free_dag
                0x00009f0e       0x44 contiki-sky.a(rpl-dag.o)
                0x00009f0e                rpl_free_dag
 .text.rpl_move_parent
                0x00009f52       0x68 contiki-sky.a(rpl-dag.o)
                0x00009f52                rpl_move_parent
 .text.rpl_get_dag
                0x00009fba       0x86 contiki-sky.a(rpl-dag.o)
                0x00009fba                rpl_get_dag
 .text.rpl_get_any_dag
                0x0000a040       0x18 contiki-sky.a(rpl-dag.o)
                0x0000a040                rpl_get_any_dag
 .text.rpl_get_instance
                0x0000a058       0x1a contiki-sky.a(rpl-dag.o)
                0x0000a058                rpl_get_instance
 .text.rpl_alloc_dag
                0x0000a072       0x60 contiki-sky.a(rpl-dag.o)
                0x0000a072                rpl_alloc_dag
 .text.rpl_repair_root
                0x0000a0d2       0x50 contiki-sky.a(rpl-dag.o)
                0x0000a0d2                rpl_repair_root
 .text.rpl_find_of
                0x0000a122       0x10 contiki-sky.a(rpl-dag.o)
                0x0000a122                rpl_find_of
 .text.rpl_join_instance
                0x0000a132      0x158 contiki-sky.a(rpl-dag.o)
                0x0000a132                rpl_join_instance
 .text.rpl_local_repair
                0x0000a28a       0x9a contiki-sky.a(rpl-dag.o)
                0x0000a28a                rpl_local_repair
 .text.rpl_process_parent_event
                0x0000a324       0x8e contiki-sky.a(rpl-dag.o)
                0x0000a324                rpl_process_parent_event
 .text.rpl_recalculate_ranks
                0x0000a3b2       0x46 contiki-sky.a(rpl-dag.o)
                0x0000a3b2                rpl_recalculate_ranks
 .text.rpl_add_dag
                0x0000a3f8      0x114 contiki-sky.a(rpl-dag.o)
                0x0000a3f8                rpl_add_dag
 .text.rpl_process_dio
                0x0000a50c      0x344 contiki-sky.a(rpl-dag.o)
                0x0000a50c                rpl_process_dio
 .text.update_hbh_header
                0x0000a850       0xcc contiki-sky.a(rpl-ext-header.)
 .text.insert_hbh_header
                0x0000a91c       0x9c contiki-sky.a(rpl-ext-header.)
 .text.rpl_verify_hbh_header
                0x0000a9b8      0x104 contiki-sky.a(rpl-ext-header.)
                0x0000a9b8                rpl_verify_hbh_header
 .text.rpl_remove_header
                0x0000aabc       0x7a contiki-sky.a(rpl-ext-header.)
                0x0000aabc                rpl_remove_header
 .text.rpl_update_header
                0x0000ab36       0x64 contiki-sky.a(rpl-ext-header.)
                0x0000ab36                rpl_update_header
 .text.prepare_for_dao_fwd
                0x0000ab9a       0x28 contiki-sky.a(rpl-icmp6.o)
 .text.get32    0x0000abc2       0x46 contiki-sky.a(rpl-icmp6.o)
 .text.set32    0x0000ac08       0x2a contiki-sky.a(rpl-icmp6.o)
 .text.get16    0x0000ac32        0xe contiki-sky.a(rpl-icmp6.o)
 .text.set16    0x0000ac40       0x10 contiki-sky.a(rpl-icmp6.o)
 .text.dao_ack_input
                0x0000ac50        0xa contiki-sky.a(rpl-icmp6.o)
 .text.dio_input
                0x0000ac5a      0x2b0 contiki-sky.a(rpl-icmp6.o)
 .text.rpl_icmp6_update_nbr_table
                0x0000af0a       0x30 contiki-sky.a(rpl-icmp6.o)
                0x0000af0a                rpl_icmp6_update_nbr_table
 .text.dao_input
                0x0000af3a      0x29a contiki-sky.a(rpl-icmp6.o)
 .text.dis_output
                0x0000b1d4       0x50 contiki-sky.a(rpl-icmp6.o)
                0x0000b1d4                dis_output
 .text.dio_output
                0x0000b224      0x27c contiki-sky.a(rpl-icmp6.o)
                0x0000b224                dio_output
 .text.dis_input
                0x0000b4a0       0x3e contiki-sky.a(rpl-icmp6.o)
 .text.dao_output_target
                0x0000b4de      0x114 contiki-sky.a(rpl-icmp6.o)
                0x0000b4de                dao_output_target
 .text.dao_output
                0x0000b5f2       0xb2 contiki-sky.a(rpl-icmp6.o)
                0x0000b5f2                dao_output
 .text.rpl_icmp6_register_handlers
                0x0000b6a4       0x22 contiki-sky.a(rpl-icmp6.o)
                0x0000b6a4                rpl_icmp6_register_handlers
 .text.reset    0x0000b6c6        0xa contiki-sky.a(rpl-mrhof.o)
 .text.parent_link_metric
                0x0000b6d0       0x6c contiki-sky.a(rpl-mrhof.o)
 .text.parent_has_usable_link
                0x0000b73c       0x14 contiki-sky.a(rpl-mrhof.o)
 .text.best_dag
                0x0000b750       0x34 contiki-sky.a(rpl-mrhof.o)
 .text.parent_path_cost
                0x0000b784       0x62 contiki-sky.a(rpl-mrhof.o)
 .text.update_metric_container
                0x0000b7e6       0xcc contiki-sky.a(rpl-mrhof.o)
 .text.parent_is_acceptable
                0x0000b8b2       0x2a contiki-sky.a(rpl-mrhof.o)
 .text.best_parent
                0x0000b8dc       0x88 contiki-sky.a(rpl-mrhof.o)
 .text.rank_via_parent
                0x0000b964       0x56 contiki-sky.a(rpl-mrhof.o)
 .text.handle_unicast_dio_timer
                0x0000b9ba       0x1c contiki-sky.a(rpl-timers.o)
 .text.new_dio_interval
                0x0000b9d6       0x92 contiki-sky.a(rpl-timers.o)
 .text.handle_periodic_timer
                0x0000ba68       0x50 contiki-sky.a(rpl-timers.o)
 .text.set_dao_lifetime_timer.part.0
                0x0000bab8       0x66 contiki-sky.a(rpl-timers.o)
 .text.schedule_dao
                0x0000bb1e       0x90 contiki-sky.a(rpl-timers.o)
 .text.handle_dio_timer
                0x0000bbae       0x88 contiki-sky.a(rpl-timers.o)
 .text.handle_dao_timer
                0x0000bc36       0x72 contiki-sky.a(rpl-timers.o)
 .text.rpl_reset_periodic_timer
                0x0000bca8       0x60 contiki-sky.a(rpl-timers.o)
                0x0000bca8                rpl_reset_periodic_timer
 .text.rpl_reset_dio_timer
                0x0000bd08       0x18 contiki-sky.a(rpl-timers.o)
                0x0000bd08                rpl_reset_dio_timer
 .text.rpl_schedule_dao
                0x0000bd20        0xc contiki-sky.a(rpl-timers.o)
                0x0000bd20                rpl_schedule_dao
 .text.rpl_schedule_unicast_dio_immediately
                0x0000bd2c       0x16 contiki-sky.a(rpl-timers.o)
                0x0000bd2c                rpl_schedule_unicast_dio_immediately
 .text.get_probing_delay
                0x0000bd42       0x40 contiki-sky.a(rpl-timers.o)
                0x0000bd42                get_probing_delay
 .text.get_probing_target
                0x0000bd82       0xf6 contiki-sky.a(rpl-timers.o)
                0x0000bd82                get_probing_target
 .text.rpl_schedule_probing
                0x0000be78       0x26 contiki-sky.a(rpl-timers.o)
                0x0000be78                rpl_schedule_probing
 .text.handle_probing_timer
                0x0000be9e       0x3c contiki-sky.a(rpl-timers.o)
 .text.input_packet
                0x0000beda        0x6 contiki-sky.a(csma.o)
 .text.on       0x0000bee0        0x6 contiki-sky.a(csma.o)
 .text.off      0x0000bee6        0x6 contiki-sky.a(csma.o)
 .text.channel_check_interval
                0x0000beec       0x10 contiki-sky.a(csma.o)
 .text.transmit_packet_list
                0x0000befc       0x24 contiki-sky.a(csma.o)
 .text.schedule_transmission
                0x0000bf20       0x96 contiki-sky.a(csma.o)
 .text.send_packet
                0x0000bfb6      0x164 contiki-sky.a(csma.o)
 .text.init     0x0000c11a       0x1a contiki-sky.a(csma.o)
 .text.tx_done  0x0000c134       0x9a contiki-sky.a(csma.o)
 .text.packet_sent
                0x0000c1ce       0xd2 contiki-sky.a(csma.o)
 .text.parse    0x0000c2a0       0xa6 contiki-sky.a(framer-802154.o)
 .text.create_frame.isra.0
                0x0000c346      0x118 contiki-sky.a(framer-802154.o)
 .text.create   0x0000c45e        0x8 contiki-sky.a(framer-802154.o)
 .text.hdr_length
                0x0000c466        0x8 contiki-sky.a(framer-802154.o)
 .text.mac_call_sent_callback
                0x0000c46e       0x14 contiki-sky.a(mac.o)
                0x0000c46e                mac_call_sent_callback
 .text.on       0x0000c482        0x6 contiki-sky.a(nullrdc.o)
 .text.channel_check_interval
                0x0000c488        0x4 contiki-sky.a(nullrdc.o)
 .text.init     0x0000c48c        0x6 contiki-sky.a(nullrdc.o)
 .text.send_one_packet
                0x0000c492      0x116 contiki-sky.a(nullrdc.o)
 .text.send_list
                0x0000c5a8       0x30 contiki-sky.a(nullrdc.o)
 .text.send_packet
                0x0000c5d8        0x6 contiki-sky.a(nullrdc.o)
 .text.off      0x0000c5de       0x10 contiki-sky.a(nullrdc.o)
 .text.packet_input
                0x0000c5ee       0x3c contiki-sky.a(nullrdc.o)
 .text.linkaddr_copy
                0x0000c62a        0x8 contiki-sky.a(linkaddr.o)
                0x0000c62a                linkaddr_copy
 .text.linkaddr_cmp
                0x0000c632       0x12 contiki-sky.a(linkaddr.o)
                0x0000c632                linkaddr_cmp
 .text.linkaddr_set_node_addr
                0x0000c644        0xc contiki-sky.a(linkaddr.o)
                0x0000c644                linkaddr_set_node_addr
 .text.link_qlty_stats_from_lladdr
                0x0000c650        0xc contiki-sky.a(link-qlty-stats)
                0x0000c650                link_qlty_stats_from_lladdr
 .text.link_qlty_stats_init
                0x0000c65c        0xc contiki-sky.a(link-qlty-stats)
                0x0000c65c                link_qlty_stats_init
 .text.rssi_mean
                0x0000c668       0x6a contiki-sky.a(link-qlty-stats)
                0x0000c668                rssi_mean
 .text.rssi_mapping
                0x0000c6d2       0x52 contiki-sky.a(link-qlty-stats)
                0x0000c6d2                rssi_mapping
 .text.etx_mapping
                0x0000c724       0x18 contiki-sky.a(link-qlty-stats)
                0x0000c724                etx_mapping
 .text.nbr_mapping
                0x0000c73c       0x4a contiki-sky.a(link-qlty-stats)
                0x0000c73c                nbr_mapping
 .text.hop_mapping
                0x0000c786       0x3c contiki-sky.a(link-qlty-stats)
                0x0000c786                hop_mapping
 .text.periodic
                0x0000c7c2       0x28 contiki-sky.a(link-stats.o)
 .text.link_stats_from_lladdr
                0x0000c7ea        0xc contiki-sky.a(link-stats.o)
                0x0000c7ea                link_stats_from_lladdr
 .text.link_stats_is_fresh
                0x0000c7f6       0x30 contiki-sky.a(link-stats.o)
                0x0000c7f6                link_stats_is_fresh
 .text.link_stats_packet_sent
                0x0000c826       0xda contiki-sky.a(link-stats.o)
                0x0000c826                link_stats_packet_sent
 .text.link_stats_input_callback
                0x0000c900       0xbc contiki-sky.a(link-stats.o)
                0x0000c900                link_stats_input_callback
 .text.link_stats_init
                0x0000c9bc       0x22 contiki-sky.a(link-stats.o)
                0x0000c9bc                link_stats_init
 .text.key_from_index
                0x0000c9de       0x18 contiki-sky.a(nbr-table.o)
 .text.index_from_key
                0x0000c9f6       0x48 contiki-sky.a(nbr-table.o)
 .text.index_from_item
                0x0000ca3e       0x44 contiki-sky.a(nbr-table.o)
 .text.item_from_key
                0x0000ca82       0x34 contiki-sky.a(nbr-table.o)
 .text.nbr_set_bit
                0x0000cab6       0x58 contiki-sky.a(nbr-table.o)
 .text.index_from_lladdr
                0x0000cb0e       0x42 contiki-sky.a(nbr-table.o)
 .text.print_table
                0x0000cb50       0x94 contiki-sky.a(nbr-table.o)
 .text.handle_periodic_timer
                0x0000cbe4        0xe contiki-sky.a(nbr-table.o)
 .text.nbr_get_bit.constprop.0
                0x0000cbf2       0x30 contiki-sky.a(nbr-table.o)
 .text.remove_key
                0x0000cc22       0x60 contiki-sky.a(nbr-table.o)
 .text.nbr_table_register
                0x0000cc82       0x54 contiki-sky.a(nbr-table.o)
                0x0000cc82                nbr_table_register
 .text.nbr_table_next
                0x0000ccd6       0x3a contiki-sky.a(nbr-table.o)
                0x0000ccd6                nbr_table_next
 .text.nbr_table_head
                0x0000cd10       0x36 contiki-sky.a(nbr-table.o)
                0x0000cd10                nbr_table_head
 .text.nbr_table_add_lladdr
                0x0000cd46      0x144 contiki-sky.a(nbr-table.o)
                0x0000cd46                nbr_table_add_lladdr
 .text.nbr_table_get_from_lladdr
                0x0000ce8a       0x48 contiki-sky.a(nbr-table.o)
                0x0000ce8a                nbr_table_get_from_lladdr
 .text.nbr_table_remove
                0x0000ced2       0x32 contiki-sky.a(nbr-table.o)
                0x0000ced2                nbr_table_remove
 .text.nbr_table_lock
                0x0000cf04       0x2c contiki-sky.a(nbr-table.o)
                0x0000cf04                nbr_table_lock
 .text.nbr_table_unlock
                0x0000cf30       0x2c contiki-sky.a(nbr-table.o)
                0x0000cf30                nbr_table_unlock
 .text.nbr_table_get_lladdr
                0x0000cf5c       0x14 contiki-sky.a(nbr-table.o)
                0x0000cf5c                nbr_table_get_lladdr
 .text.packetbuf_hdrreduce
                0x0000cf70       0x1a contiki-sky.a(packetbuf.o)
                0x0000cf70                packetbuf_hdrreduce
 .text.packetbuf_set_datalen
                0x0000cf8a        0x6 contiki-sky.a(packetbuf.o)
                0x0000cf8a                packetbuf_set_datalen
 .text.packetbuf_hdrptr
                0x0000cf90        0x6 contiki-sky.a(packetbuf.o)
                0x0000cf90                packetbuf_hdrptr
 .text.packetbuf_datalen
                0x0000cf96        0x6 contiki-sky.a(packetbuf.o)
                0x0000cf96                packetbuf_datalen
 .text.packetbuf_hdrlen
                0x0000cf9c        0xa contiki-sky.a(packetbuf.o)
                0x0000cf9c                packetbuf_hdrlen
 .text.packetbuf_dataptr
                0x0000cfa6        0xc contiki-sky.a(packetbuf.o)
                0x0000cfa6                packetbuf_dataptr
 .text.packetbuf_copyto
                0x0000cfb2       0x46 contiki-sky.a(packetbuf.o)
                0x0000cfb2                packetbuf_copyto
 .text.packetbuf_totlen
                0x0000cff8        0xc contiki-sky.a(packetbuf.o)
                0x0000cff8                packetbuf_totlen
 .text.packetbuf_hdralloc
                0x0000d004       0x3a contiki-sky.a(packetbuf.o)
                0x0000d004                packetbuf_hdralloc
 .text.packetbuf_attr_clear
                0x0000d03e       0x28 contiki-sky.a(packetbuf.o)
                0x0000d03e                packetbuf_attr_clear
 .text.packetbuf_clear
                0x0000d066       0x12 contiki-sky.a(packetbuf.o)
                0x0000d066                packetbuf_clear
 .text.packetbuf_copyfrom
                0x0000d078       0x2e contiki-sky.a(packetbuf.o)
                0x0000d078                packetbuf_copyfrom
 .text.packetbuf_attr_copyto
                0x0000d0a6       0x22 contiki-sky.a(packetbuf.o)
                0x0000d0a6                packetbuf_attr_copyto
 .text.packetbuf_attr_copyfrom
                0x0000d0c8       0x24 contiki-sky.a(packetbuf.o)
                0x0000d0c8                packetbuf_attr_copyfrom
 .text.packetbuf_holds_broadcast
                0x0000d0ec        0xe contiki-sky.a(packetbuf.o)
                0x0000d0ec                packetbuf_holds_broadcast
 .text.queuebuf_init
                0x0000d0fa       0x12 contiki-sky.a(queuebuf.o)
                0x0000d0fa                queuebuf_init
 .text.queuebuf_new_from_packetbuf
                0x0000d10c       0x52 contiki-sky.a(queuebuf.o)
                0x0000d10c                queuebuf_new_from_packetbuf
 .text.queuebuf_update_attr_from_packetbuf
                0x0000d15e       0x12 contiki-sky.a(queuebuf.o)
                0x0000d15e                queuebuf_update_attr_from_packetbuf
 .text.queuebuf_free
                0x0000d170       0x2a contiki-sky.a(queuebuf.o)
                0x0000d170                queuebuf_free
 .text.queuebuf_to_packetbuf
                0x0000d19a       0x32 contiki-sky.a(queuebuf.o)
                0x0000d19a                queuebuf_to_packetbuf
 .text.queuebuf_attr
                0x0000d1cc        0xe contiki-sky.a(queuebuf.o)
                0x0000d1cc                queuebuf_attr
 .text.init     0x0000d1da        0x2 contiki-sky.a(nullsec.o)
 .text.send     0x0000d1dc        0xa contiki-sky.a(nullsec.o)
 .text.input    0x0000d1e6        0x6 contiki-sky.a(nullsec.o)
 .text.crc8_add
                0x0000d1ec       0x1c contiki-sky.a(sht11.o)
 .text.sstart   0x0000d208       0x3e contiki-sky.a(sht11.o)
 .text.swrite   0x0000d246       0x52 contiki-sky.a(sht11.o)
 .text.sread    0x0000d298       0x4e contiki-sky.a(sht11.o)
 .text.sreset   0x0000d2e6       0x2a contiki-sky.a(sht11.o)
 .text.scmd.part.0
                0x0000d310       0xb0 contiki-sky.a(sht11.o)
 .text.sht11_init
                0x0000d3c0       0x1a contiki-sky.a(sht11.o)
                0x0000d3c0                sht11_init
 .text.sht11_off
                0x0000d3da       0x14 contiki-sky.a(sht11.o)
                0x0000d3da                sht11_off
 .text.sht11_temp
                0x0000d3ee        0xa contiki-sky.a(sht11.o)
                0x0000d3ee                sht11_temp
 .text.sht11_humidity
                0x0000d3f8        0xa contiki-sky.a(sht11.o)
                0x0000d3f8                sht11_humidity
 .text.sht11_sreg
                0x0000d402       0x7a contiki-sky.a(sht11.o)
                0x0000d402                sht11_sreg
 .text.spi_init
                0x0000d47c       0x32 contiki-sky.a(spi.o)
                0x0000d47c                spi_init
 .text.stimer_set
                0x0000d4ae       0x1c contiki-sky.a(stimer.o)
                0x0000d4ae                stimer_set
 .text.stimer_expired
                0x0000d4ca       0x30 contiki-sky.a(stimer.o)
                0x0000d4ca                stimer_expired
 .text.memb_init
                0x0000d4fa       0x36 contiki-sky.a(memb.o)
                0x0000d4fa                memb_init
 .text.memb_alloc
                0x0000d530       0x3e contiki-sky.a(memb.o)
                0x0000d530                memb_alloc
 .text.memb_free
                0x0000d56e       0x3a contiki-sky.a(memb.o)
                0x0000d56e                memb_free
 .text.memb_inmemb
                0x0000d5a8       0x2e contiki-sky.a(memb.o)
                0x0000d5a8                memb_inmemb
 .text.update_nbr
                0x0000d5d6       0xea contiki-sky.a(rpl-nbr-policy.)
 .text.handle_periodic_timer
                0x0000d6c0        0xe contiki-sky.a(rpl-nbr-policy.)
 .text.find_removable_dis
                0x0000d6ce       0x14 contiki-sky.a(rpl-nbr-policy.)
                0x0000d6ce                find_removable_dis
 .text.find_removable_dio
                0x0000d6e2       0x3e contiki-sky.a(rpl-nbr-policy.)
                0x0000d6e2                find_removable_dio
 .text.find_removable_dao
                0x0000d720       0x32 contiki-sky.a(rpl-nbr-policy.)
                0x0000d720                find_removable_dao
 .text.rpl_nbr_policy_find_removable
                0x0000d752       0x30 contiki-sky.a(rpl-nbr-policy.)
                0x0000d752                rpl_nbr_policy_find_removable
 .text.frame802154_get_pan_id
                0x0000d782        0x6 contiki-sky.a(frame802154.o)
                0x0000d782                frame802154_get_pan_id
 .text.frame802154_has_panid
                0x0000d788       0xdc contiki-sky.a(frame802154.o)
                0x0000d788                frame802154_has_panid
 .text.field_len
                0x0000d864       0xb2 contiki-sky.a(frame802154.o)
 .text.frame802154_is_broadcast_addr
                0x0000d916       0x24 contiki-sky.a(frame802154.o)
                0x0000d916                frame802154_is_broadcast_addr
 .text.frame802154_hdrlen
                0x0000d93a       0x32 contiki-sky.a(frame802154.o)
                0x0000d93a                frame802154_hdrlen
 .text.frame802154_create_fcf
                0x0000d96c       0x96 contiki-sky.a(frame802154.o)
                0x0000d96c                frame802154_create_fcf
 .text.frame802154_create
                0x0000da02       0xe4 contiki-sky.a(frame802154.o)
                0x0000da02                frame802154_create
 .text.frame802154_parse_fcf
                0x0000dae6       0xbe contiki-sky.a(frame802154.o)
                0x0000dae6                frame802154_parse_fcf
 .text.frame802154_parse
                0x0000dba4      0x18c contiki-sky.a(frame802154.o)
                0x0000dba4                frame802154_parse
 .text.mac_sequence_is_duplicate
                0x0000dd30       0x6e contiki-sky.a(mac-sequence.o)
                0x0000dd30                mac_sequence_is_duplicate
 .text.mac_sequence_register_seqno
                0x0000dd9e       0x88 contiki-sky.a(mac-sequence.o)
                0x0000dd9e                mac_sequence_register_seqno
 .text.libgcc   0x0000de26       0x2c /usr/lib/gcc/msp430/4.6.3/mmpy-16/libgcc.a(_mulsi3.o)
                0x0000de26                __mulsi3
 .text.libgcc   0x0000de52       0x22 /usr/lib/gcc/msp430/4.6.3/mmpy-16/libgcc.a(_udivmod16.o)
                0x0000de52                __udivhi3
                0x0000de52                __ext_udivmod16
                0x0000de6c                __umodhi3
 .text.libgcc   0x0000de74       0x3a /usr/lib/gcc/msp430/4.6.3/mmpy-16/libgcc.a(_divmod16.o)
                0x0000de74                __ext_divmod16
                0x0000de74                __divhi3
                0x0000dea6                __modhi3
 .text.libgcc   0x0000deae       0x40 /usr/lib/gcc/msp430/4.6.3/mmpy-16/libgcc.a(_udivmod32.o)
                0x0000deae                __udivsi3
                0x0000deae                __ext_udivmod32
                0x0000dee4                __umodsi3
 .text.libgcc   0x0000deee       0x4c /usr/lib/gcc/msp430/4.6.3/mmpy-16/libgcc.a(_divmod32.o)
                0x0000deee                __ext_divmod32
                0x0000deee                __divsi3
                0x0000df30                __modsi3
 .text          0x0000df3a       0x42 /usr/lib/gcc/msp430/4.6.3/mmpy-16/libgcc.a(_fixunssfsi.o)
                0x0000df3a                __fixunssfsi
 .text          0x0000df7c      0x32e /usr/lib/gcc/msp430/4.6.3/mmpy-16/libgcc.a(_addsub_sf.o)
                0x0000e20e                __addsf3
                0x0000e25a                __subsf3
 .text          0x0000e2aa      0x224 /usr/lib/gcc/msp430/4.6.3/mmpy-16/libgcc.a(_mul_sf.o)
                0x0000e2aa                __mulsf3
 .text          0x0000e4ce       0x50 /usr/lib/gcc/msp430/4.6.3/mmpy-16/libgcc.a(_ge_sf.o)
                0x0000e4ce                __gesf2
 .text          0x0000e51e       0xa6 /usr/lib/gcc/msp430/4.6.3/mmpy-16/libgcc.a(_si_to_sf.o)
                0x0000e51e                __floatsisf
 .text          0x0000e5c4       0x90 /usr/lib/gcc/msp430/4.6.3/mmpy-16/libgcc.a(_sf_to_si.o)
                0x0000e5c4                __fixsfsi
 .text          0x0000e654       0x72 /usr/lib/gcc/msp430/4.6.3/mmpy-16/libgcc.a(_clzsi2.o)
                0x0000e654                __clzsi2
 .text          0x0000e6c6      0x1de /usr/lib/gcc/msp430/4.6.3/mmpy-16/libgcc.a(_pack_sf.o)
                0x0000e6c6                __pack_f
 .text          0x0000e8a4      0x124 /usr/lib/gcc/msp430/4.6.3/mmpy-16/libgcc.a(_unpack_sf.o)
                0x0000e8a4                __unpack_f
 .text          0x0000e9c8       0xa4 /usr/lib/gcc/msp430/4.6.3/mmpy-16/libgcc.a(_fpcmp_parts_sf.o)
                0x0000e9c8                __fpcmp_parts_f
 .text          0x0000ea6c       0x28 /usr/lib/gcc/msp430/4.6.3/../../../../msp430/lib/mmpy-16/libc.a(strncmp.o)
                0x0000ea6c                strncmp
 .text          0x0000ea94       0x20 /usr/lib/gcc/msp430/4.6.3/../../../../msp430/lib/mmpy-16/libc.a(memcmp.o)
                0x0000ea94                memcmp
 .text          0x0000eab4       0xfa /usr/lib/gcc/msp430/4.6.3/../../../../msp430/lib/mmpy-16/libc.a(memcpy.o)
                0x0000eab4                memcpy
 .text          0x0000ebae       0xfa /usr/lib/gcc/msp430/4.6.3/../../../../msp430/lib/mmpy-16/libc.a(memmove.o)
                0x0000ebae                memmove
 .text          0x0000eca8       0x6a /usr/lib/gcc/msp430/4.6.3/../../../../msp430/lib/mmpy-16/libc.a(memset.o)
                0x0000eca8                memset
 .text          0x0000ed12       0x1e /usr/lib/gcc/msp430/4.6.3/../../../../msp430/lib/mmpy-16/libc.a(printf.o)
                0x0000ed12                printf
                0x0000ed22                vprintf
 .text          0x0000ed30      0x836 /usr/lib/gcc/msp430/4.6.3/../../../../msp430/lib/mmpy-16/libc.a(vuprintf.o)
                0x0000eec8                vuprintf
 .text          0x0000f566       0x2c /usr/lib/gcc/msp430/4.6.3/../../../../msp430/lib/mmpy-16/libc.a(puts.o)
                0x0000f566                puts
 .text          0x0000f592       0x54 /usr/lib/gcc/msp430/4.6.3/../../../../msp430/lib/mmpy-16/libc.a(rand.o)
                0x0000f592                rand_r
                0x0000f5b6                rand
                0x0000f5dc                srand
 .text.libgcc   0x0000f5e6       0xf0 /usr/lib/gcc/msp430/4.6.3/mmpy-16/libgcc.a(_udivmod64.o)
                0x0000f5e6                __xabi_udivmod64
                0x0000f644                __udivdi3
                0x0000f66a                __umoddi3
                0x0000f698                __udivmoddi4
 .text.crt0     0x0000f6d6        0x2 /usr/lib/gcc/msp430/4.6.3/mmpy-16/libcrt0.a(_unexpected_.o)
                0x0000f6d6                _unexpected_
                0x0000f6d8                . = ALIGN (0x2)

.rodata         0x0000f6d8      0x63a
                0x0000f6d8                . = ALIGN (0x2)
 *(.rodata .rodata.* .gnu.linkonce.r.*)
 .rodata        0x0000f6d8       0xa4 udp-sender.co
                0x0000f762                autostart_processes
 .rodata        0x0000f77c       0xce obj_sky/collect-common.o
 .rodata        0x0000f84a      0x12e obj_sky/contiki-sky-main.o
 .rodata        0x0000f978        0xe contiki-sky.a(sht11-sensor.o)
                0x0000f97e                sht11_sensor
 .rodata        0x0000f986        0xe contiki-sky.a(light-sensor.o)
                0x0000f98c                light_sensor
 .rodata        0x0000f994       0x10 contiki-sky.a(battery-sensor.)
                0x0000f99c                battery_sensor
 .rodata        0x0000f9a4       0x10 contiki-sky.a(button-sensor.o)
                0x0000f9ac                button_sensor
 .rodata        0x0000f9b4        0x8 contiki-sky.a(sensors.o)
 .rodata        0x0000f9bc       0x70 contiki-sky.a(cc2420.o)
                0x0000f9ee                cc2420_aes_128_driver
                0x0000f9f2                cc2420_driver
 .rodata        0x0000fa2c        0xf contiki-sky.a(ctimer.o)
 .rodata        0x0000fa3b        0xc contiki-sky.a(etimer.o)
 .rodata        0x0000fa47        0xe contiki-sky.a(serial-line.o)
 *fill*         0x0000fa55        0x1 00
 .rodata        0x0000fa56       0x24 contiki-sky.a(sicslowpan.o)
                0x0000fa62                sicslowpan_driver
                0x0000fa68                llprefix
                0x0000fa6a                unc_mxconf
                0x0000fa6e                unc_ctxconf
                0x0000fa72                unc_llconf
 .rodata        0x0000fa7a        0xd contiki-sky.a(tcpip.o)
 .rodata        0x0000fa87       0x28 contiki-sky.a(uip-debug.o)
 .rodata        0x0000faaf       0x8e contiki-sky.a(rpl-mrhof.o)
 *fill*         0x0000fb3d        0x1 00
 .rodata        0x0000fb3e       0x14 contiki-sky.a(csma.o)
                0x0000fb44                csma_driver
 .rodata        0x0000fb52        0x6 contiki-sky.a(framer-802154.o)
                0x0000fb52                framer_802154
 .rodata        0x0000fb58       0x18 contiki-sky.a(nullrdc.o)
                0x0000fb60                nullrdc_driver
 .rodata        0x0000fb70        0x8 contiki-sky.a(linkaddr.o)
                0x0000fb70                linkaddr_null
 .rodata        0x0000fb78       0x78 contiki-sky.a(nbr-table.o)
 .rodata        0x0000fbf0       0x10 contiki-sky.a(nullsec.o)
                0x0000fbf8                nullsec_driver
 .rodata        0x0000fc00        0x2 contiki-sky.a(frame802154.o)
 .rodata        0x0000fc02        0x8 /usr/lib/gcc/msp430/4.6.3/mmpy-16/libgcc.a(_thenan_sf.o)
                0x0000fc02                __thenan_sf
 .rodata        0x0000fc0a      0x100 /usr/lib/gcc/msp430/4.6.3/mmpy-16/libgcc.a(_clz.o)
                0x0000fc0a                __clz_tab
 .rodata        0x0000fd0a        0x7 /usr/lib/gcc/msp430/4.6.3/../../../../msp430/lib/mmpy-16/libc.a(vuprintf.o)
                0x0000fd12                . = ALIGN (0x2)
 *fill*         0x0000fd11        0x1 00
                0x0000fd12                _etext = .

.data           0x00001100      0x114 load address 0x0000fd12
                0x00001100                . = ALIGN (0x2)
                0x00001100                PROVIDE (__data_start, .)
 *(.data .data.* .gnu.linkonce.d.*)
 .data          0x00001100        0xa udp-sender.co
                0x00001100                udp_client_process
 .data          0x0000110a        0xc obj_sky/collect-common.o
                0x0000110a                collect_common_process
 .data          0x00001116        0x4 contiki-sky.a(contiki-sky-pla)
                0x00001116                sensors
 .data          0x0000111a        0x1 contiki-sky.a(sht11-sensor.o)
 *fill*         0x0000111b        0x1 00
 .data          0x0000111c        0xa contiki-sky.a(sensors.o)
                0x0000111c                sensors_process
 .data          0x00001126        0xc contiki-sky.a(cc2420.o)
                0x00001126                cc2420_process
 .data          0x00001132        0x2 contiki-sky.a(msp430.o)
 .data          0x00001134        0xa contiki-sky.a(ctimer.o)
                0x00001134                ctimer_process
 .data          0x0000113e        0xa contiki-sky.a(etimer.o)
                0x0000113e                etimer_process
 .data          0x00001148        0xa contiki-sky.a(serial-line.o)
                0x00001148                serial_line_process
 .data          0x00001152        0xa contiki-sky.a(uip-ds6-nbr.o)
                0x00001152                ds6_neighbors
 .data          0x0000115c       0x22 contiki-sky.a(uip-ds6-route.o)
                0x0000115c                nbr_routes
 .data          0x0000117e        0xc contiki-sky.a(uip-icmp6.o)
 .data          0x0000118a        0xa contiki-sky.a(tcpip.o)
                0x0000118a                tcpip_process
 .data          0x00001194        0xa contiki-sky.a(rpl-dag.o)
                0x00001194                rpl_parents
 .data          0x0000119e       0x1a contiki-sky.a(rpl-icmp6.o)
 .data          0x000011b8       0x12 contiki-sky.a(rpl-mrhof.o)
                0x000011b8                rpl_mrhof
 .data          0x000011ca       0x18 contiki-sky.a(csma.o)
 .data          0x000011e2        0xc contiki-sky.a(link-qlty-stats)
 .data          0x000011ee        0x8 contiki-sky.a(link-stats.o)
 .data          0x000011f6        0x8 contiki-sky.a(nbr-table.o)
 .data          0x000011fe       0x10 contiki-sky.a(queuebuf.o)
 .data          0x0000120e        0x2 contiki-sky.a(frame802154.o)
 .data          0x00001210        0x4 /usr/lib/gcc/msp430/4.6.3/../../../../msp430/lib/mmpy-16/libc.a(rand.o)
                0x00001214                . = ALIGN (0x2)
                0x00001214                _edata = .
                0x0000fd12                PROVIDE (__data_load_start, LOADADDR (.data))
                0x00000114                PROVIDE (__data_size, SIZEOF (.data))

.bss            0x00001214     0x14c0 load address 0x0000fe26
                0x00001214                PROVIDE (__bss_start, .)
 *(.bss .bss.*)
 .bss           0x00001214       0x14 udp-sender.co
 .bss           0x00001228       0x1c obj_sky/collect-common.o
 .bss           0x00001244        0xc obj_sky/contiki-sky-main.o
 .bss           0x00001250       0x10 contiki-sky.a(collect-view.o)
 .bss           0x00001260        0x8 contiki-sky.a(button-sensor.o)
 .bss           0x00001268        0x2 contiki-sky.a(node-id.o)
                0x00001268                node_id
 .bss           0x0000126a        0x6 contiki-sky.a(sensors.o)
 .bss           0x00001270        0xa contiki-sky.a(cc2420.o)
 .bss           0x0000127a        0x4 contiki-sky.a(sky-sensors.o)
 .bss           0x0000127e       0x9a contiki-sky.a(uart1.o)
 .bss           0x00001318        0xa contiki-sky.a(clock.o)
 .bss           0x00001322        0x1 contiki-sky.a(leds.o)
 *fill*         0x00001323        0x1 00
 .bss           0x00001324        0x2 contiki-sky.a(watchdog.o)
 .bss           0x00001326        0x4 contiki-sky.a(ctimer.o)
 .bss           0x0000132a        0x6 contiki-sky.a(etimer.o)
 .bss           0x00001330       0x38 contiki-sky.a(process.o)
                0x00001330                process_current
                0x00001332                process_list
 .bss           0x00001368        0x2 contiki-sky.a(rtimer.o)
 .bss           0x0000136a      0x10a contiki-sky.a(serial-line.o)
 .bss           0x00001474       0x24 contiki-sky.a(sicslowpan.o)
 .bss           0x00001498        0x8 contiki-sky.a(uip6.o)
                0x00001498                uip_ext_opt_offset
                0x0000149a                uip_ext_len
                0x0000149c                uip_ext_bitmap
 .bss           0x000014a0       0x18 contiki-sky.a(uip-ds6.o)
 .bss           0x000014b8       0xb4 contiki-sky.a(uip-ds6-nbr.o)
 .bss           0x0000156c      0x1e6 contiki-sky.a(uip-ds6-route.o)
 .bss           0x00001752       0x14 contiki-sky.a(uip-icmp6.o)
 .bss           0x00001766        0xe contiki-sky.a(tcpip.o)
 .bss           0x00001774        0x2 contiki-sky.a(rpl.o)
 .bss           0x00001776       0x8c contiki-sky.a(rpl-dag.o)
 .bss           0x00001802       0x18 contiki-sky.a(rpl-timers.o)
 .bss           0x0000181a       0xc0 contiki-sky.a(csma.o)
 .bss           0x000018da        0x2 contiki-sky.a(framer-802154.o)
 .bss           0x000018dc       0x64 contiki-sky.a(link-qlty-stats)
 .bss           0x00001940       0x64 contiki-sky.a(link-stats.o)
 .bss           0x000019a4       0xac contiki-sky.a(nbr-table.o)
 .bss           0x00001a50       0x86 contiki-sky.a(packetbuf.o)
 .bss           0x00001ad6      0x5a0 contiki-sky.a(queuebuf.o)
 .bss           0x00002076       0x20 contiki-sky.a(rpl-nbr-policy.)
 .bss           0x00002096       0xe0 contiki-sky.a(mac-sequence.o)
 *(COMMON)
 COMMON         0x00002176        0x2 contiki-sky.a(contiki-sky-pla)
                0x00002176                sensors_flags
 COMMON         0x00002178        0x8 contiki-sky.a(ds2411.o)
                0x00002178                ds2411_id
 COMMON         0x00002180        0x1 contiki-sky.a(sensors.o)
                0x00002180                sensors_event
 *fill*         0x00002181        0x1 00
 COMMON         0x00002182       0x10 contiki-sky.a(cc2420.o)
                0x00002182                cc2420_last_rssi
                0x00002184                cc2420_sfd_start_time
                0x00002186                cc2420_time_of_departure
                0x00002188                cc2420_time_of_arrival
                0x0000218a                cc2420_last_correlation
                0x0000218c                cc2420_authority_level_of_sender
                0x0000218e                cc2420_sfd_counter
                0x00002190                cc2420_sfd_end_time
 COMMON         0x00002192        0x2 contiki-sky.a(msp430.o)
                0x00002192                msp430_dco_required
 COMMON         0x00002194       0x56 contiki-sky.a(energest.o)
                0x00002194                energest_total_time
                0x000021c4                energest_total_count
                0x000021c6                energest_current_mode
                0x000021d2                energest_current_time
 COMMON         0x000021ea        0x1 contiki-sky.a(process.o)
                0x000021ea                process_maxevents
 COMMON         0x000021eb        0x1 contiki-sky.a(serial-line.o)
                0x000021eb                serial_line_event_message
 COMMON         0x000021ec      0x240 contiki-sky.a(uip6.o)
                0x000021ec                uip_len
                0x000021ee                uip_sappdata
                0x000021f0                uip_lladdr
                0x000021f8                uip_aligned_buf
                0x000022e8                uip_flags
                0x000022ea                uip_next_hdr
                0x000022ec                uip_udp_conn
                0x000022ee                uip_appdata
                0x000022f0                uip_conn
                0x000022f2                uip_slen
                0x000022f4                uip_udp_conns
 COMMON         0x0000242c      0x15c contiki-sky.a(uip-ds6.o)
                0x0000242c                uip_ds6_timer_ra
                0x00002434                uip_ds6_if
                0x00002520                uip_ds6_netif_addr_list_offset
                0x00002521                uip_ds6_addr_size
                0x00002522                uip_ds6_prefix_list
                0x0000257c                uip_ds6_timer_periodic
 COMMON         0x00002588        0x1 contiki-sky.a(tcpip.o)
                0x00002588                tcpip_event
 *fill*         0x00002589        0x1 00
 COMMON         0x0000258a      0x100 contiki-sky.a(rpl-dag.o)
                0x0000258a                default_instance
                0x0000258c                instance_table
 COMMON         0x0000268a        0x8 contiki-sky.a(linkaddr.o)
                0x0000268a                linkaddr_node_addr
 COMMON         0x00002692       0x14 contiki-sky.a(link-stats.o)
                0x00002692                periodic_timer
 COMMON         0x000026a6       0x2e contiki-sky.a(packetbuf.o)
                0x000026a6                packetbuf_addrs
                0x000026b6                packetbuf_attrs
                0x000026d4                . = ALIGN (0x2)
                0x000026d4                PROVIDE (__bss_end, .)
                0x000014c0                PROVIDE (__bss_size, SIZEOF (.bss))

.noinit         0x000026d4        0x2 load address 0x0000fe26
                0x000026d4                PROVIDE (__noinit_start, .)
 *(.noinit .noinit.*)
 .noinit.crt0   0x000026d4        0x2 /usr/lib/gcc/msp430/4.6.3/mmpy-16/libcrt0.a(__watchdog_support.o)
                0x000026d4                __wdt_clear_value
                0x000026d6                . = ALIGN (0x2)
                0x000026d6                PROVIDE (__noinit_end, .)
                0x000026d6                . = ALIGN (0x2)
                0x000026d6                _end = .

.infomem        0x00001000        0x0
 *(.infomem)
                0x00001000                . = ALIGN (0x2)
 *(.infomem.*)

.infomemnobits  0x00001000        0x0
 *(.infomemnobits)
                0x00001000                . = ALIGN (0x2)
 *(.infomemnobits.*)

.infoa
 *(.infoa .infoa.*)

.infob
 *(.infob .infob.*)

.infoc
 *(.infoc .infoc.*)

.infod
 *(.infod .infod.*)

.vectors        0x0000ffe0       0x20
                0x0000ffe0                PROVIDE (__vectors_start, .)
 *(.vectors*)
 .vectors       0x0000ffe0       0x20 /usr/lib/gcc/msp430/4.6.3/mmpy-16/crt0ivtbl16.o
                0x0000ffe0                __ivtbl_16
                0x00010000                _vectors_end = .

.fartext        0x00000000        0x0
                0x00000000                . = ALIGN (0x2)
 *(.fartext)
                0x00000000                . = ALIGN (0x2)
 *(.fartext.*)
                0x00000000                _efartext = .

.profiler
 *(.profiler)

.stab           0x00000000    0x2bf14
 *(.stab)
 .stab          0x00000000     0x1878 udp-sender.co
 .stab          0x00001878      0xc78 obj_sky/collect-common.o
                               0x1080 (size before relaxing)
 .stab          0x000024f0     0x13bc obj_sky/contiki-sky-main.o
                               0x1b30 (size before relaxing)
 .stab          0x000038ac      0x9fc contiki-sky.a(collect-view.o)
                               0x12b4 (size before relaxing)
 .stab          0x000042a8      0x45c contiki-sky.a(collect-view-sk)
                                0xf78 (size before relaxing)
 .stab          0x00004704      0x264 contiki-sky.a(contiki-sky-pla)
                                0x5b8 (size before relaxing)
 .stab          0x00004968      0x420 contiki-sky.a(sht11-sensor.o)
                                0x948 (size before relaxing)
 .stab          0x00004d88      0x324 contiki-sky.a(light-sensor.o)
                                0x690 (size before relaxing)
 .stab          0x000050ac      0x318 contiki-sky.a(battery-sensor.)
                                0x684 (size before relaxing)
 .stab          0x000053c4      0x468 contiki-sky.a(button-sensor.o)
                                0x7d4 (size before relaxing)
 .stab          0x0000582c      0x624 contiki-sky.a(ds2411.o)
                                0xb40 (size before relaxing)
 .stab          0x00005e50      0xa38 contiki-sky.a(xmem.o)
                                0xf60 (size before relaxing)
 .stab          0x00006888      0x2b8 contiki-sky.a(node-id.o)
                                0x4e0 (size before relaxing)
 .stab          0x00006b40      0x63c contiki-sky.a(sensors.o)
                                0xb70 (size before relaxing)
 .stab          0x0000717c     0x28bc contiki-sky.a(cc2420.o)
                               0x2fe8 (size before relaxing)
 .stab          0x00009a38      0x768 contiki-sky.a(cc2420-arch.o)
                               0x1734 (size before relaxing)
 .stab          0x0000a1a0      0x4f8 contiki-sky.a(sky-sensors.o)
                                0x864 (size before relaxing)
 .stab          0x0000a698      0x60c contiki-sky.a(uart1.o)
                                0x960 (size before relaxing)
 .stab          0x0000aca4      0x234 contiki-sky.a(uart1-putchar.o)
                                0x588 (size before relaxing)
 .stab          0x0000aed8      0x744 contiki-sky.a(msp430.o)
                                0xa98 (size before relaxing)
 .stab          0x0000b61c      0x948 contiki-sky.a(clock.o)
                                0xc9c (size before relaxing)
 .stab          0x0000bf64      0x5dc contiki-sky.a(leds.o)
                                0x828 (size before relaxing)
 .stab          0x0000c540      0x3a8 contiki-sky.a(leds-arch.o)
                                0x6fc (size before relaxing)
 .stab          0x0000c8e8      0x3fc contiki-sky.a(watchdog.o)
                                0x750 (size before relaxing)
 .stab          0x0000cce4      0x3cc contiki-sky.a(rtimer-arch.o)
                                0x720 (size before relaxing)
 .stab          0x0000d0b0      0x294 contiki-sky.a(autostart.o)
                                0x534 (size before relaxing)
 .stab          0x0000d344      0x858 contiki-sky.a(ctimer.o)
                                0xbc4 (size before relaxing)
 .stab          0x0000db9c      0x474 contiki-sky.a(energest.o)
                                0x6fc (size before relaxing)
 .stab          0x0000e010      0xabc contiki-sky.a(etimer.o)
                                0xd8c (size before relaxing)
 .stab          0x0000eacc      0xba0 contiki-sky.a(process.o)
                               0x1038 (size before relaxing)
 .stab          0x0000f66c      0x3d8 contiki-sky.a(rtimer.o)
                                0x6c0 (size before relaxing)
 .stab          0x0000fa44      0x354 contiki-sky.a(timer.o)
                                0x594 (size before relaxing)
 .stab          0x0000fd98      0x534 contiki-sky.a(serial-line.o)
                                0xa50 (size before relaxing)
 .stab          0x000102cc      0x7f8 contiki-sky.a(list.o)
                                0x804 (size before relaxing)